-- The C compiler identification is GNU 11.4.0
-- The CXX compiler identification is GNU 11.4.0
-- Detecting C compiler ABI info
-- Detecting C compiler ABI info - done
-- Check for working C compiler: /usr/bin/cc - skipped
-- Detecting C compile features
-- Detecting C compile features - done
-- Detecting CXX compiler ABI info
-- Detecting CXX compiler ABI info - done
-- Check for working CXX compiler: /usr/bin/c++ - skipped
-- Detecting CXX compile features
-- Detecting CXX compile features - done
-- Found ament_cmake: 1.3.11 (/opt/ros/humble/share/ament_cmake/cmake)
-- Found Python3: /usr/bin/python3 (found version "3.10.12") found components: Interpreter 
-- Configuring done
-- Generating done
-- Build files have been written to: /home/sebastian/Juanma/SLAM_Puzzlebot_Orbitrons/build/puzzlebot_navigation
-- Install configuration: ""
-- Installing: /home/sebastian/Juanma/SLAM_Puzzlebot_Orbitrons/install/puzzlebot_navigation/share/puzzlebot_navigation/launch
-- Installing: /home/sebastian/Juanma/SLAM_Puzzlebot_Orbitrons/install/puzzlebot_navigation/share/puzzlebot_navigation/launch/nav2_core.launch.xml
-- Installing: /home/sebastian/Juanma/SLAM_Puzzlebot_Orbitrons/install/puzzlebot_navigation/share/puzzlebot_navigation/launch/nav2.launch.xml
-- Installing: /home/sebastian/Juanma/SLAM_Puzzlebot_Orbitrons/install/puzzlebot_navigation/share/puzzlebot_navigation/launch/slam.launch.xml
-- Installing: /home/sebastian/Juanma/SLAM_Puzzlebot_Orbitrons/install/puzzlebot_navigation/share/puzzlebot_navigation/launch/slam_core.launch.xml
[31mCMake Error at cmake_install.cmake:46 (file):
  file INSTALL cannot find
  "/home/sebastian/Juanma/SLAM_Puzzlebot_Orbitrons/puzzlebot_ws/src/puzzlebot_ros2/puzzlebot_navigation2/maps":
  No such file or directory.

[0m
