[0.046s] Invoking command in '/home/sebastian/Juanma/SLAM_Puzzlebot_Orbitrons/build/puzzlebot_navigation2': CMAKE_PREFIX_PATH=${CMAKE_PREFIX_PATH}:/home/sebastian/ros2_ws/install/tf_examples:/home/sebastian/ros2_ws/install/puzzlebot_sim:/home/sebastian/ros2_ws/install/puzzlebot_gazebo:/home/sebastian/ros2_ws/install/puzzlebot_description:/home/sebastian/ros2_ws/install/my_package:/home/sebastian/ros2_ws/install/motor_control:/home/sebastian/ros2_ws/install/mobile_robotics:/home/sebastian/ros2_ws/install/joints_act:/home/sebastian/ros2_ws/install/basic_comms:/home/sebastian/dev_ws/install/visual_cobot:/home/sebastian/dev_ws/install/xarm_msgs:/home/sebastian/dev_ws/install/ulite6_move:/home/sebastian/dev_ws/install/uf_ros_lib:/home/sebastian/ros2_ws/src/my_package/install/my_package:/home/sebastian/ros2_ws/src/install/tf_examples:/home/sebastian/ros2_ws/src/install/puzzlebot_sim:/home/sebastian/ros2_ws/src/install/puzzlebot_gazebo:/home/sebastian/ros2_ws/src/install/puzzlebot_description:/home/sebastian/ros2_ws/src/install/my_package:/home/sebastian/ros2_ws/src/install/motor_control:/home/sebastian/ros2_ws/src/install/mobile_robotics:/home/sebastian/ros2_ws/src/install/minic3:/home/sebastian/ros2_ws/src/install/joints_act:/home/sebastian/ros2_ws/src/install/basic_comms:/opt/ros/humble /usr/bin/cmake --build /home/sebastian/Juanma/SLAM_Puzzlebot_Orbitrons/build/puzzlebot_navigation2 -- -j6 -l6
[0.155s] -- Found ament_cmake: 1.3.11 (/opt/ros/humble/share/ament_cmake/cmake)
[0.679s] -- Configuring done
[0.696s] -- Generating done
[0.704s] -- Build files have been written to: /home/sebastian/Juanma/SLAM_Puzzlebot_Orbitrons/build/puzzlebot_navigation2
[0.791s] Invoked command in '/home/sebastian/Juanma/SLAM_Puzzlebot_Orbitrons/build/puzzlebot_navigation2' returned '0': CMAKE_PREFIX_PATH=${CMAKE_PREFIX_PATH}:/home/sebastian/ros2_ws/install/tf_examples:/home/sebastian/ros2_ws/install/puzzlebot_sim:/home/sebastian/ros2_ws/install/puzzlebot_gazebo:/home/sebastian/ros2_ws/install/puzzlebot_description:/home/sebastian/ros2_ws/install/my_package:/home/sebastian/ros2_ws/install/motor_control:/home/sebastian/ros2_ws/install/mobile_robotics:/home/sebastian/ros2_ws/install/joints_act:/home/sebastian/ros2_ws/install/basic_comms:/home/sebastian/dev_ws/install/visual_cobot:/home/sebastian/dev_ws/install/xarm_msgs:/home/sebastian/dev_ws/install/ulite6_move:/home/sebastian/dev_ws/install/uf_ros_lib:/home/sebastian/ros2_ws/src/my_package/install/my_package:/home/sebastian/ros2_ws/src/install/tf_examples:/home/sebastian/ros2_ws/src/install/puzzlebot_sim:/home/sebastian/ros2_ws/src/install/puzzlebot_gazebo:/home/sebastian/ros2_ws/src/install/puzzlebot_description:/home/sebastian/ros2_ws/src/install/my_package:/home/sebastian/ros2_ws/src/install/motor_control:/home/sebastian/ros2_ws/src/install/mobile_robotics:/home/sebastian/ros2_ws/src/install/minic3:/home/sebastian/ros2_ws/src/install/joints_act:/home/sebastian/ros2_ws/src/install/basic_comms:/opt/ros/humble /usr/bin/cmake --build /home/sebastian/Juanma/SLAM_Puzzlebot_Orbitrons/build/puzzlebot_navigation2 -- -j6 -l6
[0.794s] Invoking command in '/home/sebastian/Juanma/SLAM_Puzzlebot_Orbitrons/build/puzzlebot_navigation2': CMAKE_PREFIX_PATH=${CMAKE_PREFIX_PATH}:/home/sebastian/ros2_ws/install/tf_examples:/home/sebastian/ros2_ws/install/puzzlebot_sim:/home/sebastian/ros2_ws/install/puzzlebot_gazebo:/home/sebastian/ros2_ws/install/puzzlebot_description:/home/sebastian/ros2_ws/install/my_package:/home/sebastian/ros2_ws/install/motor_control:/home/sebastian/ros2_ws/install/mobile_robotics:/home/sebastian/ros2_ws/install/joints_act:/home/sebastian/ros2_ws/install/basic_comms:/home/sebastian/dev_ws/install/visual_cobot:/home/sebastian/dev_ws/install/xarm_msgs:/home/sebastian/dev_ws/install/ulite6_move:/home/sebastian/dev_ws/install/uf_ros_lib:/home/sebastian/ros2_ws/src/my_package/install/my_package:/home/sebastian/ros2_ws/src/install/tf_examples:/home/sebastian/ros2_ws/src/install/puzzlebot_sim:/home/sebastian/ros2_ws/src/install/puzzlebot_gazebo:/home/sebastian/ros2_ws/src/install/puzzlebot_description:/home/sebastian/ros2_ws/src/install/my_package:/home/sebastian/ros2_ws/src/install/motor_control:/home/sebastian/ros2_ws/src/install/mobile_robotics:/home/sebastian/ros2_ws/src/install/minic3:/home/sebastian/ros2_ws/src/install/joints_act:/home/sebastian/ros2_ws/src/install/basic_comms:/opt/ros/humble /usr/bin/cmake --install /home/sebastian/Juanma/SLAM_Puzzlebot_Orbitrons/build/puzzlebot_navigation2
[0.810s] -- Install configuration: ""
[0.811s] -- Installing: /home/sebastian/Juanma/SLAM_Puzzlebot_Orbitrons/install/puzzlebot_navigation2/share/puzzlebot_navigation2/launch
[0.812s] -- Installing: /home/sebastian/Juanma/SLAM_Puzzlebot_Orbitrons/install/puzzlebot_navigation2/share/puzzlebot_navigation2/launch/nav2_core.xml
[0.813s] -- Installing: /home/sebastian/Juanma/SLAM_Puzzlebot_Orbitrons/install/puzzlebot_navigation2/share/puzzlebot_navigation2/launch/nav2.launch.xml
[0.814s] -- Installing: /home/sebastian/Juanma/SLAM_Puzzlebot_Orbitrons/install/puzzlebot_navigation2/share/puzzlebot_navigation2/launch/slam.launch.xml
[0.815s] -- Installing: /home/sebastian/Juanma/SLAM_Puzzlebot_Orbitrons/install/puzzlebot_navigation2/share/puzzlebot_navigation2/launch/slam_core.launch.xml
[0.816s] -- Installing: /home/sebastian/Juanma/SLAM_Puzzlebot_Orbitrons/install/puzzlebot_navigation2/share/puzzlebot_navigation2/config
[0.817s] -- Installing: /home/sebastian/Juanma/SLAM_Puzzlebot_Orbitrons/install/puzzlebot_navigation2/share/puzzlebot_navigation2/config/nav2_params.yaml
[0.818s] -- Installing: /home/sebastian/Juanma/SLAM_Puzzlebot_Orbitrons/install/puzzlebot_navigation2/share/puzzlebot_navigation2/config/slam_toolbox.yaml
[0.818s] -- Installing: /home/sebastian/Juanma/SLAM_Puzzlebot_Orbitrons/install/puzzlebot_navigation2/share/puzzlebot_navigation2/maps
[0.819s] -- Installing: /home/sebastian/Juanma/SLAM_Puzzlebot_Orbitrons/install/puzzlebot_navigation2/share/puzzlebot_navigation2/maps/my_map.yaml
[0.820s] -- Installing: /home/sebastian/Juanma/SLAM_Puzzlebot_Orbitrons/install/puzzlebot_navigation2/share/puzzlebot_navigation2/maps/my_map.pgm
[0.820s] -- Installing: /home/sebastian/Juanma/SLAM_Puzzlebot_Orbitrons/install/puzzlebot_navigation2/share/puzzlebot_navigation2/rviz
[0.821s] -- Installing: /home/sebastian/Juanma/SLAM_Puzzlebot_Orbitrons/install/puzzlebot_navigation2/share/puzzlebot_navigation2/rviz/nav2.rviz
[0.822s] -- Installing: /home/sebastian/Juanma/SLAM_Puzzlebot_Orbitrons/install/puzzlebot_navigation2/share/puzzlebot_navigation2/rviz/slam.rviz
[0.823s] -- Installing: /home/sebastian/Juanma/SLAM_Puzzlebot_Orbitrons/install/puzzlebot_navigation2/share/ament_index/resource_index/package_run_dependencies/puzzlebot_navigation2
[0.824s] -- Installing: /home/sebastian/Juanma/SLAM_Puzzlebot_Orbitrons/install/puzzlebot_navigation2/share/ament_index/resource_index/parent_prefix_path/puzzlebot_navigation2
[0.825s] -- Installing: /home/sebastian/Juanma/SLAM_Puzzlebot_Orbitrons/install/puzzlebot_navigation2/share/puzzlebot_navigation2/environment/ament_prefix_path.sh
[0.825s] -- Installing: /home/sebastian/Juanma/SLAM_Puzzlebot_Orbitrons/install/puzzlebot_navigation2/share/puzzlebot_navigation2/environment/ament_prefix_path.dsv
[0.825s] -- Installing: /home/sebastian/Juanma/SLAM_Puzzlebot_Orbitrons/install/puzzlebot_navigation2/share/puzzlebot_navigation2/environment/path.sh
[0.826s] -- Installing: /home/sebastian/Juanma/SLAM_Puzzlebot_Orbitrons/install/puzzlebot_navigation2/share/puzzlebot_navigation2/environment/path.dsv
[0.827s] -- Installing: /home/sebastian/Juanma/SLAM_Puzzlebot_Orbitrons/install/puzzlebot_navigation2/share/puzzlebot_navigation2/local_setup.bash
[0.827s] -- Installing: /home/sebastian/Juanma/SLAM_Puzzlebot_Orbitrons/install/puzzlebot_navigation2/share/puzzlebot_navigation2/local_setup.sh
[0.827s] -- Installing: /home/sebastian/Juanma/SLAM_Puzzlebot_Orbitrons/install/puzzlebot_navigation2/share/puzzlebot_navigation2/local_setup.zsh
[0.827s] -- Installing: /home/sebastian/Juanma/SLAM_Puzzlebot_Orbitrons/install/puzzlebot_navigation2/share/puzzlebot_navigation2/local_setup.dsv
[0.827s] -- Installing: /home/sebastian/Juanma/SLAM_Puzzlebot_Orbitrons/install/puzzlebot_navigation2/share/puzzlebot_navigation2/package.dsv
[0.828s] -- Installing: /home/sebastian/Juanma/SLAM_Puzzlebot_Orbitrons/install/puzzlebot_navigation2/share/ament_index/resource_index/packages/puzzlebot_navigation2
[0.828s] -- Installing: /home/sebastian/Juanma/SLAM_Puzzlebot_Orbitrons/install/puzzlebot_navigation2/share/puzzlebot_navigation2/cmake/puzzlebot_navigation2Config.cmake
[0.829s] -- Installing: /home/sebastian/Juanma/SLAM_Puzzlebot_Orbitrons/install/puzzlebot_navigation2/share/puzzlebot_navigation2/cmake/puzzlebot_navigation2Config-version.cmake
[0.829s] -- Installing: /home/sebastian/Juanma/SLAM_Puzzlebot_Orbitrons/install/puzzlebot_navigation2/share/puzzlebot_navigation2/package.xml
[0.836s] Invoked command in '/home/sebastian/Juanma/SLAM_Puzzlebot_Orbitrons/build/puzzlebot_navigation2' returned '0': CMAKE_PREFIX_PATH=${CMAKE_PREFIX_PATH}:/home/sebastian/ros2_ws/install/tf_examples:/home/sebastian/ros2_ws/install/puzzlebot_sim:/home/sebastian/ros2_ws/install/puzzlebot_gazebo:/home/sebastian/ros2_ws/install/puzzlebot_description:/home/sebastian/ros2_ws/install/my_package:/home/sebastian/ros2_ws/install/motor_control:/home/sebastian/ros2_ws/install/mobile_robotics:/home/sebastian/ros2_ws/install/joints_act:/home/sebastian/ros2_ws/install/basic_comms:/home/sebastian/dev_ws/install/visual_cobot:/home/sebastian/dev_ws/install/xarm_msgs:/home/sebastian/dev_ws/install/ulite6_move:/home/sebastian/dev_ws/install/uf_ros_lib:/home/sebastian/ros2_ws/src/my_package/install/my_package:/home/sebastian/ros2_ws/src/install/tf_examples:/home/sebastian/ros2_ws/src/install/puzzlebot_sim:/home/sebastian/ros2_ws/src/install/puzzlebot_gazebo:/home/sebastian/ros2_ws/src/install/puzzlebot_description:/home/sebastian/ros2_ws/src/install/my_package:/home/sebastian/ros2_ws/src/install/motor_control:/home/sebastian/ros2_ws/src/install/mobile_robotics:/home/sebastian/ros2_ws/src/install/minic3:/home/sebastian/ros2_ws/src/install/joints_act:/home/sebastian/ros2_ws/src/install/basic_comms:/opt/ros/humble /usr/bin/cmake --install /home/sebastian/Juanma/SLAM_Puzzlebot_Orbitrons/build/puzzlebot_navigation2
