[0.056s] Invoking command in '/home/sebastian/Juanma/SLAM_Puzzlebot_Orbitrons/puzzlebot_ws/build/puzzlebot_navigation2': CMAKE_PREFIX_PATH=${CMAKE_PREFIX_PATH}:/home/sebastian/ros2_ws/install/tf_examples:/home/sebastian/ros2_ws/install/puzzlebot_sim:/home/sebastian/ros2_ws/install/puzzlebot_gazebo:/home/sebastian/ros2_ws/install/puzzlebot_description:/home/sebastian/ros2_ws/install/my_package:/home/sebastian/ros2_ws/install/motor_control:/home/sebastian/ros2_ws/install/mobile_robotics:/home/sebastian/ros2_ws/install/joints_act:/home/sebastian/ros2_ws/install/basic_comms:/home/sebastian/dev_ws/install/visual_cobot:/home/sebastian/dev_ws/install/xarm_msgs:/home/sebastian/dev_ws/install/ulite6_move:/home/sebastian/dev_ws/install/uf_ros_lib:/home/sebastian/ros2_ws/src/my_package/install/my_package:/home/sebastian/ros2_ws/src/install/tf_examples:/home/sebastian/ros2_ws/src/install/puzzlebot_sim:/home/sebastian/ros2_ws/src/install/puzzlebot_gazebo:/home/sebastian/ros2_ws/src/install/puzzlebot_description:/home/sebastian/ros2_ws/src/install/my_package:/home/sebastian/ros2_ws/src/install/motor_control:/home/sebastian/ros2_ws/src/install/mobile_robotics:/home/sebastian/ros2_ws/src/install/minic3:/home/sebastian/ros2_ws/src/install/joints_act:/home/sebastian/ros2_ws/src/install/basic_comms:/opt/ros/humble /usr/bin/cmake --build /home/sebastian/Juanma/SLAM_Puzzlebot_Orbitrons/puzzlebot_ws/build/puzzlebot_navigation2 -- -j6 -l6
[0.109s] -- Found ament_cmake: 1.3.11 (/opt/ros/humble/share/ament_cmake/cmake)
[0.554s] -- Configuring done
[0.568s] -- Generating done
[0.573s] -- Build files have been written to: /home/sebastian/Juanma/SLAM_Puzzlebot_Orbitrons/puzzlebot_ws/build/puzzlebot_navigation2
[0.657s] Invoked command in '/home/sebastian/Juanma/SLAM_Puzzlebot_Orbitrons/puzzlebot_ws/build/puzzlebot_navigation2' returned '0': CMAKE_PREFIX_PATH=${CMAKE_PREFIX_PATH}:/home/sebastian/ros2_ws/install/tf_examples:/home/sebastian/ros2_ws/install/puzzlebot_sim:/home/sebastian/ros2_ws/install/puzzlebot_gazebo:/home/sebastian/ros2_ws/install/puzzlebot_description:/home/sebastian/ros2_ws/install/my_package:/home/sebastian/ros2_ws/install/motor_control:/home/sebastian/ros2_ws/install/mobile_robotics:/home/sebastian/ros2_ws/install/joints_act:/home/sebastian/ros2_ws/install/basic_comms:/home/sebastian/dev_ws/install/visual_cobot:/home/sebastian/dev_ws/install/xarm_msgs:/home/sebastian/dev_ws/install/ulite6_move:/home/sebastian/dev_ws/install/uf_ros_lib:/home/sebastian/ros2_ws/src/my_package/install/my_package:/home/sebastian/ros2_ws/src/install/tf_examples:/home/sebastian/ros2_ws/src/install/puzzlebot_sim:/home/sebastian/ros2_ws/src/install/puzzlebot_gazebo:/home/sebastian/ros2_ws/src/install/puzzlebot_description:/home/sebastian/ros2_ws/src/install/my_package:/home/sebastian/ros2_ws/src/install/motor_control:/home/sebastian/ros2_ws/src/install/mobile_robotics:/home/sebastian/ros2_ws/src/install/minic3:/home/sebastian/ros2_ws/src/install/joints_act:/home/sebastian/ros2_ws/src/install/basic_comms:/opt/ros/humble /usr/bin/cmake --build /home/sebastian/Juanma/SLAM_Puzzlebot_Orbitrons/puzzlebot_ws/build/puzzlebot_navigation2 -- -j6 -l6
[0.660s] Invoking command in '/home/sebastian/Juanma/SLAM_Puzzlebot_Orbitrons/puzzlebot_ws/build/puzzlebot_navigation2': CMAKE_PREFIX_PATH=${CMAKE_PREFIX_PATH}:/home/sebastian/ros2_ws/install/tf_examples:/home/sebastian/ros2_ws/install/puzzlebot_sim:/home/sebastian/ros2_ws/install/puzzlebot_gazebo:/home/sebastian/ros2_ws/install/puzzlebot_description:/home/sebastian/ros2_ws/install/my_package:/home/sebastian/ros2_ws/install/motor_control:/home/sebastian/ros2_ws/install/mobile_robotics:/home/sebastian/ros2_ws/install/joints_act:/home/sebastian/ros2_ws/install/basic_comms:/home/sebastian/dev_ws/install/visual_cobot:/home/sebastian/dev_ws/install/xarm_msgs:/home/sebastian/dev_ws/install/ulite6_move:/home/sebastian/dev_ws/install/uf_ros_lib:/home/sebastian/ros2_ws/src/my_package/install/my_package:/home/sebastian/ros2_ws/src/install/tf_examples:/home/sebastian/ros2_ws/src/install/puzzlebot_sim:/home/sebastian/ros2_ws/src/install/puzzlebot_gazebo:/home/sebastian/ros2_ws/src/install/puzzlebot_description:/home/sebastian/ros2_ws/src/install/my_package:/home/sebastian/ros2_ws/src/install/motor_control:/home/sebastian/ros2_ws/src/install/mobile_robotics:/home/sebastian/ros2_ws/src/install/minic3:/home/sebastian/ros2_ws/src/install/joints_act:/home/sebastian/ros2_ws/src/install/basic_comms:/opt/ros/humble /usr/bin/cmake --install /home/sebastian/Juanma/SLAM_Puzzlebot_Orbitrons/puzzlebot_ws/build/puzzlebot_navigation2
[0.680s] -- Install configuration: ""
[0.681s] -- Installing: /home/sebastian/Juanma/SLAM_Puzzlebot_Orbitrons/puzzlebot_ws/install/puzzlebot_navigation2/share/puzzlebot_navigation2/launch
[0.682s] -- Installing: /home/sebastian/Juanma/SLAM_Puzzlebot_Orbitrons/puzzlebot_ws/install/puzzlebot_navigation2/share/puzzlebot_navigation2/launch/nav2_core.xml
[0.682s] -- Installing: /home/sebastian/Juanma/SLAM_Puzzlebot_Orbitrons/puzzlebot_ws/install/puzzlebot_navigation2/share/puzzlebot_navigation2/launch/nav2.launch.xml
[0.682s] -- Installing: /home/sebastian/Juanma/SLAM_Puzzlebot_Orbitrons/puzzlebot_ws/install/puzzlebot_navigation2/share/puzzlebot_navigation2/launch/slam.launch.xml
[0.682s] -- Installing: /home/sebastian/Juanma/SLAM_Puzzlebot_Orbitrons/puzzlebot_ws/install/puzzlebot_navigation2/share/puzzlebot_navigation2/launch/slam_core.launch.xml
[0.682s] -- Installing: /home/sebastian/Juanma/SLAM_Puzzlebot_Orbitrons/puzzlebot_ws/install/puzzlebot_navigation2/share/puzzlebot_navigation2/config
[0.683s] -- Installing: /home/sebastian/Juanma/SLAM_Puzzlebot_Orbitrons/puzzlebot_ws/install/puzzlebot_navigation2/share/puzzlebot_navigation2/config/nav2_params.yaml
[0.683s] -- Installing: /home/sebastian/Juanma/SLAM_Puzzlebot_Orbitrons/puzzlebot_ws/install/puzzlebot_navigation2/share/puzzlebot_navigation2/config/slam_toolbox.yaml
[0.684s] -- Installing: /home/sebastian/Juanma/SLAM_Puzzlebot_Orbitrons/puzzlebot_ws/install/puzzlebot_navigation2/share/puzzlebot_navigation2/maps
[0.685s] -- Installing: /home/sebastian/Juanma/SLAM_Puzzlebot_Orbitrons/puzzlebot_ws/install/puzzlebot_navigation2/share/puzzlebot_navigation2/maps/my_map.yaml
[0.686s] -- Installing: /home/sebastian/Juanma/SLAM_Puzzlebot_Orbitrons/puzzlebot_ws/install/puzzlebot_navigation2/share/puzzlebot_navigation2/maps/my_map.pgm
[0.686s] -- Installing: /home/sebastian/Juanma/SLAM_Puzzlebot_Orbitrons/puzzlebot_ws/install/puzzlebot_navigation2/share/puzzlebot_navigation2/rviz
[0.686s] -- Installing: /home/sebastian/Juanma/SLAM_Puzzlebot_Orbitrons/puzzlebot_ws/install/puzzlebot_navigation2/share/puzzlebot_navigation2/rviz/nav2.rviz
[0.686s] -- Installing: /home/sebastian/Juanma/SLAM_Puzzlebot_Orbitrons/puzzlebot_ws/install/puzzlebot_navigation2/share/puzzlebot_navigation2/rviz/slam.rviz
[0.687s] -- Up-to-date: /home/sebastian/Juanma/SLAM_Puzzlebot_Orbitrons/puzzlebot_ws/install/puzzlebot_navigation2/share/ament_index/resource_index/package_run_dependencies/puzzlebot_navigation2
[0.687s] -- Installing: /home/sebastian/Juanma/SLAM_Puzzlebot_Orbitrons/puzzlebot_ws/install/puzzlebot_navigation2/share/ament_index/resource_index/parent_prefix_path/puzzlebot_navigation2
[0.687s] -- Up-to-date: /home/sebastian/Juanma/SLAM_Puzzlebot_Orbitrons/puzzlebot_ws/install/puzzlebot_navigation2/share/puzzlebot_navigation2/environment/ament_prefix_path.sh
[0.688s] -- Installing: /home/sebastian/Juanma/SLAM_Puzzlebot_Orbitrons/puzzlebot_ws/install/puzzlebot_navigation2/share/puzzlebot_navigation2/environment/ament_prefix_path.dsv
[0.688s] -- Up-to-date: /home/sebastian/Juanma/SLAM_Puzzlebot_Orbitrons/puzzlebot_ws/install/puzzlebot_navigation2/share/puzzlebot_navigation2/environment/path.sh
[0.689s] -- Installing: /home/sebastian/Juanma/SLAM_Puzzlebot_Orbitrons/puzzlebot_ws/install/puzzlebot_navigation2/share/puzzlebot_navigation2/environment/path.dsv
[0.689s] -- Up-to-date: /home/sebastian/Juanma/SLAM_Puzzlebot_Orbitrons/puzzlebot_ws/install/puzzlebot_navigation2/share/puzzlebot_navigation2/local_setup.bash
[0.689s] -- Up-to-date: /home/sebastian/Juanma/SLAM_Puzzlebot_Orbitrons/puzzlebot_ws/install/puzzlebot_navigation2/share/puzzlebot_navigation2/local_setup.sh
[0.689s] -- Up-to-date: /home/sebastian/Juanma/SLAM_Puzzlebot_Orbitrons/puzzlebot_ws/install/puzzlebot_navigation2/share/puzzlebot_navigation2/local_setup.zsh
[0.690s] -- Installing: /home/sebastian/Juanma/SLAM_Puzzlebot_Orbitrons/puzzlebot_ws/install/puzzlebot_navigation2/share/puzzlebot_navigation2/local_setup.dsv
[0.690s] -- Installing: /home/sebastian/Juanma/SLAM_Puzzlebot_Orbitrons/puzzlebot_ws/install/puzzlebot_navigation2/share/puzzlebot_navigation2/package.dsv
[0.690s] -- Up-to-date: /home/sebastian/Juanma/SLAM_Puzzlebot_Orbitrons/puzzlebot_ws/install/puzzlebot_navigation2/share/ament_index/resource_index/packages/puzzlebot_navigation2
[0.690s] -- Up-to-date: /home/sebastian/Juanma/SLAM_Puzzlebot_Orbitrons/puzzlebot_ws/install/puzzlebot_navigation2/share/puzzlebot_navigation2/cmake/puzzlebot_navigation2Config.cmake
[0.690s] -- Up-to-date: /home/sebastian/Juanma/SLAM_Puzzlebot_Orbitrons/puzzlebot_ws/install/puzzlebot_navigation2/share/puzzlebot_navigation2/cmake/puzzlebot_navigation2Config-version.cmake
[0.690s] -- Installing: /home/sebastian/Juanma/SLAM_Puzzlebot_Orbitrons/puzzlebot_ws/install/puzzlebot_navigation2/share/puzzlebot_navigation2/package.xml
[0.705s] Invoked command in '/home/sebastian/Juanma/SLAM_Puzzlebot_Orbitrons/puzzlebot_ws/build/puzzlebot_navigation2' returned '0': CMAKE_PREFIX_PATH=${CMAKE_PREFIX_PATH}:/home/sebastian/ros2_ws/install/tf_examples:/home/sebastian/ros2_ws/install/puzzlebot_sim:/home/sebastian/ros2_ws/install/puzzlebot_gazebo:/home/sebastian/ros2_ws/install/puzzlebot_description:/home/sebastian/ros2_ws/install/my_package:/home/sebastian/ros2_ws/install/motor_control:/home/sebastian/ros2_ws/install/mobile_robotics:/home/sebastian/ros2_ws/install/joints_act:/home/sebastian/ros2_ws/install/basic_comms:/home/sebastian/dev_ws/install/visual_cobot:/home/sebastian/dev_ws/install/xarm_msgs:/home/sebastian/dev_ws/install/ulite6_move:/home/sebastian/dev_ws/install/uf_ros_lib:/home/sebastian/ros2_ws/src/my_package/install/my_package:/home/sebastian/ros2_ws/src/install/tf_examples:/home/sebastian/ros2_ws/src/install/puzzlebot_sim:/home/sebastian/ros2_ws/src/install/puzzlebot_gazebo:/home/sebastian/ros2_ws/src/install/puzzlebot_description:/home/sebastian/ros2_ws/src/install/my_package:/home/sebastian/ros2_ws/src/install/motor_control:/home/sebastian/ros2_ws/src/install/mobile_robotics:/home/sebastian/ros2_ws/src/install/minic3:/home/sebastian/ros2_ws/src/install/joints_act:/home/sebastian/ros2_ws/src/install/basic_comms:/opt/ros/humble /usr/bin/cmake --install /home/sebastian/Juanma/SLAM_Puzzlebot_Orbitrons/puzzlebot_ws/build/puzzlebot_navigation2
