[0.127s] DEBUG:colcon:Command line arguments: ['/usr/bin/colcon', 'build']
[0.128s] DEBUG:colcon:Parsed command line arguments: Namespace(log_base=None, log_level=None, verb_name='build', build_base='build', install_base='install', merge_install=False, symlink_install=False, test_result_base=None, continue_on_error=False, executor='parallel', parallel_workers=6, event_handlers=None, ignore_user_meta=False, metas=['./colcon.meta'], base_paths=['.'], packages_ignore=None, packages_ignore_regex=None, paths=None, packages_up_to=None, packages_up_to_regex=None, packages_above=None, packages_above_and_dependencies=None, packages_above_depth=None, packages_select_by_dep=None, packages_skip_by_dep=None, packages_skip_up_to=None, packages_select_build_failed=False, packages_skip_build_finished=False, packages_select_test_failures=False, packages_skip_test_passed=False, packages_select=None, packages_skip=None, packages_select_regex=None, packages_skip_regex=None, packages_start=None, packages_end=None, allow_overriding=[], cmake_args=None, cmake_target=None, cmake_target_skip_unavailable=False, cmake_clean_cache=False, cmake_clean_first=False, cmake_force_configure=False, ament_cmake_args=None, catkin_cmake_args=None, catkin_skip_building_tests=False, mixin_files=None, mixin=None, verb_parser=<colcon_mixin.mixin.mixin_argument.MixinArgumentDecorator object at 0x7ee7df28bdf0>, verb_extension=<colcon_core.verb.build.BuildVerb object at 0x7ee7df28b430>, main=<bound method BuildVerb.main of <colcon_core.verb.build.BuildVerb object at 0x7ee7df28b430>>, mixin_verb=('build',))
[0.322s] Level 1:colcon.colcon_core.package_discovery:discover_packages(colcon_meta) check parameters
[0.322s] Level 1:colcon.colcon_core.package_discovery:discover_packages(recursive) check parameters
[0.322s] Level 1:colcon.colcon_core.package_discovery:discover_packages(ignore) check parameters
[0.322s] Level 1:colcon.colcon_core.package_discovery:discover_packages(path) check parameters
[0.322s] Level 1:colcon.colcon_core.package_discovery:discover_packages(colcon_meta) discover
[0.322s] Level 1:colcon.colcon_core.package_discovery:discover_packages(recursive) discover
[0.322s] INFO:colcon.colcon_core.package_discovery:Crawling recursively for packages in '/home/sebastian/Juanma/SLAM_Puzzlebot_Orbitrons/puzzlebot_ws/src/puzzlebot_ros2'
[0.323s] Level 1:colcon.colcon_core.package_identification:_identify(.) by extensions ['ignore', 'ignore_ament_install']
[0.323s] Level 1:colcon.colcon_core.package_identification:_identify(.) by extension 'ignore'
[0.323s] Level 1:colcon.colcon_core.package_identification:_identify(.) by extension 'ignore_ament_install'
[0.323s] Level 1:colcon.colcon_core.package_identification:_identify(.) by extensions ['colcon_pkg']
[0.323s] Level 1:colcon.colcon_core.package_identification:_identify(.) by extension 'colcon_pkg'
[0.323s] Level 1:colcon.colcon_core.package_identification:_identify(.) by extensions ['colcon_meta']
[0.323s] Level 1:colcon.colcon_core.package_identification:_identify(.) by extension 'colcon_meta'
[0.323s] Level 1:colcon.colcon_core.package_identification:_identify(.) by extensions ['ros']
[0.323s] Level 1:colcon.colcon_core.package_identification:_identify(.) by extension 'ros'
[0.342s] Level 1:colcon.colcon_core.package_identification:_identify(.) by extensions ['cmake', 'python']
[0.342s] Level 1:colcon.colcon_core.package_identification:_identify(.) by extension 'cmake'
[0.342s] Level 1:colcon.colcon_core.package_identification:_identify(.) by extension 'python'
[0.342s] Level 1:colcon.colcon_core.package_identification:_identify(.) by extensions ['python_setup_py']
[0.342s] Level 1:colcon.colcon_core.package_identification:_identify(.) by extension 'python_setup_py'
[0.342s] Level 1:colcon.colcon_core.package_identification:_identify(build) by extensions ['ignore', 'ignore_ament_install']
[0.342s] Level 1:colcon.colcon_core.package_identification:_identify(build) by extension 'ignore'
[0.342s] Level 1:colcon.colcon_core.package_identification:_identify(build) ignored
[0.342s] Level 1:colcon.colcon_core.package_identification:_identify(install) by extensions ['ignore', 'ignore_ament_install']
[0.342s] Level 1:colcon.colcon_core.package_identification:_identify(install) by extension 'ignore'
[0.342s] Level 1:colcon.colcon_core.package_identification:_identify(install) ignored
[0.342s] Level 1:colcon.colcon_core.package_identification:_identify(log) by extensions ['ignore', 'ignore_ament_install']
[0.342s] Level 1:colcon.colcon_core.package_identification:_identify(log) by extension 'ignore'
[0.342s] Level 1:colcon.colcon_core.package_identification:_identify(log) ignored
[0.343s] Level 1:colcon.colcon_core.package_identification:_identify(puzzlebot_description) by extensions ['ignore', 'ignore_ament_install']
[0.343s] Level 1:colcon.colcon_core.package_identification:_identify(puzzlebot_description) by extension 'ignore'
[0.343s] Level 1:colcon.colcon_core.package_identification:_identify(puzzlebot_description) by extension 'ignore_ament_install'
[0.343s] Level 1:colcon.colcon_core.package_identification:_identify(puzzlebot_description) by extensions ['colcon_pkg']
[0.343s] Level 1:colcon.colcon_core.package_identification:_identify(puzzlebot_description) by extension 'colcon_pkg'
[0.343s] Level 1:colcon.colcon_core.package_identification:_identify(puzzlebot_description) by extensions ['colcon_meta']
[0.343s] Level 1:colcon.colcon_core.package_identification:_identify(puzzlebot_description) by extension 'colcon_meta'
[0.343s] Level 1:colcon.colcon_core.package_identification:_identify(puzzlebot_description) by extensions ['ros']
[0.343s] Level 1:colcon.colcon_core.package_identification:_identify(puzzlebot_description) by extension 'ros'
[0.345s] DEBUG:colcon.colcon_core.package_identification:Package 'puzzlebot_description' with type 'ros.ament_cmake' and name 'puzzlebot_description'
[0.345s] Level 1:colcon.colcon_core.package_identification:_identify(puzzlebot_gazebo) by extensions ['ignore', 'ignore_ament_install']
[0.345s] Level 1:colcon.colcon_core.package_identification:_identify(puzzlebot_gazebo) by extension 'ignore'
[0.345s] Level 1:colcon.colcon_core.package_identification:_identify(puzzlebot_gazebo) by extension 'ignore_ament_install'
[0.345s] Level 1:colcon.colcon_core.package_identification:_identify(puzzlebot_gazebo) by extensions ['colcon_pkg']
[0.345s] Level 1:colcon.colcon_core.package_identification:_identify(puzzlebot_gazebo) by extension 'colcon_pkg'
[0.345s] Level 1:colcon.colcon_core.package_identification:_identify(puzzlebot_gazebo) by extensions ['colcon_meta']
[0.345s] Level 1:colcon.colcon_core.package_identification:_identify(puzzlebot_gazebo) by extension 'colcon_meta'
[0.345s] Level 1:colcon.colcon_core.package_identification:_identify(puzzlebot_gazebo) by extensions ['ros']
[0.345s] Level 1:colcon.colcon_core.package_identification:_identify(puzzlebot_gazebo) by extension 'ros'
[0.345s] DEBUG:colcon.colcon_core.package_identification:Package 'puzzlebot_gazebo' with type 'ros.ament_cmake' and name 'puzzlebot_gazebo'
[0.346s] Level 1:colcon.colcon_core.package_identification:_identify(puzzlebot_navigation) by extensions ['ignore', 'ignore_ament_install']
[0.346s] Level 1:colcon.colcon_core.package_identification:_identify(puzzlebot_navigation) by extension 'ignore'
[0.346s] Level 1:colcon.colcon_core.package_identification:_identify(puzzlebot_navigation) by extension 'ignore_ament_install'
[0.346s] Level 1:colcon.colcon_core.package_identification:_identify(puzzlebot_navigation) by extensions ['colcon_pkg']
[0.346s] Level 1:colcon.colcon_core.package_identification:_identify(puzzlebot_navigation) by extension 'colcon_pkg'
[0.346s] Level 1:colcon.colcon_core.package_identification:_identify(puzzlebot_navigation) by extensions ['colcon_meta']
[0.346s] Level 1:colcon.colcon_core.package_identification:_identify(puzzlebot_navigation) by extension 'colcon_meta'
[0.346s] Level 1:colcon.colcon_core.package_identification:_identify(puzzlebot_navigation) by extensions ['ros']
[0.346s] Level 1:colcon.colcon_core.package_identification:_identify(puzzlebot_navigation) by extension 'ros'
[0.346s] DEBUG:colcon.colcon_core.package_identification:Package 'puzzlebot_navigation' with type 'ros.ament_cmake' and name 'puzzlebot_navigation'
[0.346s] Level 1:colcon.colcon_core.package_discovery:discover_packages(recursive) using defaults
[0.346s] Level 1:colcon.colcon_core.package_discovery:discover_packages(ignore) discover
[0.346s] Level 1:colcon.colcon_core.package_discovery:discover_packages(ignore) using defaults
[0.346s] Level 1:colcon.colcon_core.package_discovery:discover_packages(path) discover
[0.346s] Level 1:colcon.colcon_core.package_discovery:discover_packages(path) using defaults
[0.366s] Level 1:colcon.colcon_core.package_discovery:discover_packages(prefix_path) check parameters
[0.366s] Level 1:colcon.colcon_core.package_discovery:discover_packages(prefix_path) discover
[0.367s] WARNING:colcon.colcon_ros.prefix_path.ament:The path '/home/sebastian/Juanma/SLAM_Puzzlebot_Orbitrons/puzzlebot_ws/src/puzzlebot_ros2/install/puzzlebot_gazebo' in the environment variable AMENT_PREFIX_PATH doesn't exist
[0.367s] WARNING:colcon.colcon_ros.prefix_path.ament:The path '/home/sebastian/Juanma/SLAM_Puzzlebot_Orbitrons/puzzlebot_ws/src/puzzlebot_ros2/install/puzzlebot_description' in the environment variable AMENT_PREFIX_PATH doesn't exist
[0.368s] WARNING:colcon.colcon_ros.prefix_path.catkin:The path '/home/sebastian/Juanma/SLAM_Puzzlebot_Orbitrons/puzzlebot_ws/src/puzzlebot_ros2/install/puzzlebot_gazebo' in the environment variable CMAKE_PREFIX_PATH doesn't exist
[0.368s] WARNING:colcon.colcon_ros.prefix_path.catkin:The path '/home/sebastian/Juanma/SLAM_Puzzlebot_Orbitrons/puzzlebot_ws/src/puzzlebot_ros2/install/puzzlebot_description' in the environment variable CMAKE_PREFIX_PATH doesn't exist
[0.369s] DEBUG:colcon.colcon_installed_package_information.package_discovery:Found 0 installed packages in /home/sebastian/Juanma/SLAM_Puzzlebot_Orbitrons/puzzlebot_ws/src/puzzlebot_ros2/install
[0.369s] DEBUG:colcon.colcon_installed_package_information.package_discovery:Found 3 installed packages in /home/sebastian/Juanma/SLAM_Puzzlebot_Orbitrons/install
[0.370s] DEBUG:colcon.colcon_installed_package_information.package_discovery:Found 9 installed packages in /home/sebastian/ros2_ws/install
[0.370s] DEBUG:colcon.colcon_installed_package_information.package_discovery:Found 15 installed packages in /home/sebastian/dev_ws/install
[0.371s] DEBUG:colcon.colcon_installed_package_information.package_discovery:Found 1 installed packages in /home/sebastian/ros2_ws/src/my_package/install
[0.371s] DEBUG:colcon.colcon_installed_package_information.package_discovery:Found 10 installed packages in /home/sebastian/ros2_ws/src/install
[0.374s] DEBUG:colcon.colcon_installed_package_information.package_discovery:Found 458 installed packages in /opt/ros/humble
[0.376s] Level 1:colcon.colcon_core.package_discovery:discover_packages(prefix_path) using defaults
[0.428s] Level 5:colcon.colcon_core.verb:set package 'puzzlebot_description' build argument 'cmake_args' from command line to 'None'
[0.429s] Level 5:colcon.colcon_core.verb:set package 'puzzlebot_description' build argument 'cmake_target' from command line to 'None'
[0.429s] Level 5:colcon.colcon_core.verb:set package 'puzzlebot_description' build argument 'cmake_target_skip_unavailable' from command line to 'False'
[0.429s] Level 5:colcon.colcon_core.verb:set package 'puzzlebot_description' build argument 'cmake_clean_cache' from command line to 'False'
[0.429s] Level 5:colcon.colcon_core.verb:set package 'puzzlebot_description' build argument 'cmake_clean_first' from command line to 'False'
[0.429s] Level 5:colcon.colcon_core.verb:set package 'puzzlebot_description' build argument 'cmake_force_configure' from command line to 'False'
[0.429s] Level 5:colcon.colcon_core.verb:set package 'puzzlebot_description' build argument 'ament_cmake_args' from command line to 'None'
[0.429s] Level 5:colcon.colcon_core.verb:set package 'puzzlebot_description' build argument 'catkin_cmake_args' from command line to 'None'
[0.429s] Level 5:colcon.colcon_core.verb:set package 'puzzlebot_description' build argument 'catkin_skip_building_tests' from command line to 'False'
[0.429s] DEBUG:colcon.colcon_core.verb:Building package 'puzzlebot_description' with the following arguments: {'ament_cmake_args': None, 'build_base': '/home/sebastian/Juanma/SLAM_Puzzlebot_Orbitrons/puzzlebot_ws/src/puzzlebot_ros2/build/puzzlebot_description', 'catkin_cmake_args': None, 'catkin_skip_building_tests': False, 'cmake_args': None, 'cmake_clean_cache': False, 'cmake_clean_first': False, 'cmake_force_configure': False, 'cmake_target': None, 'cmake_target_skip_unavailable': False, 'install_base': '/home/sebastian/Juanma/SLAM_Puzzlebot_Orbitrons/puzzlebot_ws/src/puzzlebot_ros2/install/puzzlebot_description', 'merge_install': False, 'path': '/home/sebastian/Juanma/SLAM_Puzzlebot_Orbitrons/puzzlebot_ws/src/puzzlebot_ros2/puzzlebot_description', 'symlink_install': False, 'test_result_base': None}
[0.429s] Level 5:colcon.colcon_core.verb:set package 'puzzlebot_gazebo' build argument 'cmake_args' from command line to 'None'
[0.429s] Level 5:colcon.colcon_core.verb:set package 'puzzlebot_gazebo' build argument 'cmake_target' from command line to 'None'
[0.429s] Level 5:colcon.colcon_core.verb:set package 'puzzlebot_gazebo' build argument 'cmake_target_skip_unavailable' from command line to 'False'
[0.429s] Level 5:colcon.colcon_core.verb:set package 'puzzlebot_gazebo' build argument 'cmake_clean_cache' from command line to 'False'
[0.429s] Level 5:colcon.colcon_core.verb:set package 'puzzlebot_gazebo' build argument 'cmake_clean_first' from command line to 'False'
[0.429s] Level 5:colcon.colcon_core.verb:set package 'puzzlebot_gazebo' build argument 'cmake_force_configure' from command line to 'False'
[0.429s] Level 5:colcon.colcon_core.verb:set package 'puzzlebot_gazebo' build argument 'ament_cmake_args' from command line to 'None'
[0.429s] Level 5:colcon.colcon_core.verb:set package 'puzzlebot_gazebo' build argument 'catkin_cmake_args' from command line to 'None'
[0.429s] Level 5:colcon.colcon_core.verb:set package 'puzzlebot_gazebo' build argument 'catkin_skip_building_tests' from command line to 'False'
[0.429s] DEBUG:colcon.colcon_core.verb:Building package 'puzzlebot_gazebo' with the following arguments: {'ament_cmake_args': None, 'build_base': '/home/sebastian/Juanma/SLAM_Puzzlebot_Orbitrons/puzzlebot_ws/src/puzzlebot_ros2/build/puzzlebot_gazebo', 'catkin_cmake_args': None, 'catkin_skip_building_tests': False, 'cmake_args': None, 'cmake_clean_cache': False, 'cmake_clean_first': False, 'cmake_force_configure': False, 'cmake_target': None, 'cmake_target_skip_unavailable': False, 'install_base': '/home/sebastian/Juanma/SLAM_Puzzlebot_Orbitrons/puzzlebot_ws/src/puzzlebot_ros2/install/puzzlebot_gazebo', 'merge_install': False, 'path': '/home/sebastian/Juanma/SLAM_Puzzlebot_Orbitrons/puzzlebot_ws/src/puzzlebot_ros2/puzzlebot_gazebo', 'symlink_install': False, 'test_result_base': None}
[0.429s] Level 5:colcon.colcon_core.verb:set package 'puzzlebot_navigation' build argument 'cmake_args' from command line to 'None'
[0.429s] Level 5:colcon.colcon_core.verb:set package 'puzzlebot_navigation' build argument 'cmake_target' from command line to 'None'
[0.429s] Level 5:colcon.colcon_core.verb:set package 'puzzlebot_navigation' build argument 'cmake_target_skip_unavailable' from command line to 'False'
[0.430s] Level 5:colcon.colcon_core.verb:set package 'puzzlebot_navigation' build argument 'cmake_clean_cache' from command line to 'False'
[0.430s] Level 5:colcon.colcon_core.verb:set package 'puzzlebot_navigation' build argument 'cmake_clean_first' from command line to 'False'
[0.430s] Level 5:colcon.colcon_core.verb:set package 'puzzlebot_navigation' build argument 'cmake_force_configure' from command line to 'False'
[0.430s] Level 5:colcon.colcon_core.verb:set package 'puzzlebot_navigation' build argument 'ament_cmake_args' from command line to 'None'
[0.430s] Level 5:colcon.colcon_core.verb:set package 'puzzlebot_navigation' build argument 'catkin_cmake_args' from command line to 'None'
[0.430s] Level 5:colcon.colcon_core.verb:set package 'puzzlebot_navigation' build argument 'catkin_skip_building_tests' from command line to 'False'
[0.430s] DEBUG:colcon.colcon_core.verb:Building package 'puzzlebot_navigation' with the following arguments: {'ament_cmake_args': None, 'build_base': '/home/sebastian/Juanma/SLAM_Puzzlebot_Orbitrons/puzzlebot_ws/src/puzzlebot_ros2/build/puzzlebot_navigation', 'catkin_cmake_args': None, 'catkin_skip_building_tests': False, 'cmake_args': None, 'cmake_clean_cache': False, 'cmake_clean_first': False, 'cmake_force_configure': False, 'cmake_target': None, 'cmake_target_skip_unavailable': False, 'install_base': '/home/sebastian/Juanma/SLAM_Puzzlebot_Orbitrons/puzzlebot_ws/src/puzzlebot_ros2/install/puzzlebot_navigation', 'merge_install': False, 'path': '/home/sebastian/Juanma/SLAM_Puzzlebot_Orbitrons/puzzlebot_ws/src/puzzlebot_ros2/puzzlebot_navigation', 'symlink_install': False, 'test_result_base': None}
[0.430s] INFO:colcon.colcon_core.executor:Executing jobs using 'parallel' executor
[0.431s] DEBUG:colcon.colcon_parallel_executor.executor.parallel:run_until_complete
[0.431s] INFO:colcon.colcon_ros.task.ament_cmake.build:Building ROS package in '/home/sebastian/Juanma/SLAM_Puzzlebot_Orbitrons/puzzlebot_ws/src/puzzlebot_ros2/puzzlebot_description' with build type 'ament_cmake'
[0.431s] INFO:colcon.colcon_cmake.task.cmake.build:Building CMake package in '/home/sebastian/Juanma/SLAM_Puzzlebot_Orbitrons/puzzlebot_ws/src/puzzlebot_ros2/puzzlebot_description'
[0.434s] INFO:colcon.colcon_core.plugin_system:Skipping extension 'colcon_core.shell.bat': Not used on non-Windows systems
[0.434s] INFO:colcon.colcon_core.shell:Skip shell extension 'powershell' for command environment: Not usable outside of PowerShell
[0.434s] DEBUG:colcon.colcon_core.shell:Skip shell extension 'dsv' for command environment
[0.449s] DEBUG:colcon.colcon_core.event_handler.log_command:Invoking command in '/home/sebastian/Juanma/SLAM_Puzzlebot_Orbitrons/puzzlebot_ws/src/puzzlebot_ros2/build/puzzlebot_description': CMAKE_PREFIX_PATH=${CMAKE_PREFIX_PATH}:/home/sebastian/ros2_ws/install/tf_examples:/home/sebastian/ros2_ws/install/puzzlebot_sim:/home/sebastian/ros2_ws/install/puzzlebot_gazebo:/home/sebastian/ros2_ws/install/puzzlebot_description:/home/sebastian/ros2_ws/install/my_package:/home/sebastian/ros2_ws/install/motor_control:/home/sebastian/ros2_ws/install/mobile_robotics:/home/sebastian/ros2_ws/install/joints_act:/home/sebastian/ros2_ws/install/basic_comms:/home/sebastian/dev_ws/install/visual_cobot:/home/sebastian/dev_ws/install/xarm_msgs:/home/sebastian/dev_ws/install/ulite6_move:/home/sebastian/dev_ws/install/uf_ros_lib:/home/sebastian/ros2_ws/src/my_package/install/my_package:/home/sebastian/ros2_ws/src/install/tf_examples:/home/sebastian/ros2_ws/src/install/puzzlebot_sim:/home/sebastian/ros2_ws/src/install/puzzlebot_gazebo:/home/sebastian/ros2_ws/src/install/puzzlebot_description:/home/sebastian/ros2_ws/src/install/my_package:/home/sebastian/ros2_ws/src/install/motor_control:/home/sebastian/ros2_ws/src/install/mobile_robotics:/home/sebastian/ros2_ws/src/install/minic3:/home/sebastian/ros2_ws/src/install/joints_act:/home/sebastian/ros2_ws/src/install/basic_comms:/opt/ros/humble /usr/bin/cmake /home/sebastian/Juanma/SLAM_Puzzlebot_Orbitrons/puzzlebot_ws/src/puzzlebot_ros2/puzzlebot_description -DCMAKE_INSTALL_PREFIX=/home/sebastian/Juanma/SLAM_Puzzlebot_Orbitrons/puzzlebot_ws/src/puzzlebot_ros2/install/puzzlebot_description
[1.315s] DEBUG:colcon.colcon_core.event_handler.log_command:Invoked command in '/home/sebastian/Juanma/SLAM_Puzzlebot_Orbitrons/puzzlebot_ws/src/puzzlebot_ros2/build/puzzlebot_description' returned '0': CMAKE_PREFIX_PATH=${CMAKE_PREFIX_PATH}:/home/sebastian/ros2_ws/install/tf_examples:/home/sebastian/ros2_ws/install/puzzlebot_sim:/home/sebastian/ros2_ws/install/puzzlebot_gazebo:/home/sebastian/ros2_ws/install/puzzlebot_description:/home/sebastian/ros2_ws/install/my_package:/home/sebastian/ros2_ws/install/motor_control:/home/sebastian/ros2_ws/install/mobile_robotics:/home/sebastian/ros2_ws/install/joints_act:/home/sebastian/ros2_ws/install/basic_comms:/home/sebastian/dev_ws/install/visual_cobot:/home/sebastian/dev_ws/install/xarm_msgs:/home/sebastian/dev_ws/install/ulite6_move:/home/sebastian/dev_ws/install/uf_ros_lib:/home/sebastian/ros2_ws/src/my_package/install/my_package:/home/sebastian/ros2_ws/src/install/tf_examples:/home/sebastian/ros2_ws/src/install/puzzlebot_sim:/home/sebastian/ros2_ws/src/install/puzzlebot_gazebo:/home/sebastian/ros2_ws/src/install/puzzlebot_description:/home/sebastian/ros2_ws/src/install/my_package:/home/sebastian/ros2_ws/src/install/motor_control:/home/sebastian/ros2_ws/src/install/mobile_robotics:/home/sebastian/ros2_ws/src/install/minic3:/home/sebastian/ros2_ws/src/install/joints_act:/home/sebastian/ros2_ws/src/install/basic_comms:/opt/ros/humble /usr/bin/cmake /home/sebastian/Juanma/SLAM_Puzzlebot_Orbitrons/puzzlebot_ws/src/puzzlebot_ros2/puzzlebot_description -DCMAKE_INSTALL_PREFIX=/home/sebastian/Juanma/SLAM_Puzzlebot_Orbitrons/puzzlebot_ws/src/puzzlebot_ros2/install/puzzlebot_description
[1.318s] DEBUG:colcon.colcon_core.event_handler.log_command:Invoking command in '/home/sebastian/Juanma/SLAM_Puzzlebot_Orbitrons/puzzlebot_ws/src/puzzlebot_ros2/build/puzzlebot_description': CMAKE_PREFIX_PATH=${CMAKE_PREFIX_PATH}:/home/sebastian/ros2_ws/install/tf_examples:/home/sebastian/ros2_ws/install/puzzlebot_sim:/home/sebastian/ros2_ws/install/puzzlebot_gazebo:/home/sebastian/ros2_ws/install/puzzlebot_description:/home/sebastian/ros2_ws/install/my_package:/home/sebastian/ros2_ws/install/motor_control:/home/sebastian/ros2_ws/install/mobile_robotics:/home/sebastian/ros2_ws/install/joints_act:/home/sebastian/ros2_ws/install/basic_comms:/home/sebastian/dev_ws/install/visual_cobot:/home/sebastian/dev_ws/install/xarm_msgs:/home/sebastian/dev_ws/install/ulite6_move:/home/sebastian/dev_ws/install/uf_ros_lib:/home/sebastian/ros2_ws/src/my_package/install/my_package:/home/sebastian/ros2_ws/src/install/tf_examples:/home/sebastian/ros2_ws/src/install/puzzlebot_sim:/home/sebastian/ros2_ws/src/install/puzzlebot_gazebo:/home/sebastian/ros2_ws/src/install/puzzlebot_description:/home/sebastian/ros2_ws/src/install/my_package:/home/sebastian/ros2_ws/src/install/motor_control:/home/sebastian/ros2_ws/src/install/mobile_robotics:/home/sebastian/ros2_ws/src/install/minic3:/home/sebastian/ros2_ws/src/install/joints_act:/home/sebastian/ros2_ws/src/install/basic_comms:/opt/ros/humble /usr/bin/cmake --build /home/sebastian/Juanma/SLAM_Puzzlebot_Orbitrons/puzzlebot_ws/src/puzzlebot_ros2/build/puzzlebot_description -- -j6 -l6
[1.373s] DEBUG:colcon.colcon_core.event_handler.log_command:Invoked command in '/home/sebastian/Juanma/SLAM_Puzzlebot_Orbitrons/puzzlebot_ws/src/puzzlebot_ros2/build/puzzlebot_description' returned '0': CMAKE_PREFIX_PATH=${CMAKE_PREFIX_PATH}:/home/sebastian/ros2_ws/install/tf_examples:/home/sebastian/ros2_ws/install/puzzlebot_sim:/home/sebastian/ros2_ws/install/puzzlebot_gazebo:/home/sebastian/ros2_ws/install/puzzlebot_description:/home/sebastian/ros2_ws/install/my_package:/home/sebastian/ros2_ws/install/motor_control:/home/sebastian/ros2_ws/install/mobile_robotics:/home/sebastian/ros2_ws/install/joints_act:/home/sebastian/ros2_ws/install/basic_comms:/home/sebastian/dev_ws/install/visual_cobot:/home/sebastian/dev_ws/install/xarm_msgs:/home/sebastian/dev_ws/install/ulite6_move:/home/sebastian/dev_ws/install/uf_ros_lib:/home/sebastian/ros2_ws/src/my_package/install/my_package:/home/sebastian/ros2_ws/src/install/tf_examples:/home/sebastian/ros2_ws/src/install/puzzlebot_sim:/home/sebastian/ros2_ws/src/install/puzzlebot_gazebo:/home/sebastian/ros2_ws/src/install/puzzlebot_description:/home/sebastian/ros2_ws/src/install/my_package:/home/sebastian/ros2_ws/src/install/motor_control:/home/sebastian/ros2_ws/src/install/mobile_robotics:/home/sebastian/ros2_ws/src/install/minic3:/home/sebastian/ros2_ws/src/install/joints_act:/home/sebastian/ros2_ws/src/install/basic_comms:/opt/ros/humble /usr/bin/cmake --build /home/sebastian/Juanma/SLAM_Puzzlebot_Orbitrons/puzzlebot_ws/src/puzzlebot_ros2/build/puzzlebot_description -- -j6 -l6
[1.386s] DEBUG:colcon.colcon_core.event_handler.log_command:Invoking command in '/home/sebastian/Juanma/SLAM_Puzzlebot_Orbitrons/puzzlebot_ws/src/puzzlebot_ros2/build/puzzlebot_description': CMAKE_PREFIX_PATH=${CMAKE_PREFIX_PATH}:/home/sebastian/ros2_ws/install/tf_examples:/home/sebastian/ros2_ws/install/puzzlebot_sim:/home/sebastian/ros2_ws/install/puzzlebot_gazebo:/home/sebastian/ros2_ws/install/puzzlebot_description:/home/sebastian/ros2_ws/install/my_package:/home/sebastian/ros2_ws/install/motor_control:/home/sebastian/ros2_ws/install/mobile_robotics:/home/sebastian/ros2_ws/install/joints_act:/home/sebastian/ros2_ws/install/basic_comms:/home/sebastian/dev_ws/install/visual_cobot:/home/sebastian/dev_ws/install/xarm_msgs:/home/sebastian/dev_ws/install/ulite6_move:/home/sebastian/dev_ws/install/uf_ros_lib:/home/sebastian/ros2_ws/src/my_package/install/my_package:/home/sebastian/ros2_ws/src/install/tf_examples:/home/sebastian/ros2_ws/src/install/puzzlebot_sim:/home/sebastian/ros2_ws/src/install/puzzlebot_gazebo:/home/sebastian/ros2_ws/src/install/puzzlebot_description:/home/sebastian/ros2_ws/src/install/my_package:/home/sebastian/ros2_ws/src/install/motor_control:/home/sebastian/ros2_ws/src/install/mobile_robotics:/home/sebastian/ros2_ws/src/install/minic3:/home/sebastian/ros2_ws/src/install/joints_act:/home/sebastian/ros2_ws/src/install/basic_comms:/opt/ros/humble /usr/bin/cmake --install /home/sebastian/Juanma/SLAM_Puzzlebot_Orbitrons/puzzlebot_ws/src/puzzlebot_ros2/build/puzzlebot_description
[1.405s] Level 1:colcon.colcon_core.environment:create_environment_scripts_only(puzzlebot_description)
[1.406s] DEBUG:colcon.colcon_core.event_handler.log_command:Invoked command in '/home/sebastian/Juanma/SLAM_Puzzlebot_Orbitrons/puzzlebot_ws/src/puzzlebot_ros2/build/puzzlebot_description' returned '0': CMAKE_PREFIX_PATH=${CMAKE_PREFIX_PATH}:/home/sebastian/ros2_ws/install/tf_examples:/home/sebastian/ros2_ws/install/puzzlebot_sim:/home/sebastian/ros2_ws/install/puzzlebot_gazebo:/home/sebastian/ros2_ws/install/puzzlebot_description:/home/sebastian/ros2_ws/install/my_package:/home/sebastian/ros2_ws/install/motor_control:/home/sebastian/ros2_ws/install/mobile_robotics:/home/sebastian/ros2_ws/install/joints_act:/home/sebastian/ros2_ws/install/basic_comms:/home/sebastian/dev_ws/install/visual_cobot:/home/sebastian/dev_ws/install/xarm_msgs:/home/sebastian/dev_ws/install/ulite6_move:/home/sebastian/dev_ws/install/uf_ros_lib:/home/sebastian/ros2_ws/src/my_package/install/my_package:/home/sebastian/ros2_ws/src/install/tf_examples:/home/sebastian/ros2_ws/src/install/puzzlebot_sim:/home/sebastian/ros2_ws/src/install/puzzlebot_gazebo:/home/sebastian/ros2_ws/src/install/puzzlebot_description:/home/sebastian/ros2_ws/src/install/my_package:/home/sebastian/ros2_ws/src/install/motor_control:/home/sebastian/ros2_ws/src/install/mobile_robotics:/home/sebastian/ros2_ws/src/install/minic3:/home/sebastian/ros2_ws/src/install/joints_act:/home/sebastian/ros2_ws/src/install/basic_comms:/opt/ros/humble /usr/bin/cmake --install /home/sebastian/Juanma/SLAM_Puzzlebot_Orbitrons/puzzlebot_ws/src/puzzlebot_ros2/build/puzzlebot_description
[1.408s] Level 1:colcon.colcon_core.environment:checking '/home/sebastian/Juanma/SLAM_Puzzlebot_Orbitrons/puzzlebot_ws/src/puzzlebot_ros2/install/puzzlebot_description' for CMake module files
[1.408s] Level 1:colcon.colcon_core.environment:checking '/home/sebastian/Juanma/SLAM_Puzzlebot_Orbitrons/puzzlebot_ws/src/puzzlebot_ros2/install/puzzlebot_description' for CMake config files
[1.408s] Level 1:colcon.colcon_core.shell:create_environment_hook('puzzlebot_description', 'cmake_prefix_path')
[1.409s] INFO:colcon.colcon_core.shell:Creating environment hook '/home/sebastian/Juanma/SLAM_Puzzlebot_Orbitrons/puzzlebot_ws/src/puzzlebot_ros2/install/puzzlebot_description/share/puzzlebot_description/hook/cmake_prefix_path.ps1'
[1.409s] INFO:colcon.colcon_core.shell:Creating environment descriptor '/home/sebastian/Juanma/SLAM_Puzzlebot_Orbitrons/puzzlebot_ws/src/puzzlebot_ros2/install/puzzlebot_description/share/puzzlebot_description/hook/cmake_prefix_path.dsv'
[1.409s] INFO:colcon.colcon_core.shell:Creating environment hook '/home/sebastian/Juanma/SLAM_Puzzlebot_Orbitrons/puzzlebot_ws/src/puzzlebot_ros2/install/puzzlebot_description/share/puzzlebot_description/hook/cmake_prefix_path.sh'
[1.410s] Level 1:colcon.colcon_core.environment:checking '/home/sebastian/Juanma/SLAM_Puzzlebot_Orbitrons/puzzlebot_ws/src/puzzlebot_ros2/install/puzzlebot_description/bin'
[1.410s] Level 1:colcon.colcon_core.environment:checking '/home/sebastian/Juanma/SLAM_Puzzlebot_Orbitrons/puzzlebot_ws/src/puzzlebot_ros2/install/puzzlebot_description/lib/pkgconfig/puzzlebot_description.pc'
[1.410s] Level 1:colcon.colcon_core.environment:checking '/home/sebastian/Juanma/SLAM_Puzzlebot_Orbitrons/puzzlebot_ws/src/puzzlebot_ros2/install/puzzlebot_description/lib/python3.10/site-packages'
[1.411s] Level 1:colcon.colcon_core.environment:checking '/home/sebastian/Juanma/SLAM_Puzzlebot_Orbitrons/puzzlebot_ws/src/puzzlebot_ros2/install/puzzlebot_description/bin'
[1.411s] INFO:colcon.colcon_core.shell:Creating package script '/home/sebastian/Juanma/SLAM_Puzzlebot_Orbitrons/puzzlebot_ws/src/puzzlebot_ros2/install/puzzlebot_description/share/puzzlebot_description/package.ps1'
[1.411s] INFO:colcon.colcon_core.shell:Creating package descriptor '/home/sebastian/Juanma/SLAM_Puzzlebot_Orbitrons/puzzlebot_ws/src/puzzlebot_ros2/install/puzzlebot_description/share/puzzlebot_description/package.dsv'
[1.412s] INFO:colcon.colcon_core.shell:Creating package script '/home/sebastian/Juanma/SLAM_Puzzlebot_Orbitrons/puzzlebot_ws/src/puzzlebot_ros2/install/puzzlebot_description/share/puzzlebot_description/package.sh'
[1.413s] INFO:colcon.colcon_core.shell:Creating package script '/home/sebastian/Juanma/SLAM_Puzzlebot_Orbitrons/puzzlebot_ws/src/puzzlebot_ros2/install/puzzlebot_description/share/puzzlebot_description/package.bash'
[1.413s] INFO:colcon.colcon_core.shell:Creating package script '/home/sebastian/Juanma/SLAM_Puzzlebot_Orbitrons/puzzlebot_ws/src/puzzlebot_ros2/install/puzzlebot_description/share/puzzlebot_description/package.zsh'
[1.414s] Level 1:colcon.colcon_core.environment:create_file_with_runtime_dependencies(/home/sebastian/Juanma/SLAM_Puzzlebot_Orbitrons/puzzlebot_ws/src/puzzlebot_ros2/install/puzzlebot_description/share/colcon-core/packages/puzzlebot_description)
[1.414s] Level 1:colcon.colcon_core.environment:create_environment_scripts_only(puzzlebot_description)
[1.415s] Level 1:colcon.colcon_core.environment:checking '/home/sebastian/Juanma/SLAM_Puzzlebot_Orbitrons/puzzlebot_ws/src/puzzlebot_ros2/install/puzzlebot_description' for CMake module files
[1.415s] Level 1:colcon.colcon_core.environment:checking '/home/sebastian/Juanma/SLAM_Puzzlebot_Orbitrons/puzzlebot_ws/src/puzzlebot_ros2/install/puzzlebot_description' for CMake config files
[1.415s] Level 1:colcon.colcon_core.shell:create_environment_hook('puzzlebot_description', 'cmake_prefix_path')
[1.415s] INFO:colcon.colcon_core.shell:Creating environment hook '/home/sebastian/Juanma/SLAM_Puzzlebot_Orbitrons/puzzlebot_ws/src/puzzlebot_ros2/install/puzzlebot_description/share/puzzlebot_description/hook/cmake_prefix_path.ps1'
[1.416s] INFO:colcon.colcon_core.shell:Creating environment descriptor '/home/sebastian/Juanma/SLAM_Puzzlebot_Orbitrons/puzzlebot_ws/src/puzzlebot_ros2/install/puzzlebot_description/share/puzzlebot_description/hook/cmake_prefix_path.dsv'
[1.416s] INFO:colcon.colcon_core.shell:Creating environment hook '/home/sebastian/Juanma/SLAM_Puzzlebot_Orbitrons/puzzlebot_ws/src/puzzlebot_ros2/install/puzzlebot_description/share/puzzlebot_description/hook/cmake_prefix_path.sh'
[1.417s] Level 1:colcon.colcon_core.environment:checking '/home/sebastian/Juanma/SLAM_Puzzlebot_Orbitrons/puzzlebot_ws/src/puzzlebot_ros2/install/puzzlebot_description/bin'
[1.417s] Level 1:colcon.colcon_core.environment:checking '/home/sebastian/Juanma/SLAM_Puzzlebot_Orbitrons/puzzlebot_ws/src/puzzlebot_ros2/install/puzzlebot_description/lib/pkgconfig/puzzlebot_description.pc'
[1.418s] Level 1:colcon.colcon_core.environment:checking '/home/sebastian/Juanma/SLAM_Puzzlebot_Orbitrons/puzzlebot_ws/src/puzzlebot_ros2/install/puzzlebot_description/lib/python3.10/site-packages'
[1.418s] Level 1:colcon.colcon_core.environment:checking '/home/sebastian/Juanma/SLAM_Puzzlebot_Orbitrons/puzzlebot_ws/src/puzzlebot_ros2/install/puzzlebot_description/bin'
[1.418s] INFO:colcon.colcon_core.shell:Creating package script '/home/sebastian/Juanma/SLAM_Puzzlebot_Orbitrons/puzzlebot_ws/src/puzzlebot_ros2/install/puzzlebot_description/share/puzzlebot_description/package.ps1'
[1.419s] INFO:colcon.colcon_core.shell:Creating package descriptor '/home/sebastian/Juanma/SLAM_Puzzlebot_Orbitrons/puzzlebot_ws/src/puzzlebot_ros2/install/puzzlebot_description/share/puzzlebot_description/package.dsv'
[1.420s] INFO:colcon.colcon_core.shell:Creating package script '/home/sebastian/Juanma/SLAM_Puzzlebot_Orbitrons/puzzlebot_ws/src/puzzlebot_ros2/install/puzzlebot_description/share/puzzlebot_description/package.sh'
[1.420s] INFO:colcon.colcon_core.shell:Creating package script '/home/sebastian/Juanma/SLAM_Puzzlebot_Orbitrons/puzzlebot_ws/src/puzzlebot_ros2/install/puzzlebot_description/share/puzzlebot_description/package.bash'
[1.421s] INFO:colcon.colcon_core.shell:Creating package script '/home/sebastian/Juanma/SLAM_Puzzlebot_Orbitrons/puzzlebot_ws/src/puzzlebot_ros2/install/puzzlebot_description/share/puzzlebot_description/package.zsh'
[1.421s] Level 1:colcon.colcon_core.environment:create_file_with_runtime_dependencies(/home/sebastian/Juanma/SLAM_Puzzlebot_Orbitrons/puzzlebot_ws/src/puzzlebot_ros2/install/puzzlebot_description/share/colcon-core/packages/puzzlebot_description)
[1.422s] INFO:colcon.colcon_ros.task.ament_cmake.build:Building ROS package in '/home/sebastian/Juanma/SLAM_Puzzlebot_Orbitrons/puzzlebot_ws/src/puzzlebot_ros2/puzzlebot_gazebo' with build type 'ament_cmake'
[1.422s] INFO:colcon.colcon_cmake.task.cmake.build:Building CMake package in '/home/sebastian/Juanma/SLAM_Puzzlebot_Orbitrons/puzzlebot_ws/src/puzzlebot_ros2/puzzlebot_gazebo'
[1.422s] INFO:colcon.colcon_core.shell:Skip shell extension 'powershell' for command environment: Not usable outside of PowerShell
[1.422s] DEBUG:colcon.colcon_core.shell:Skip shell extension 'dsv' for command environment
[1.439s] DEBUG:colcon.colcon_core.event_handler.log_command:Invoking command in '/home/sebastian/Juanma/SLAM_Puzzlebot_Orbitrons/puzzlebot_ws/src/puzzlebot_ros2/build/puzzlebot_gazebo': CMAKE_PREFIX_PATH=/home/sebastian/Juanma/SLAM_Puzzlebot_Orbitrons/puzzlebot_ws/src/puzzlebot_ros2/install/puzzlebot_description:/home/sebastian/Juanma/SLAM_Puzzlebot_Orbitrons/puzzlebot_ws/src/puzzlebot_ros2/install/puzzlebot_gazebo:/home/sebastian/Juanma/SLAM_Puzzlebot_Orbitrons/install/puzzlebot_gazebo:/home/sebastian/Juanma/SLAM_Puzzlebot_Orbitrons/install/puzzlebot_description:/home/sebastian/dev_ws/install/xarm_planner:/home/sebastian/dev_ws/install/xarm_moveit_servo:/home/sebastian/dev_ws/install/xarm_moveit_config:/home/sebastian/dev_ws/install/xarm_gazebo:/home/sebastian/dev_ws/install/xarm_controller:/home/sebastian/dev_ws/install/d435i_xarm_setup:/home/sebastian/dev_ws/install/xarm_api:/home/sebastian/dev_ws/install/xarm_sdk:/home/sebastian/dev_ws/install/xarm_description:/home/sebastian/dev_ws/install/realsense_gazebo_plugin:/home/sebastian/dev_ws/install/mbot_demo:/home/sebastian/ros2_ws/install/tf_examples:/home/sebastian/ros2_ws/install/puzzlebot_sim:/home/sebastian/ros2_ws/install/puzzlebot_gazebo:/home/sebastian/ros2_ws/install/puzzlebot_description:/home/sebastian/ros2_ws/install/my_package:/home/sebastian/ros2_ws/install/motor_control:/home/sebastian/ros2_ws/install/mobile_robotics:/home/sebastian/ros2_ws/install/joints_act:/home/sebastian/ros2_ws/install/basic_comms:/home/sebastian/dev_ws/install/visual_cobot:/home/sebastian/dev_ws/install/xarm_msgs:/home/sebastian/dev_ws/install/ulite6_move:/home/sebastian/dev_ws/install/uf_ros_lib:/home/sebastian/ros2_ws/src/my_package/install/my_package:/home/sebastian/ros2_ws/src/install/tf_examples:/home/sebastian/ros2_ws/src/install/puzzlebot_sim:/home/sebastian/ros2_ws/src/install/puzzlebot_gazebo:/home/sebastian/ros2_ws/src/install/puzzlebot_description:/home/sebastian/ros2_ws/src/install/my_package:/home/sebastian/ros2_ws/src/install/motor_control:/home/sebastian/ros2_ws/src/install/mobile_robotics:/home/sebastian/ros2_ws/src/install/minic3:/home/sebastian/ros2_ws/src/install/joints_act:/home/sebastian/ros2_ws/src/install/basic_comms:/opt/ros/humble /usr/bin/cmake /home/sebastian/Juanma/SLAM_Puzzlebot_Orbitrons/puzzlebot_ws/src/puzzlebot_ros2/puzzlebot_gazebo -DCMAKE_INSTALL_PREFIX=/home/sebastian/Juanma/SLAM_Puzzlebot_Orbitrons/puzzlebot_ws/src/puzzlebot_ros2/install/puzzlebot_gazebo
[2.251s] DEBUG:colcon.colcon_core.event_handler.log_command:Invoked command in '/home/sebastian/Juanma/SLAM_Puzzlebot_Orbitrons/puzzlebot_ws/src/puzzlebot_ros2/build/puzzlebot_gazebo' returned '0': CMAKE_PREFIX_PATH=/home/sebastian/Juanma/SLAM_Puzzlebot_Orbitrons/puzzlebot_ws/src/puzzlebot_ros2/install/puzzlebot_description:/home/sebastian/Juanma/SLAM_Puzzlebot_Orbitrons/puzzlebot_ws/src/puzzlebot_ros2/install/puzzlebot_gazebo:/home/sebastian/Juanma/SLAM_Puzzlebot_Orbitrons/install/puzzlebot_gazebo:/home/sebastian/Juanma/SLAM_Puzzlebot_Orbitrons/install/puzzlebot_description:/home/sebastian/dev_ws/install/xarm_planner:/home/sebastian/dev_ws/install/xarm_moveit_servo:/home/sebastian/dev_ws/install/xarm_moveit_config:/home/sebastian/dev_ws/install/xarm_gazebo:/home/sebastian/dev_ws/install/xarm_controller:/home/sebastian/dev_ws/install/d435i_xarm_setup:/home/sebastian/dev_ws/install/xarm_api:/home/sebastian/dev_ws/install/xarm_sdk:/home/sebastian/dev_ws/install/xarm_description:/home/sebastian/dev_ws/install/realsense_gazebo_plugin:/home/sebastian/dev_ws/install/mbot_demo:/home/sebastian/ros2_ws/install/tf_examples:/home/sebastian/ros2_ws/install/puzzlebot_sim:/home/sebastian/ros2_ws/install/puzzlebot_gazebo:/home/sebastian/ros2_ws/install/puzzlebot_description:/home/sebastian/ros2_ws/install/my_package:/home/sebastian/ros2_ws/install/motor_control:/home/sebastian/ros2_ws/install/mobile_robotics:/home/sebastian/ros2_ws/install/joints_act:/home/sebastian/ros2_ws/install/basic_comms:/home/sebastian/dev_ws/install/visual_cobot:/home/sebastian/dev_ws/install/xarm_msgs:/home/sebastian/dev_ws/install/ulite6_move:/home/sebastian/dev_ws/install/uf_ros_lib:/home/sebastian/ros2_ws/src/my_package/install/my_package:/home/sebastian/ros2_ws/src/install/tf_examples:/home/sebastian/ros2_ws/src/install/puzzlebot_sim:/home/sebastian/ros2_ws/src/install/puzzlebot_gazebo:/home/sebastian/ros2_ws/src/install/puzzlebot_description:/home/sebastian/ros2_ws/src/install/my_package:/home/sebastian/ros2_ws/src/install/motor_control:/home/sebastian/ros2_ws/src/install/mobile_robotics:/home/sebastian/ros2_ws/src/install/minic3:/home/sebastian/ros2_ws/src/install/joints_act:/home/sebastian/ros2_ws/src/install/basic_comms:/opt/ros/humble /usr/bin/cmake /home/sebastian/Juanma/SLAM_Puzzlebot_Orbitrons/puzzlebot_ws/src/puzzlebot_ros2/puzzlebot_gazebo -DCMAKE_INSTALL_PREFIX=/home/sebastian/Juanma/SLAM_Puzzlebot_Orbitrons/puzzlebot_ws/src/puzzlebot_ros2/install/puzzlebot_gazebo
[2.252s] DEBUG:colcon.colcon_core.event_handler.log_command:Invoking command in '/home/sebastian/Juanma/SLAM_Puzzlebot_Orbitrons/puzzlebot_ws/src/puzzlebot_ros2/build/puzzlebot_gazebo': CMAKE_PREFIX_PATH=/home/sebastian/Juanma/SLAM_Puzzlebot_Orbitrons/puzzlebot_ws/src/puzzlebot_ros2/install/puzzlebot_description:/home/sebastian/Juanma/SLAM_Puzzlebot_Orbitrons/puzzlebot_ws/src/puzzlebot_ros2/install/puzzlebot_gazebo:/home/sebastian/Juanma/SLAM_Puzzlebot_Orbitrons/install/puzzlebot_gazebo:/home/sebastian/Juanma/SLAM_Puzzlebot_Orbitrons/install/puzzlebot_description:/home/sebastian/dev_ws/install/xarm_planner:/home/sebastian/dev_ws/install/xarm_moveit_servo:/home/sebastian/dev_ws/install/xarm_moveit_config:/home/sebastian/dev_ws/install/xarm_gazebo:/home/sebastian/dev_ws/install/xarm_controller:/home/sebastian/dev_ws/install/d435i_xarm_setup:/home/sebastian/dev_ws/install/xarm_api:/home/sebastian/dev_ws/install/xarm_sdk:/home/sebastian/dev_ws/install/xarm_description:/home/sebastian/dev_ws/install/realsense_gazebo_plugin:/home/sebastian/dev_ws/install/mbot_demo:/home/sebastian/ros2_ws/install/tf_examples:/home/sebastian/ros2_ws/install/puzzlebot_sim:/home/sebastian/ros2_ws/install/puzzlebot_gazebo:/home/sebastian/ros2_ws/install/puzzlebot_description:/home/sebastian/ros2_ws/install/my_package:/home/sebastian/ros2_ws/install/motor_control:/home/sebastian/ros2_ws/install/mobile_robotics:/home/sebastian/ros2_ws/install/joints_act:/home/sebastian/ros2_ws/install/basic_comms:/home/sebastian/dev_ws/install/visual_cobot:/home/sebastian/dev_ws/install/xarm_msgs:/home/sebastian/dev_ws/install/ulite6_move:/home/sebastian/dev_ws/install/uf_ros_lib:/home/sebastian/ros2_ws/src/my_package/install/my_package:/home/sebastian/ros2_ws/src/install/tf_examples:/home/sebastian/ros2_ws/src/install/puzzlebot_sim:/home/sebastian/ros2_ws/src/install/puzzlebot_gazebo:/home/sebastian/ros2_ws/src/install/puzzlebot_description:/home/sebastian/ros2_ws/src/install/my_package:/home/sebastian/ros2_ws/src/install/motor_control:/home/sebastian/ros2_ws/src/install/mobile_robotics:/home/sebastian/ros2_ws/src/install/minic3:/home/sebastian/ros2_ws/src/install/joints_act:/home/sebastian/ros2_ws/src/install/basic_comms:/opt/ros/humble /usr/bin/cmake --build /home/sebastian/Juanma/SLAM_Puzzlebot_Orbitrons/puzzlebot_ws/src/puzzlebot_ros2/build/puzzlebot_gazebo -- -j6 -l6
[2.305s] DEBUG:colcon.colcon_core.event_handler.log_command:Invoked command in '/home/sebastian/Juanma/SLAM_Puzzlebot_Orbitrons/puzzlebot_ws/src/puzzlebot_ros2/build/puzzlebot_gazebo' returned '0': CMAKE_PREFIX_PATH=/home/sebastian/Juanma/SLAM_Puzzlebot_Orbitrons/puzzlebot_ws/src/puzzlebot_ros2/install/puzzlebot_description:/home/sebastian/Juanma/SLAM_Puzzlebot_Orbitrons/puzzlebot_ws/src/puzzlebot_ros2/install/puzzlebot_gazebo:/home/sebastian/Juanma/SLAM_Puzzlebot_Orbitrons/install/puzzlebot_gazebo:/home/sebastian/Juanma/SLAM_Puzzlebot_Orbitrons/install/puzzlebot_description:/home/sebastian/dev_ws/install/xarm_planner:/home/sebastian/dev_ws/install/xarm_moveit_servo:/home/sebastian/dev_ws/install/xarm_moveit_config:/home/sebastian/dev_ws/install/xarm_gazebo:/home/sebastian/dev_ws/install/xarm_controller:/home/sebastian/dev_ws/install/d435i_xarm_setup:/home/sebastian/dev_ws/install/xarm_api:/home/sebastian/dev_ws/install/xarm_sdk:/home/sebastian/dev_ws/install/xarm_description:/home/sebastian/dev_ws/install/realsense_gazebo_plugin:/home/sebastian/dev_ws/install/mbot_demo:/home/sebastian/ros2_ws/install/tf_examples:/home/sebastian/ros2_ws/install/puzzlebot_sim:/home/sebastian/ros2_ws/install/puzzlebot_gazebo:/home/sebastian/ros2_ws/install/puzzlebot_description:/home/sebastian/ros2_ws/install/my_package:/home/sebastian/ros2_ws/install/motor_control:/home/sebastian/ros2_ws/install/mobile_robotics:/home/sebastian/ros2_ws/install/joints_act:/home/sebastian/ros2_ws/install/basic_comms:/home/sebastian/dev_ws/install/visual_cobot:/home/sebastian/dev_ws/install/xarm_msgs:/home/sebastian/dev_ws/install/ulite6_move:/home/sebastian/dev_ws/install/uf_ros_lib:/home/sebastian/ros2_ws/src/my_package/install/my_package:/home/sebastian/ros2_ws/src/install/tf_examples:/home/sebastian/ros2_ws/src/install/puzzlebot_sim:/home/sebastian/ros2_ws/src/install/puzzlebot_gazebo:/home/sebastian/ros2_ws/src/install/puzzlebot_description:/home/sebastian/ros2_ws/src/install/my_package:/home/sebastian/ros2_ws/src/install/motor_control:/home/sebastian/ros2_ws/src/install/mobile_robotics:/home/sebastian/ros2_ws/src/install/minic3:/home/sebastian/ros2_ws/src/install/joints_act:/home/sebastian/ros2_ws/src/install/basic_comms:/opt/ros/humble /usr/bin/cmake --build /home/sebastian/Juanma/SLAM_Puzzlebot_Orbitrons/puzzlebot_ws/src/puzzlebot_ros2/build/puzzlebot_gazebo -- -j6 -l6
[2.308s] DEBUG:colcon.colcon_core.event_handler.log_command:Invoking command in '/home/sebastian/Juanma/SLAM_Puzzlebot_Orbitrons/puzzlebot_ws/src/puzzlebot_ros2/build/puzzlebot_gazebo': CMAKE_PREFIX_PATH=/home/sebastian/Juanma/SLAM_Puzzlebot_Orbitrons/puzzlebot_ws/src/puzzlebot_ros2/install/puzzlebot_description:/home/sebastian/Juanma/SLAM_Puzzlebot_Orbitrons/puzzlebot_ws/src/puzzlebot_ros2/install/puzzlebot_gazebo:/home/sebastian/Juanma/SLAM_Puzzlebot_Orbitrons/install/puzzlebot_gazebo:/home/sebastian/Juanma/SLAM_Puzzlebot_Orbitrons/install/puzzlebot_description:/home/sebastian/dev_ws/install/xarm_planner:/home/sebastian/dev_ws/install/xarm_moveit_servo:/home/sebastian/dev_ws/install/xarm_moveit_config:/home/sebastian/dev_ws/install/xarm_gazebo:/home/sebastian/dev_ws/install/xarm_controller:/home/sebastian/dev_ws/install/d435i_xarm_setup:/home/sebastian/dev_ws/install/xarm_api:/home/sebastian/dev_ws/install/xarm_sdk:/home/sebastian/dev_ws/install/xarm_description:/home/sebastian/dev_ws/install/realsense_gazebo_plugin:/home/sebastian/dev_ws/install/mbot_demo:/home/sebastian/ros2_ws/install/tf_examples:/home/sebastian/ros2_ws/install/puzzlebot_sim:/home/sebastian/ros2_ws/install/puzzlebot_gazebo:/home/sebastian/ros2_ws/install/puzzlebot_description:/home/sebastian/ros2_ws/install/my_package:/home/sebastian/ros2_ws/install/motor_control:/home/sebastian/ros2_ws/install/mobile_robotics:/home/sebastian/ros2_ws/install/joints_act:/home/sebastian/ros2_ws/install/basic_comms:/home/sebastian/dev_ws/install/visual_cobot:/home/sebastian/dev_ws/install/xarm_msgs:/home/sebastian/dev_ws/install/ulite6_move:/home/sebastian/dev_ws/install/uf_ros_lib:/home/sebastian/ros2_ws/src/my_package/install/my_package:/home/sebastian/ros2_ws/src/install/tf_examples:/home/sebastian/ros2_ws/src/install/puzzlebot_sim:/home/sebastian/ros2_ws/src/install/puzzlebot_gazebo:/home/sebastian/ros2_ws/src/install/puzzlebot_description:/home/sebastian/ros2_ws/src/install/my_package:/home/sebastian/ros2_ws/src/install/motor_control:/home/sebastian/ros2_ws/src/install/mobile_robotics:/home/sebastian/ros2_ws/src/install/minic3:/home/sebastian/ros2_ws/src/install/joints_act:/home/sebastian/ros2_ws/src/install/basic_comms:/opt/ros/humble /usr/bin/cmake --install /home/sebastian/Juanma/SLAM_Puzzlebot_Orbitrons/puzzlebot_ws/src/puzzlebot_ros2/build/puzzlebot_gazebo
[2.324s] Level 1:colcon.colcon_core.environment:create_environment_scripts_only(puzzlebot_gazebo)
[2.325s] Level 1:colcon.colcon_core.environment:checking '/home/sebastian/Juanma/SLAM_Puzzlebot_Orbitrons/puzzlebot_ws/src/puzzlebot_ros2/install/puzzlebot_gazebo' for CMake module files
[2.325s] DEBUG:colcon.colcon_core.event_handler.log_command:Invoked command in '/home/sebastian/Juanma/SLAM_Puzzlebot_Orbitrons/puzzlebot_ws/src/puzzlebot_ros2/build/puzzlebot_gazebo' returned '0': CMAKE_PREFIX_PATH=/home/sebastian/Juanma/SLAM_Puzzlebot_Orbitrons/puzzlebot_ws/src/puzzlebot_ros2/install/puzzlebot_description:/home/sebastian/Juanma/SLAM_Puzzlebot_Orbitrons/puzzlebot_ws/src/puzzlebot_ros2/install/puzzlebot_gazebo:/home/sebastian/Juanma/SLAM_Puzzlebot_Orbitrons/install/puzzlebot_gazebo:/home/sebastian/Juanma/SLAM_Puzzlebot_Orbitrons/install/puzzlebot_description:/home/sebastian/dev_ws/install/xarm_planner:/home/sebastian/dev_ws/install/xarm_moveit_servo:/home/sebastian/dev_ws/install/xarm_moveit_config:/home/sebastian/dev_ws/install/xarm_gazebo:/home/sebastian/dev_ws/install/xarm_controller:/home/sebastian/dev_ws/install/d435i_xarm_setup:/home/sebastian/dev_ws/install/xarm_api:/home/sebastian/dev_ws/install/xarm_sdk:/home/sebastian/dev_ws/install/xarm_description:/home/sebastian/dev_ws/install/realsense_gazebo_plugin:/home/sebastian/dev_ws/install/mbot_demo:/home/sebastian/ros2_ws/install/tf_examples:/home/sebastian/ros2_ws/install/puzzlebot_sim:/home/sebastian/ros2_ws/install/puzzlebot_gazebo:/home/sebastian/ros2_ws/install/puzzlebot_description:/home/sebastian/ros2_ws/install/my_package:/home/sebastian/ros2_ws/install/motor_control:/home/sebastian/ros2_ws/install/mobile_robotics:/home/sebastian/ros2_ws/install/joints_act:/home/sebastian/ros2_ws/install/basic_comms:/home/sebastian/dev_ws/install/visual_cobot:/home/sebastian/dev_ws/install/xarm_msgs:/home/sebastian/dev_ws/install/ulite6_move:/home/sebastian/dev_ws/install/uf_ros_lib:/home/sebastian/ros2_ws/src/my_package/install/my_package:/home/sebastian/ros2_ws/src/install/tf_examples:/home/sebastian/ros2_ws/src/install/puzzlebot_sim:/home/sebastian/ros2_ws/src/install/puzzlebot_gazebo:/home/sebastian/ros2_ws/src/install/puzzlebot_description:/home/sebastian/ros2_ws/src/install/my_package:/home/sebastian/ros2_ws/src/install/motor_control:/home/sebastian/ros2_ws/src/install/mobile_robotics:/home/sebastian/ros2_ws/src/install/minic3:/home/sebastian/ros2_ws/src/install/joints_act:/home/sebastian/ros2_ws/src/install/basic_comms:/opt/ros/humble /usr/bin/cmake --install /home/sebastian/Juanma/SLAM_Puzzlebot_Orbitrons/puzzlebot_ws/src/puzzlebot_ros2/build/puzzlebot_gazebo
[2.326s] Level 1:colcon.colcon_core.environment:checking '/home/sebastian/Juanma/SLAM_Puzzlebot_Orbitrons/puzzlebot_ws/src/puzzlebot_ros2/install/puzzlebot_gazebo' for CMake config files
[2.326s] Level 1:colcon.colcon_core.shell:create_environment_hook('puzzlebot_gazebo', 'cmake_prefix_path')
[2.326s] INFO:colcon.colcon_core.shell:Creating environment hook '/home/sebastian/Juanma/SLAM_Puzzlebot_Orbitrons/puzzlebot_ws/src/puzzlebot_ros2/install/puzzlebot_gazebo/share/puzzlebot_gazebo/hook/cmake_prefix_path.ps1'
[2.326s] INFO:colcon.colcon_core.shell:Creating environment descriptor '/home/sebastian/Juanma/SLAM_Puzzlebot_Orbitrons/puzzlebot_ws/src/puzzlebot_ros2/install/puzzlebot_gazebo/share/puzzlebot_gazebo/hook/cmake_prefix_path.dsv'
[2.327s] INFO:colcon.colcon_core.shell:Creating environment hook '/home/sebastian/Juanma/SLAM_Puzzlebot_Orbitrons/puzzlebot_ws/src/puzzlebot_ros2/install/puzzlebot_gazebo/share/puzzlebot_gazebo/hook/cmake_prefix_path.sh'
[2.327s] Level 1:colcon.colcon_core.environment:checking '/home/sebastian/Juanma/SLAM_Puzzlebot_Orbitrons/puzzlebot_ws/src/puzzlebot_ros2/install/puzzlebot_gazebo/bin'
[2.327s] Level 1:colcon.colcon_core.environment:checking '/home/sebastian/Juanma/SLAM_Puzzlebot_Orbitrons/puzzlebot_ws/src/puzzlebot_ros2/install/puzzlebot_gazebo/lib/pkgconfig/puzzlebot_gazebo.pc'
[2.327s] Level 1:colcon.colcon_core.environment:checking '/home/sebastian/Juanma/SLAM_Puzzlebot_Orbitrons/puzzlebot_ws/src/puzzlebot_ros2/install/puzzlebot_gazebo/lib/python3.10/site-packages'
[2.327s] Level 1:colcon.colcon_core.environment:checking '/home/sebastian/Juanma/SLAM_Puzzlebot_Orbitrons/puzzlebot_ws/src/puzzlebot_ros2/install/puzzlebot_gazebo/bin'
[2.328s] INFO:colcon.colcon_core.shell:Creating package script '/home/sebastian/Juanma/SLAM_Puzzlebot_Orbitrons/puzzlebot_ws/src/puzzlebot_ros2/install/puzzlebot_gazebo/share/puzzlebot_gazebo/package.ps1'
[2.328s] INFO:colcon.colcon_core.shell:Creating package descriptor '/home/sebastian/Juanma/SLAM_Puzzlebot_Orbitrons/puzzlebot_ws/src/puzzlebot_ros2/install/puzzlebot_gazebo/share/puzzlebot_gazebo/package.dsv'
[2.328s] INFO:colcon.colcon_core.shell:Creating package script '/home/sebastian/Juanma/SLAM_Puzzlebot_Orbitrons/puzzlebot_ws/src/puzzlebot_ros2/install/puzzlebot_gazebo/share/puzzlebot_gazebo/package.sh'
[2.329s] INFO:colcon.colcon_core.shell:Creating package script '/home/sebastian/Juanma/SLAM_Puzzlebot_Orbitrons/puzzlebot_ws/src/puzzlebot_ros2/install/puzzlebot_gazebo/share/puzzlebot_gazebo/package.bash'
[2.329s] INFO:colcon.colcon_core.shell:Creating package script '/home/sebastian/Juanma/SLAM_Puzzlebot_Orbitrons/puzzlebot_ws/src/puzzlebot_ros2/install/puzzlebot_gazebo/share/puzzlebot_gazebo/package.zsh'
[2.329s] Level 1:colcon.colcon_core.environment:create_file_with_runtime_dependencies(/home/sebastian/Juanma/SLAM_Puzzlebot_Orbitrons/puzzlebot_ws/src/puzzlebot_ros2/install/puzzlebot_gazebo/share/colcon-core/packages/puzzlebot_gazebo)
[2.330s] Level 1:colcon.colcon_core.environment:create_environment_scripts_only(puzzlebot_gazebo)
[2.330s] Level 1:colcon.colcon_core.environment:checking '/home/sebastian/Juanma/SLAM_Puzzlebot_Orbitrons/puzzlebot_ws/src/puzzlebot_ros2/install/puzzlebot_gazebo' for CMake module files
[2.331s] Level 1:colcon.colcon_core.environment:checking '/home/sebastian/Juanma/SLAM_Puzzlebot_Orbitrons/puzzlebot_ws/src/puzzlebot_ros2/install/puzzlebot_gazebo' for CMake config files
[2.331s] Level 1:colcon.colcon_core.shell:create_environment_hook('puzzlebot_gazebo', 'cmake_prefix_path')
[2.331s] INFO:colcon.colcon_core.shell:Creating environment hook '/home/sebastian/Juanma/SLAM_Puzzlebot_Orbitrons/puzzlebot_ws/src/puzzlebot_ros2/install/puzzlebot_gazebo/share/puzzlebot_gazebo/hook/cmake_prefix_path.ps1'
[2.332s] INFO:colcon.colcon_core.shell:Creating environment descriptor '/home/sebastian/Juanma/SLAM_Puzzlebot_Orbitrons/puzzlebot_ws/src/puzzlebot_ros2/install/puzzlebot_gazebo/share/puzzlebot_gazebo/hook/cmake_prefix_path.dsv'
[2.332s] INFO:colcon.colcon_core.shell:Creating environment hook '/home/sebastian/Juanma/SLAM_Puzzlebot_Orbitrons/puzzlebot_ws/src/puzzlebot_ros2/install/puzzlebot_gazebo/share/puzzlebot_gazebo/hook/cmake_prefix_path.sh'
[2.333s] Level 1:colcon.colcon_core.environment:checking '/home/sebastian/Juanma/SLAM_Puzzlebot_Orbitrons/puzzlebot_ws/src/puzzlebot_ros2/install/puzzlebot_gazebo/bin'
[2.333s] Level 1:colcon.colcon_core.environment:checking '/home/sebastian/Juanma/SLAM_Puzzlebot_Orbitrons/puzzlebot_ws/src/puzzlebot_ros2/install/puzzlebot_gazebo/lib/pkgconfig/puzzlebot_gazebo.pc'
[2.333s] Level 1:colcon.colcon_core.environment:checking '/home/sebastian/Juanma/SLAM_Puzzlebot_Orbitrons/puzzlebot_ws/src/puzzlebot_ros2/install/puzzlebot_gazebo/lib/python3.10/site-packages'
[2.333s] Level 1:colcon.colcon_core.environment:checking '/home/sebastian/Juanma/SLAM_Puzzlebot_Orbitrons/puzzlebot_ws/src/puzzlebot_ros2/install/puzzlebot_gazebo/bin'
[2.333s] INFO:colcon.colcon_core.shell:Creating package script '/home/sebastian/Juanma/SLAM_Puzzlebot_Orbitrons/puzzlebot_ws/src/puzzlebot_ros2/install/puzzlebot_gazebo/share/puzzlebot_gazebo/package.ps1'
[2.334s] INFO:colcon.colcon_core.shell:Creating package descriptor '/home/sebastian/Juanma/SLAM_Puzzlebot_Orbitrons/puzzlebot_ws/src/puzzlebot_ros2/install/puzzlebot_gazebo/share/puzzlebot_gazebo/package.dsv'
[2.334s] INFO:colcon.colcon_core.shell:Creating package script '/home/sebastian/Juanma/SLAM_Puzzlebot_Orbitrons/puzzlebot_ws/src/puzzlebot_ros2/install/puzzlebot_gazebo/share/puzzlebot_gazebo/package.sh'
[2.335s] INFO:colcon.colcon_core.shell:Creating package script '/home/sebastian/Juanma/SLAM_Puzzlebot_Orbitrons/puzzlebot_ws/src/puzzlebot_ros2/install/puzzlebot_gazebo/share/puzzlebot_gazebo/package.bash'
[2.335s] INFO:colcon.colcon_core.shell:Creating package script '/home/sebastian/Juanma/SLAM_Puzzlebot_Orbitrons/puzzlebot_ws/src/puzzlebot_ros2/install/puzzlebot_gazebo/share/puzzlebot_gazebo/package.zsh'
[2.336s] Level 1:colcon.colcon_core.environment:create_file_with_runtime_dependencies(/home/sebastian/Juanma/SLAM_Puzzlebot_Orbitrons/puzzlebot_ws/src/puzzlebot_ros2/install/puzzlebot_gazebo/share/colcon-core/packages/puzzlebot_gazebo)
[2.336s] INFO:colcon.colcon_ros.task.ament_cmake.build:Building ROS package in '/home/sebastian/Juanma/SLAM_Puzzlebot_Orbitrons/puzzlebot_ws/src/puzzlebot_ros2/puzzlebot_navigation' with build type 'ament_cmake'
[2.336s] INFO:colcon.colcon_cmake.task.cmake.build:Building CMake package in '/home/sebastian/Juanma/SLAM_Puzzlebot_Orbitrons/puzzlebot_ws/src/puzzlebot_ros2/puzzlebot_navigation'
[2.336s] INFO:colcon.colcon_core.shell:Skip shell extension 'powershell' for command environment: Not usable outside of PowerShell
[2.336s] DEBUG:colcon.colcon_core.shell:Skip shell extension 'dsv' for command environment
[2.354s] DEBUG:colcon.colcon_core.event_handler.log_command:Invoking command in '/home/sebastian/Juanma/SLAM_Puzzlebot_Orbitrons/puzzlebot_ws/src/puzzlebot_ros2/build/puzzlebot_navigation': CMAKE_PREFIX_PATH=${CMAKE_PREFIX_PATH}:/home/sebastian/ros2_ws/install/tf_examples:/home/sebastian/ros2_ws/install/puzzlebot_sim:/home/sebastian/ros2_ws/install/puzzlebot_gazebo:/home/sebastian/ros2_ws/install/puzzlebot_description:/home/sebastian/ros2_ws/install/my_package:/home/sebastian/ros2_ws/install/motor_control:/home/sebastian/ros2_ws/install/mobile_robotics:/home/sebastian/ros2_ws/install/joints_act:/home/sebastian/ros2_ws/install/basic_comms:/home/sebastian/dev_ws/install/visual_cobot:/home/sebastian/dev_ws/install/xarm_msgs:/home/sebastian/dev_ws/install/ulite6_move:/home/sebastian/dev_ws/install/uf_ros_lib:/home/sebastian/ros2_ws/src/my_package/install/my_package:/home/sebastian/ros2_ws/src/install/tf_examples:/home/sebastian/ros2_ws/src/install/puzzlebot_sim:/home/sebastian/ros2_ws/src/install/puzzlebot_gazebo:/home/sebastian/ros2_ws/src/install/puzzlebot_description:/home/sebastian/ros2_ws/src/install/my_package:/home/sebastian/ros2_ws/src/install/motor_control:/home/sebastian/ros2_ws/src/install/mobile_robotics:/home/sebastian/ros2_ws/src/install/minic3:/home/sebastian/ros2_ws/src/install/joints_act:/home/sebastian/ros2_ws/src/install/basic_comms:/opt/ros/humble /usr/bin/cmake /home/sebastian/Juanma/SLAM_Puzzlebot_Orbitrons/puzzlebot_ws/src/puzzlebot_ros2/puzzlebot_navigation -DCMAKE_INSTALL_PREFIX=/home/sebastian/Juanma/SLAM_Puzzlebot_Orbitrons/puzzlebot_ws/src/puzzlebot_ros2/install/puzzlebot_navigation
[3.086s] DEBUG:colcon.colcon_core.event_handler.log_command:Invoked command in '/home/sebastian/Juanma/SLAM_Puzzlebot_Orbitrons/puzzlebot_ws/src/puzzlebot_ros2/build/puzzlebot_navigation' returned '0': CMAKE_PREFIX_PATH=${CMAKE_PREFIX_PATH}:/home/sebastian/ros2_ws/install/tf_examples:/home/sebastian/ros2_ws/install/puzzlebot_sim:/home/sebastian/ros2_ws/install/puzzlebot_gazebo:/home/sebastian/ros2_ws/install/puzzlebot_description:/home/sebastian/ros2_ws/install/my_package:/home/sebastian/ros2_ws/install/motor_control:/home/sebastian/ros2_ws/install/mobile_robotics:/home/sebastian/ros2_ws/install/joints_act:/home/sebastian/ros2_ws/install/basic_comms:/home/sebastian/dev_ws/install/visual_cobot:/home/sebastian/dev_ws/install/xarm_msgs:/home/sebastian/dev_ws/install/ulite6_move:/home/sebastian/dev_ws/install/uf_ros_lib:/home/sebastian/ros2_ws/src/my_package/install/my_package:/home/sebastian/ros2_ws/src/install/tf_examples:/home/sebastian/ros2_ws/src/install/puzzlebot_sim:/home/sebastian/ros2_ws/src/install/puzzlebot_gazebo:/home/sebastian/ros2_ws/src/install/puzzlebot_description:/home/sebastian/ros2_ws/src/install/my_package:/home/sebastian/ros2_ws/src/install/motor_control:/home/sebastian/ros2_ws/src/install/mobile_robotics:/home/sebastian/ros2_ws/src/install/minic3:/home/sebastian/ros2_ws/src/install/joints_act:/home/sebastian/ros2_ws/src/install/basic_comms:/opt/ros/humble /usr/bin/cmake /home/sebastian/Juanma/SLAM_Puzzlebot_Orbitrons/puzzlebot_ws/src/puzzlebot_ros2/puzzlebot_navigation -DCMAKE_INSTALL_PREFIX=/home/sebastian/Juanma/SLAM_Puzzlebot_Orbitrons/puzzlebot_ws/src/puzzlebot_ros2/install/puzzlebot_navigation
[3.088s] DEBUG:colcon.colcon_core.event_handler.log_command:Invoking command in '/home/sebastian/Juanma/SLAM_Puzzlebot_Orbitrons/puzzlebot_ws/src/puzzlebot_ros2/build/puzzlebot_navigation': CMAKE_PREFIX_PATH=${CMAKE_PREFIX_PATH}:/home/sebastian/ros2_ws/install/tf_examples:/home/sebastian/ros2_ws/install/puzzlebot_sim:/home/sebastian/ros2_ws/install/puzzlebot_gazebo:/home/sebastian/ros2_ws/install/puzzlebot_description:/home/sebastian/ros2_ws/install/my_package:/home/sebastian/ros2_ws/install/motor_control:/home/sebastian/ros2_ws/install/mobile_robotics:/home/sebastian/ros2_ws/install/joints_act:/home/sebastian/ros2_ws/install/basic_comms:/home/sebastian/dev_ws/install/visual_cobot:/home/sebastian/dev_ws/install/xarm_msgs:/home/sebastian/dev_ws/install/ulite6_move:/home/sebastian/dev_ws/install/uf_ros_lib:/home/sebastian/ros2_ws/src/my_package/install/my_package:/home/sebastian/ros2_ws/src/install/tf_examples:/home/sebastian/ros2_ws/src/install/puzzlebot_sim:/home/sebastian/ros2_ws/src/install/puzzlebot_gazebo:/home/sebastian/ros2_ws/src/install/puzzlebot_description:/home/sebastian/ros2_ws/src/install/my_package:/home/sebastian/ros2_ws/src/install/motor_control:/home/sebastian/ros2_ws/src/install/mobile_robotics:/home/sebastian/ros2_ws/src/install/minic3:/home/sebastian/ros2_ws/src/install/joints_act:/home/sebastian/ros2_ws/src/install/basic_comms:/opt/ros/humble /usr/bin/cmake --build /home/sebastian/Juanma/SLAM_Puzzlebot_Orbitrons/puzzlebot_ws/src/puzzlebot_ros2/build/puzzlebot_navigation -- -j6 -l6
[3.139s] DEBUG:colcon.colcon_core.event_handler.log_command:Invoked command in '/home/sebastian/Juanma/SLAM_Puzzlebot_Orbitrons/puzzlebot_ws/src/puzzlebot_ros2/build/puzzlebot_navigation' returned '0': CMAKE_PREFIX_PATH=${CMAKE_PREFIX_PATH}:/home/sebastian/ros2_ws/install/tf_examples:/home/sebastian/ros2_ws/install/puzzlebot_sim:/home/sebastian/ros2_ws/install/puzzlebot_gazebo:/home/sebastian/ros2_ws/install/puzzlebot_description:/home/sebastian/ros2_ws/install/my_package:/home/sebastian/ros2_ws/install/motor_control:/home/sebastian/ros2_ws/install/mobile_robotics:/home/sebastian/ros2_ws/install/joints_act:/home/sebastian/ros2_ws/install/basic_comms:/home/sebastian/dev_ws/install/visual_cobot:/home/sebastian/dev_ws/install/xarm_msgs:/home/sebastian/dev_ws/install/ulite6_move:/home/sebastian/dev_ws/install/uf_ros_lib:/home/sebastian/ros2_ws/src/my_package/install/my_package:/home/sebastian/ros2_ws/src/install/tf_examples:/home/sebastian/ros2_ws/src/install/puzzlebot_sim:/home/sebastian/ros2_ws/src/install/puzzlebot_gazebo:/home/sebastian/ros2_ws/src/install/puzzlebot_description:/home/sebastian/ros2_ws/src/install/my_package:/home/sebastian/ros2_ws/src/install/motor_control:/home/sebastian/ros2_ws/src/install/mobile_robotics:/home/sebastian/ros2_ws/src/install/minic3:/home/sebastian/ros2_ws/src/install/joints_act:/home/sebastian/ros2_ws/src/install/basic_comms:/opt/ros/humble /usr/bin/cmake --build /home/sebastian/Juanma/SLAM_Puzzlebot_Orbitrons/puzzlebot_ws/src/puzzlebot_ros2/build/puzzlebot_navigation -- -j6 -l6
[3.142s] DEBUG:colcon.colcon_core.event_handler.log_command:Invoking command in '/home/sebastian/Juanma/SLAM_Puzzlebot_Orbitrons/puzzlebot_ws/src/puzzlebot_ros2/build/puzzlebot_navigation': CMAKE_PREFIX_PATH=${CMAKE_PREFIX_PATH}:/home/sebastian/ros2_ws/install/tf_examples:/home/sebastian/ros2_ws/install/puzzlebot_sim:/home/sebastian/ros2_ws/install/puzzlebot_gazebo:/home/sebastian/ros2_ws/install/puzzlebot_description:/home/sebastian/ros2_ws/install/my_package:/home/sebastian/ros2_ws/install/motor_control:/home/sebastian/ros2_ws/install/mobile_robotics:/home/sebastian/ros2_ws/install/joints_act:/home/sebastian/ros2_ws/install/basic_comms:/home/sebastian/dev_ws/install/visual_cobot:/home/sebastian/dev_ws/install/xarm_msgs:/home/sebastian/dev_ws/install/ulite6_move:/home/sebastian/dev_ws/install/uf_ros_lib:/home/sebastian/ros2_ws/src/my_package/install/my_package:/home/sebastian/ros2_ws/src/install/tf_examples:/home/sebastian/ros2_ws/src/install/puzzlebot_sim:/home/sebastian/ros2_ws/src/install/puzzlebot_gazebo:/home/sebastian/ros2_ws/src/install/puzzlebot_description:/home/sebastian/ros2_ws/src/install/my_package:/home/sebastian/ros2_ws/src/install/motor_control:/home/sebastian/ros2_ws/src/install/mobile_robotics:/home/sebastian/ros2_ws/src/install/minic3:/home/sebastian/ros2_ws/src/install/joints_act:/home/sebastian/ros2_ws/src/install/basic_comms:/opt/ros/humble /usr/bin/cmake --install /home/sebastian/Juanma/SLAM_Puzzlebot_Orbitrons/puzzlebot_ws/src/puzzlebot_ros2/build/puzzlebot_navigation
[3.155s] Level 1:colcon.colcon_core.environment:create_environment_scripts_only(puzzlebot_navigation)
[3.155s] Level 1:colcon.colcon_core.environment:checking '/home/sebastian/Juanma/SLAM_Puzzlebot_Orbitrons/puzzlebot_ws/src/puzzlebot_ros2/install/puzzlebot_navigation' for CMake module files
[3.156s] DEBUG:colcon.colcon_core.event_handler.log_command:Invoked command in '/home/sebastian/Juanma/SLAM_Puzzlebot_Orbitrons/puzzlebot_ws/src/puzzlebot_ros2/build/puzzlebot_navigation' returned '0': CMAKE_PREFIX_PATH=${CMAKE_PREFIX_PATH}:/home/sebastian/ros2_ws/install/tf_examples:/home/sebastian/ros2_ws/install/puzzlebot_sim:/home/sebastian/ros2_ws/install/puzzlebot_gazebo:/home/sebastian/ros2_ws/install/puzzlebot_description:/home/sebastian/ros2_ws/install/my_package:/home/sebastian/ros2_ws/install/motor_control:/home/sebastian/ros2_ws/install/mobile_robotics:/home/sebastian/ros2_ws/install/joints_act:/home/sebastian/ros2_ws/install/basic_comms:/home/sebastian/dev_ws/install/visual_cobot:/home/sebastian/dev_ws/install/xarm_msgs:/home/sebastian/dev_ws/install/ulite6_move:/home/sebastian/dev_ws/install/uf_ros_lib:/home/sebastian/ros2_ws/src/my_package/install/my_package:/home/sebastian/ros2_ws/src/install/tf_examples:/home/sebastian/ros2_ws/src/install/puzzlebot_sim:/home/sebastian/ros2_ws/src/install/puzzlebot_gazebo:/home/sebastian/ros2_ws/src/install/puzzlebot_description:/home/sebastian/ros2_ws/src/install/my_package:/home/sebastian/ros2_ws/src/install/motor_control:/home/sebastian/ros2_ws/src/install/mobile_robotics:/home/sebastian/ros2_ws/src/install/minic3:/home/sebastian/ros2_ws/src/install/joints_act:/home/sebastian/ros2_ws/src/install/basic_comms:/opt/ros/humble /usr/bin/cmake --install /home/sebastian/Juanma/SLAM_Puzzlebot_Orbitrons/puzzlebot_ws/src/puzzlebot_ros2/build/puzzlebot_navigation
[3.156s] Level 1:colcon.colcon_core.environment:checking '/home/sebastian/Juanma/SLAM_Puzzlebot_Orbitrons/puzzlebot_ws/src/puzzlebot_ros2/install/puzzlebot_navigation' for CMake config files
[3.156s] Level 1:colcon.colcon_core.environment:checking '/home/sebastian/Juanma/SLAM_Puzzlebot_Orbitrons/puzzlebot_ws/src/puzzlebot_ros2/install/puzzlebot_navigation/bin'
[3.156s] Level 1:colcon.colcon_core.environment:checking '/home/sebastian/Juanma/SLAM_Puzzlebot_Orbitrons/puzzlebot_ws/src/puzzlebot_ros2/install/puzzlebot_navigation/lib/pkgconfig/puzzlebot_navigation.pc'
[3.156s] Level 1:colcon.colcon_core.environment:checking '/home/sebastian/Juanma/SLAM_Puzzlebot_Orbitrons/puzzlebot_ws/src/puzzlebot_ros2/install/puzzlebot_navigation/lib/python3.10/site-packages'
[3.157s] Level 1:colcon.colcon_core.environment:checking '/home/sebastian/Juanma/SLAM_Puzzlebot_Orbitrons/puzzlebot_ws/src/puzzlebot_ros2/install/puzzlebot_navigation/bin'
[3.157s] INFO:colcon.colcon_core.shell:Creating package script '/home/sebastian/Juanma/SLAM_Puzzlebot_Orbitrons/puzzlebot_ws/src/puzzlebot_ros2/install/puzzlebot_navigation/share/puzzlebot_navigation/package.ps1'
[3.157s] INFO:colcon.colcon_core.shell:Creating package descriptor '/home/sebastian/Juanma/SLAM_Puzzlebot_Orbitrons/puzzlebot_ws/src/puzzlebot_ros2/install/puzzlebot_navigation/share/puzzlebot_navigation/package.dsv'
[3.157s] INFO:colcon.colcon_core.shell:Creating package script '/home/sebastian/Juanma/SLAM_Puzzlebot_Orbitrons/puzzlebot_ws/src/puzzlebot_ros2/install/puzzlebot_navigation/share/puzzlebot_navigation/package.sh'
[3.158s] INFO:colcon.colcon_core.shell:Creating package script '/home/sebastian/Juanma/SLAM_Puzzlebot_Orbitrons/puzzlebot_ws/src/puzzlebot_ros2/install/puzzlebot_navigation/share/puzzlebot_navigation/package.bash'
[3.158s] INFO:colcon.colcon_core.shell:Creating package script '/home/sebastian/Juanma/SLAM_Puzzlebot_Orbitrons/puzzlebot_ws/src/puzzlebot_ros2/install/puzzlebot_navigation/share/puzzlebot_navigation/package.zsh'
[3.158s] Level 1:colcon.colcon_core.environment:create_file_with_runtime_dependencies(/home/sebastian/Juanma/SLAM_Puzzlebot_Orbitrons/puzzlebot_ws/src/puzzlebot_ros2/install/puzzlebot_navigation/share/colcon-core/packages/puzzlebot_navigation)
[3.159s] Level 1:colcon.colcon_core.environment:create_environment_scripts_only(puzzlebot_navigation)
[3.159s] Level 1:colcon.colcon_core.environment:checking '/home/sebastian/Juanma/SLAM_Puzzlebot_Orbitrons/puzzlebot_ws/src/puzzlebot_ros2/install/puzzlebot_navigation' for CMake module files
[3.159s] Level 1:colcon.colcon_core.environment:checking '/home/sebastian/Juanma/SLAM_Puzzlebot_Orbitrons/puzzlebot_ws/src/puzzlebot_ros2/install/puzzlebot_navigation' for CMake config files
[3.159s] Level 1:colcon.colcon_core.environment:checking '/home/sebastian/Juanma/SLAM_Puzzlebot_Orbitrons/puzzlebot_ws/src/puzzlebot_ros2/install/puzzlebot_navigation/bin'
[3.159s] Level 1:colcon.colcon_core.environment:checking '/home/sebastian/Juanma/SLAM_Puzzlebot_Orbitrons/puzzlebot_ws/src/puzzlebot_ros2/install/puzzlebot_navigation/lib/pkgconfig/puzzlebot_navigation.pc'
[3.160s] Level 1:colcon.colcon_core.environment:checking '/home/sebastian/Juanma/SLAM_Puzzlebot_Orbitrons/puzzlebot_ws/src/puzzlebot_ros2/install/puzzlebot_navigation/lib/python3.10/site-packages'
[3.160s] Level 1:colcon.colcon_core.environment:checking '/home/sebastian/Juanma/SLAM_Puzzlebot_Orbitrons/puzzlebot_ws/src/puzzlebot_ros2/install/puzzlebot_navigation/bin'
[3.160s] INFO:colcon.colcon_core.shell:Creating package script '/home/sebastian/Juanma/SLAM_Puzzlebot_Orbitrons/puzzlebot_ws/src/puzzlebot_ros2/install/puzzlebot_navigation/share/puzzlebot_navigation/package.ps1'
[3.160s] INFO:colcon.colcon_core.shell:Creating package descriptor '/home/sebastian/Juanma/SLAM_Puzzlebot_Orbitrons/puzzlebot_ws/src/puzzlebot_ros2/install/puzzlebot_navigation/share/puzzlebot_navigation/package.dsv'
[3.161s] INFO:colcon.colcon_core.shell:Creating package script '/home/sebastian/Juanma/SLAM_Puzzlebot_Orbitrons/puzzlebot_ws/src/puzzlebot_ros2/install/puzzlebot_navigation/share/puzzlebot_navigation/package.sh'
[3.161s] INFO:colcon.colcon_core.shell:Creating package script '/home/sebastian/Juanma/SLAM_Puzzlebot_Orbitrons/puzzlebot_ws/src/puzzlebot_ros2/install/puzzlebot_navigation/share/puzzlebot_navigation/package.bash'
[3.161s] INFO:colcon.colcon_core.shell:Creating package script '/home/sebastian/Juanma/SLAM_Puzzlebot_Orbitrons/puzzlebot_ws/src/puzzlebot_ros2/install/puzzlebot_navigation/share/puzzlebot_navigation/package.zsh'
[3.162s] Level 1:colcon.colcon_core.environment:create_file_with_runtime_dependencies(/home/sebastian/Juanma/SLAM_Puzzlebot_Orbitrons/puzzlebot_ws/src/puzzlebot_ros2/install/puzzlebot_navigation/share/colcon-core/packages/puzzlebot_navigation)
[3.162s] DEBUG:colcon.colcon_parallel_executor.executor.parallel:closing loop
[3.162s] DEBUG:colcon.colcon_parallel_executor.executor.parallel:loop closed
[3.162s] DEBUG:colcon.colcon_parallel_executor.executor.parallel:run_until_complete finished with '0'
[3.163s] DEBUG:colcon.colcon_core.event_reactor:joining thread
[3.169s] INFO:colcon.colcon_core.plugin_system:Skipping extension 'colcon_notification.desktop_notification.terminal_notifier': Not used on non-Darwin systems
[3.169s] INFO:colcon.colcon_core.plugin_system:Skipping extension 'colcon_notification.desktop_notification.win32': Not used on non-Windows systems
[3.169s] INFO:colcon.colcon_notification.desktop_notification:Sending desktop notification using 'notify2'
[3.183s] DEBUG:colcon.colcon_core.event_reactor:joined thread
[3.183s] INFO:colcon.colcon_core.shell:Creating prefix script '/home/sebastian/Juanma/SLAM_Puzzlebot_Orbitrons/puzzlebot_ws/src/puzzlebot_ros2/install/local_setup.ps1'
[3.184s] INFO:colcon.colcon_core.shell:Creating prefix util module '/home/sebastian/Juanma/SLAM_Puzzlebot_Orbitrons/puzzlebot_ws/src/puzzlebot_ros2/install/_local_setup_util_ps1.py'
[3.185s] INFO:colcon.colcon_core.shell:Creating prefix chain script '/home/sebastian/Juanma/SLAM_Puzzlebot_Orbitrons/puzzlebot_ws/src/puzzlebot_ros2/install/setup.ps1'
[3.188s] INFO:colcon.colcon_core.shell:Creating prefix script '/home/sebastian/Juanma/SLAM_Puzzlebot_Orbitrons/puzzlebot_ws/src/puzzlebot_ros2/install/local_setup.sh'
[3.188s] INFO:colcon.colcon_core.shell:Creating prefix util module '/home/sebastian/Juanma/SLAM_Puzzlebot_Orbitrons/puzzlebot_ws/src/puzzlebot_ros2/install/_local_setup_util_sh.py'
[3.189s] INFO:colcon.colcon_core.shell:Creating prefix chain script '/home/sebastian/Juanma/SLAM_Puzzlebot_Orbitrons/puzzlebot_ws/src/puzzlebot_ros2/install/setup.sh'
[3.191s] INFO:colcon.colcon_core.shell:Creating prefix script '/home/sebastian/Juanma/SLAM_Puzzlebot_Orbitrons/puzzlebot_ws/src/puzzlebot_ros2/install/local_setup.bash'
[3.191s] INFO:colcon.colcon_core.shell:Creating prefix chain script '/home/sebastian/Juanma/SLAM_Puzzlebot_Orbitrons/puzzlebot_ws/src/puzzlebot_ros2/install/setup.bash'
[3.193s] INFO:colcon.colcon_core.shell:Creating prefix script '/home/sebastian/Juanma/SLAM_Puzzlebot_Orbitrons/puzzlebot_ws/src/puzzlebot_ros2/install/local_setup.zsh'
[3.194s] INFO:colcon.colcon_core.shell:Creating prefix chain script '/home/sebastian/Juanma/SLAM_Puzzlebot_Orbitrons/puzzlebot_ws/src/puzzlebot_ros2/install/setup.zsh'
