[0.124s] DEBUG:colcon:Command line arguments: ['/usr/bin/colcon', 'build']
[0.125s] DEBUG:colcon:Parsed command line arguments: Namespace(log_base=None, log_level=None, verb_name='build', build_base='build', install_base='install', merge_install=False, symlink_install=False, test_result_base=None, continue_on_error=False, executor='parallel', parallel_workers=6, event_handlers=None, ignore_user_meta=False, metas=['./colcon.meta'], base_paths=['.'], packages_ignore=None, packages_ignore_regex=None, paths=None, packages_up_to=None, packages_up_to_regex=None, packages_above=None, packages_above_and_dependencies=None, packages_above_depth=None, packages_select_by_dep=None, packages_skip_by_dep=None, packages_skip_up_to=None, packages_select_build_failed=False, packages_skip_build_finished=False, packages_select_test_failures=False, packages_skip_test_passed=False, packages_select=None, packages_skip=None, packages_select_regex=None, packages_skip_regex=None, packages_start=None, packages_end=None, allow_overriding=[], cmake_args=None, cmake_target=None, cmake_target_skip_unavailable=False, cmake_clean_cache=False, cmake_clean_first=False, cmake_force_configure=False, ament_cmake_args=None, catkin_cmake_args=None, catkin_skip_building_tests=False, mixin_files=None, mixin=None, verb_parser=<colcon_mixin.mixin.mixin_argument.MixinArgumentDecorator object at 0x7453bba7ea10>, verb_extension=<colcon_core.verb.build.BuildVerb object at 0x7453bba7e050>, main=<bound method BuildVerb.main of <colcon_core.verb.build.BuildVerb object at 0x7453bba7e050>>, mixin_verb=('build',))
[0.294s] Level 1:colcon.colcon_core.package_discovery:discover_packages(colcon_meta) check parameters
[0.294s] Level 1:colcon.colcon_core.package_discovery:discover_packages(recursive) check parameters
[0.294s] Level 1:colcon.colcon_core.package_discovery:discover_packages(ignore) check parameters
[0.294s] Level 1:colcon.colcon_core.package_discovery:discover_packages(path) check parameters
[0.294s] Level 1:colcon.colcon_core.package_discovery:discover_packages(colcon_meta) discover
[0.294s] Level 1:colcon.colcon_core.package_discovery:discover_packages(recursive) discover
[0.294s] INFO:colcon.colcon_core.package_discovery:Crawling recursively for packages in '/home/sebastian/Juanma/SLAM_Puzzlebot_Orbitrons/puzzlebot_ws'
[0.294s] Level 1:colcon.colcon_core.package_identification:_identify(.) by extensions ['ignore', 'ignore_ament_install']
[0.294s] Level 1:colcon.colcon_core.package_identification:_identify(.) by extension 'ignore'
[0.294s] Level 1:colcon.colcon_core.package_identification:_identify(.) by extension 'ignore_ament_install'
[0.294s] Level 1:colcon.colcon_core.package_identification:_identify(.) by extensions ['colcon_pkg']
[0.294s] Level 1:colcon.colcon_core.package_identification:_identify(.) by extension 'colcon_pkg'
[0.294s] Level 1:colcon.colcon_core.package_identification:_identify(.) by extensions ['colcon_meta']
[0.294s] Level 1:colcon.colcon_core.package_identification:_identify(.) by extension 'colcon_meta'
[0.294s] Level 1:colcon.colcon_core.package_identification:_identify(.) by extensions ['ros']
[0.294s] Level 1:colcon.colcon_core.package_identification:_identify(.) by extension 'ros'
[0.313s] Level 1:colcon.colcon_core.package_identification:_identify(.) by extensions ['cmake', 'python']
[0.313s] Level 1:colcon.colcon_core.package_identification:_identify(.) by extension 'cmake'
[0.313s] Level 1:colcon.colcon_core.package_identification:_identify(.) by extension 'python'
[0.313s] Level 1:colcon.colcon_core.package_identification:_identify(.) by extensions ['python_setup_py']
[0.313s] Level 1:colcon.colcon_core.package_identification:_identify(.) by extension 'python_setup_py'
[0.313s] Level 1:colcon.colcon_core.package_identification:_identify(build) by extensions ['ignore', 'ignore_ament_install']
[0.313s] Level 1:colcon.colcon_core.package_identification:_identify(build) by extension 'ignore'
[0.314s] Level 1:colcon.colcon_core.package_identification:_identify(build) ignored
[0.314s] Level 1:colcon.colcon_core.package_identification:_identify(install) by extensions ['ignore', 'ignore_ament_install']
[0.314s] Level 1:colcon.colcon_core.package_identification:_identify(install) by extension 'ignore'
[0.314s] Level 1:colcon.colcon_core.package_identification:_identify(install) ignored
[0.314s] Level 1:colcon.colcon_core.package_identification:_identify(log) by extensions ['ignore', 'ignore_ament_install']
[0.314s] Level 1:colcon.colcon_core.package_identification:_identify(log) by extension 'ignore'
[0.314s] Level 1:colcon.colcon_core.package_identification:_identify(log) ignored
[0.314s] Level 1:colcon.colcon_core.package_identification:_identify(src) by extensions ['ignore', 'ignore_ament_install']
[0.314s] Level 1:colcon.colcon_core.package_identification:_identify(src) by extension 'ignore'
[0.314s] Level 1:colcon.colcon_core.package_identification:_identify(src) by extension 'ignore_ament_install'
[0.314s] Level 1:colcon.colcon_core.package_identification:_identify(src) by extensions ['colcon_pkg']
[0.314s] Level 1:colcon.colcon_core.package_identification:_identify(src) by extension 'colcon_pkg'
[0.314s] Level 1:colcon.colcon_core.package_identification:_identify(src) by extensions ['colcon_meta']
[0.314s] Level 1:colcon.colcon_core.package_identification:_identify(src) by extension 'colcon_meta'
[0.314s] Level 1:colcon.colcon_core.package_identification:_identify(src) by extensions ['ros']
[0.314s] Level 1:colcon.colcon_core.package_identification:_identify(src) by extension 'ros'
[0.314s] Level 1:colcon.colcon_core.package_identification:_identify(src) by extensions ['cmake', 'python']
[0.314s] Level 1:colcon.colcon_core.package_identification:_identify(src) by extension 'cmake'
[0.314s] Level 1:colcon.colcon_core.package_identification:_identify(src) by extension 'python'
[0.314s] Level 1:colcon.colcon_core.package_identification:_identify(src) by extensions ['python_setup_py']
[0.314s] Level 1:colcon.colcon_core.package_identification:_identify(src) by extension 'python_setup_py'
[0.314s] Level 1:colcon.colcon_core.package_identification:_identify(src/puzzlebot_ros2) by extensions ['ignore', 'ignore_ament_install']
[0.315s] Level 1:colcon.colcon_core.package_identification:_identify(src/puzzlebot_ros2) by extension 'ignore'
[0.315s] Level 1:colcon.colcon_core.package_identification:_identify(src/puzzlebot_ros2) by extension 'ignore_ament_install'
[0.315s] Level 1:colcon.colcon_core.package_identification:_identify(src/puzzlebot_ros2) by extensions ['colcon_pkg']
[0.315s] Level 1:colcon.colcon_core.package_identification:_identify(src/puzzlebot_ros2) by extension 'colcon_pkg'
[0.315s] Level 1:colcon.colcon_core.package_identification:_identify(src/puzzlebot_ros2) by extensions ['colcon_meta']
[0.315s] Level 1:colcon.colcon_core.package_identification:_identify(src/puzzlebot_ros2) by extension 'colcon_meta'
[0.315s] Level 1:colcon.colcon_core.package_identification:_identify(src/puzzlebot_ros2) by extensions ['ros']
[0.315s] Level 1:colcon.colcon_core.package_identification:_identify(src/puzzlebot_ros2) by extension 'ros'
[0.315s] Level 1:colcon.colcon_core.package_identification:_identify(src/puzzlebot_ros2) by extensions ['cmake', 'python']
[0.315s] Level 1:colcon.colcon_core.package_identification:_identify(src/puzzlebot_ros2) by extension 'cmake'
[0.315s] Level 1:colcon.colcon_core.package_identification:_identify(src/puzzlebot_ros2) by extension 'python'
[0.315s] Level 1:colcon.colcon_core.package_identification:_identify(src/puzzlebot_ros2) by extensions ['python_setup_py']
[0.315s] Level 1:colcon.colcon_core.package_identification:_identify(src/puzzlebot_ros2) by extension 'python_setup_py'
[0.315s] Level 1:colcon.colcon_core.package_identification:_identify(src/puzzlebot_ros2/build) by extensions ['ignore', 'ignore_ament_install']
[0.315s] Level 1:colcon.colcon_core.package_identification:_identify(src/puzzlebot_ros2/build) by extension 'ignore'
[0.315s] Level 1:colcon.colcon_core.package_identification:_identify(src/puzzlebot_ros2/build) ignored
[0.315s] Level 1:colcon.colcon_core.package_identification:_identify(src/puzzlebot_ros2/install) by extensions ['ignore', 'ignore_ament_install']
[0.315s] Level 1:colcon.colcon_core.package_identification:_identify(src/puzzlebot_ros2/install) by extension 'ignore'
[0.315s] Level 1:colcon.colcon_core.package_identification:_identify(src/puzzlebot_ros2/install) ignored
[0.315s] Level 1:colcon.colcon_core.package_identification:_identify(src/puzzlebot_ros2/log) by extensions ['ignore', 'ignore_ament_install']
[0.315s] Level 1:colcon.colcon_core.package_identification:_identify(src/puzzlebot_ros2/log) by extension 'ignore'
[0.315s] Level 1:colcon.colcon_core.package_identification:_identify(src/puzzlebot_ros2/log) ignored
[0.316s] Level 1:colcon.colcon_core.package_identification:_identify(src/puzzlebot_ros2/puzzlebot_description) by extensions ['ignore', 'ignore_ament_install']
[0.316s] Level 1:colcon.colcon_core.package_identification:_identify(src/puzzlebot_ros2/puzzlebot_description) by extension 'ignore'
[0.316s] Level 1:colcon.colcon_core.package_identification:_identify(src/puzzlebot_ros2/puzzlebot_description) by extension 'ignore_ament_install'
[0.316s] Level 1:colcon.colcon_core.package_identification:_identify(src/puzzlebot_ros2/puzzlebot_description) by extensions ['colcon_pkg']
[0.316s] Level 1:colcon.colcon_core.package_identification:_identify(src/puzzlebot_ros2/puzzlebot_description) by extension 'colcon_pkg'
[0.316s] Level 1:colcon.colcon_core.package_identification:_identify(src/puzzlebot_ros2/puzzlebot_description) by extensions ['colcon_meta']
[0.316s] Level 1:colcon.colcon_core.package_identification:_identify(src/puzzlebot_ros2/puzzlebot_description) by extension 'colcon_meta'
[0.316s] Level 1:colcon.colcon_core.package_identification:_identify(src/puzzlebot_ros2/puzzlebot_description) by extensions ['ros']
[0.316s] Level 1:colcon.colcon_core.package_identification:_identify(src/puzzlebot_ros2/puzzlebot_description) by extension 'ros'
[0.318s] DEBUG:colcon.colcon_core.package_identification:Package 'src/puzzlebot_ros2/puzzlebot_description' with type 'ros.ament_cmake' and name 'puzzlebot_description'
[0.318s] Level 1:colcon.colcon_core.package_identification:_identify(src/puzzlebot_ros2/puzzlebot_gazebo) by extensions ['ignore', 'ignore_ament_install']
[0.318s] Level 1:colcon.colcon_core.package_identification:_identify(src/puzzlebot_ros2/puzzlebot_gazebo) by extension 'ignore'
[0.318s] Level 1:colcon.colcon_core.package_identification:_identify(src/puzzlebot_ros2/puzzlebot_gazebo) by extension 'ignore_ament_install'
[0.318s] Level 1:colcon.colcon_core.package_identification:_identify(src/puzzlebot_ros2/puzzlebot_gazebo) by extensions ['colcon_pkg']
[0.318s] Level 1:colcon.colcon_core.package_identification:_identify(src/puzzlebot_ros2/puzzlebot_gazebo) by extension 'colcon_pkg'
[0.318s] Level 1:colcon.colcon_core.package_identification:_identify(src/puzzlebot_ros2/puzzlebot_gazebo) by extensions ['colcon_meta']
[0.318s] Level 1:colcon.colcon_core.package_identification:_identify(src/puzzlebot_ros2/puzzlebot_gazebo) by extension 'colcon_meta'
[0.318s] Level 1:colcon.colcon_core.package_identification:_identify(src/puzzlebot_ros2/puzzlebot_gazebo) by extensions ['ros']
[0.318s] Level 1:colcon.colcon_core.package_identification:_identify(src/puzzlebot_ros2/puzzlebot_gazebo) by extension 'ros'
[0.318s] DEBUG:colcon.colcon_core.package_identification:Package 'src/puzzlebot_ros2/puzzlebot_gazebo' with type 'ros.ament_cmake' and name 'puzzlebot_gazebo'
[0.318s] Level 1:colcon.colcon_core.package_identification:_identify(src/puzzlebot_ros2/puzzlebot_navigation2) by extensions ['ignore', 'ignore_ament_install']
[0.319s] Level 1:colcon.colcon_core.package_identification:_identify(src/puzzlebot_ros2/puzzlebot_navigation2) by extension 'ignore'
[0.319s] Level 1:colcon.colcon_core.package_identification:_identify(src/puzzlebot_ros2/puzzlebot_navigation2) by extension 'ignore_ament_install'
[0.319s] Level 1:colcon.colcon_core.package_identification:_identify(src/puzzlebot_ros2/puzzlebot_navigation2) by extensions ['colcon_pkg']
[0.319s] Level 1:colcon.colcon_core.package_identification:_identify(src/puzzlebot_ros2/puzzlebot_navigation2) by extension 'colcon_pkg'
[0.319s] Level 1:colcon.colcon_core.package_identification:_identify(src/puzzlebot_ros2/puzzlebot_navigation2) by extensions ['colcon_meta']
[0.319s] Level 1:colcon.colcon_core.package_identification:_identify(src/puzzlebot_ros2/puzzlebot_navigation2) by extension 'colcon_meta'
[0.319s] Level 1:colcon.colcon_core.package_identification:_identify(src/puzzlebot_ros2/puzzlebot_navigation2) by extensions ['ros']
[0.319s] Level 1:colcon.colcon_core.package_identification:_identify(src/puzzlebot_ros2/puzzlebot_navigation2) by extension 'ros'
[0.319s] DEBUG:colcon.colcon_core.package_identification:Package 'src/puzzlebot_ros2/puzzlebot_navigation2' with type 'ros.ament_cmake' and name 'puzzlebot_navigation2'
[0.319s] Level 1:colcon.colcon_core.package_discovery:discover_packages(recursive) using defaults
[0.319s] Level 1:colcon.colcon_core.package_discovery:discover_packages(ignore) discover
[0.319s] Level 1:colcon.colcon_core.package_discovery:discover_packages(ignore) using defaults
[0.319s] Level 1:colcon.colcon_core.package_discovery:discover_packages(path) discover
[0.319s] Level 1:colcon.colcon_core.package_discovery:discover_packages(path) using defaults
[0.336s] Level 1:colcon.colcon_core.package_discovery:discover_packages(prefix_path) check parameters
[0.336s] Level 1:colcon.colcon_core.package_discovery:discover_packages(prefix_path) discover
[0.337s] WARNING:colcon.colcon_core.prefix_path.colcon:The path '/home/sebastian/Juanma/SLAM_Puzzlebot_Orbitrons/install' in the environment variable COLCON_PREFIX_PATH doesn't exist
[0.337s] WARNING:colcon.colcon_ros.prefix_path.ament:The path '/home/sebastian/Juanma/SLAM_Puzzlebot_Orbitrons/install/puzzlebot_navigation2' in the environment variable AMENT_PREFIX_PATH doesn't exist
[0.337s] WARNING:colcon.colcon_ros.prefix_path.ament:The path '/home/sebastian/Juanma/SLAM_Puzzlebot_Orbitrons/install/puzzlebot_gazebo' in the environment variable AMENT_PREFIX_PATH doesn't exist
[0.337s] WARNING:colcon.colcon_ros.prefix_path.ament:The path '/home/sebastian/Juanma/SLAM_Puzzlebot_Orbitrons/install/puzzlebot_description' in the environment variable AMENT_PREFIX_PATH doesn't exist
[0.340s] WARNING:colcon.colcon_ros.prefix_path.catkin:The path '/home/sebastian/Juanma/SLAM_Puzzlebot_Orbitrons/install/puzzlebot_navigation2' in the environment variable CMAKE_PREFIX_PATH doesn't exist
[0.341s] WARNING:colcon.colcon_ros.prefix_path.catkin:The path '/home/sebastian/Juanma/SLAM_Puzzlebot_Orbitrons/install/puzzlebot_gazebo' in the environment variable CMAKE_PREFIX_PATH doesn't exist
[0.341s] WARNING:colcon.colcon_ros.prefix_path.catkin:The path '/home/sebastian/Juanma/SLAM_Puzzlebot_Orbitrons/install/puzzlebot_description' in the environment variable CMAKE_PREFIX_PATH doesn't exist
[0.342s] DEBUG:colcon.colcon_installed_package_information.package_discovery:Found 3 installed packages in /home/sebastian/Juanma/SLAM_Puzzlebot_Orbitrons/puzzlebot_ws/src/puzzlebot_ros2/install
[0.342s] DEBUG:colcon.colcon_installed_package_information.package_discovery:Found 9 installed packages in /home/sebastian/ros2_ws/install
[0.343s] DEBUG:colcon.colcon_installed_package_information.package_discovery:Found 15 installed packages in /home/sebastian/dev_ws/install
[0.343s] DEBUG:colcon.colcon_installed_package_information.package_discovery:Found 1 installed packages in /home/sebastian/ros2_ws/src/my_package/install
[0.344s] DEBUG:colcon.colcon_installed_package_information.package_discovery:Found 2 installed packages in /home/sebastian/ros2_ws/src/install
[0.346s] DEBUG:colcon.colcon_installed_package_information.package_discovery:Found 457 installed packages in /opt/ros/humble
[0.348s] Level 1:colcon.colcon_core.package_discovery:discover_packages(prefix_path) using defaults
[0.397s] Level 5:colcon.colcon_core.verb:set package 'puzzlebot_description' build argument 'cmake_args' from command line to 'None'
[0.397s] Level 5:colcon.colcon_core.verb:set package 'puzzlebot_description' build argument 'cmake_target' from command line to 'None'
[0.397s] Level 5:colcon.colcon_core.verb:set package 'puzzlebot_description' build argument 'cmake_target_skip_unavailable' from command line to 'False'
[0.397s] Level 5:colcon.colcon_core.verb:set package 'puzzlebot_description' build argument 'cmake_clean_cache' from command line to 'False'
[0.397s] Level 5:colcon.colcon_core.verb:set package 'puzzlebot_description' build argument 'cmake_clean_first' from command line to 'False'
[0.397s] Level 5:colcon.colcon_core.verb:set package 'puzzlebot_description' build argument 'cmake_force_configure' from command line to 'False'
[0.397s] Level 5:colcon.colcon_core.verb:set package 'puzzlebot_description' build argument 'ament_cmake_args' from command line to 'None'
[0.397s] Level 5:colcon.colcon_core.verb:set package 'puzzlebot_description' build argument 'catkin_cmake_args' from command line to 'None'
[0.397s] Level 5:colcon.colcon_core.verb:set package 'puzzlebot_description' build argument 'catkin_skip_building_tests' from command line to 'False'
[0.397s] DEBUG:colcon.colcon_core.verb:Building package 'puzzlebot_description' with the following arguments: {'ament_cmake_args': None, 'build_base': '/home/sebastian/Juanma/SLAM_Puzzlebot_Orbitrons/puzzlebot_ws/build/puzzlebot_description', 'catkin_cmake_args': None, 'catkin_skip_building_tests': False, 'cmake_args': None, 'cmake_clean_cache': False, 'cmake_clean_first': False, 'cmake_force_configure': False, 'cmake_target': None, 'cmake_target_skip_unavailable': False, 'install_base': '/home/sebastian/Juanma/SLAM_Puzzlebot_Orbitrons/puzzlebot_ws/install/puzzlebot_description', 'merge_install': False, 'path': '/home/sebastian/Juanma/SLAM_Puzzlebot_Orbitrons/puzzlebot_ws/src/puzzlebot_ros2/puzzlebot_description', 'symlink_install': False, 'test_result_base': None}
[0.397s] Level 5:colcon.colcon_core.verb:set package 'puzzlebot_gazebo' build argument 'cmake_args' from command line to 'None'
[0.397s] Level 5:colcon.colcon_core.verb:set package 'puzzlebot_gazebo' build argument 'cmake_target' from command line to 'None'
[0.397s] Level 5:colcon.colcon_core.verb:set package 'puzzlebot_gazebo' build argument 'cmake_target_skip_unavailable' from command line to 'False'
[0.397s] Level 5:colcon.colcon_core.verb:set package 'puzzlebot_gazebo' build argument 'cmake_clean_cache' from command line to 'False'
[0.397s] Level 5:colcon.colcon_core.verb:set package 'puzzlebot_gazebo' build argument 'cmake_clean_first' from command line to 'False'
[0.397s] Level 5:colcon.colcon_core.verb:set package 'puzzlebot_gazebo' build argument 'cmake_force_configure' from command line to 'False'
[0.397s] Level 5:colcon.colcon_core.verb:set package 'puzzlebot_gazebo' build argument 'ament_cmake_args' from command line to 'None'
[0.397s] Level 5:colcon.colcon_core.verb:set package 'puzzlebot_gazebo' build argument 'catkin_cmake_args' from command line to 'None'
[0.397s] Level 5:colcon.colcon_core.verb:set package 'puzzlebot_gazebo' build argument 'catkin_skip_building_tests' from command line to 'False'
[0.397s] DEBUG:colcon.colcon_core.verb:Building package 'puzzlebot_gazebo' with the following arguments: {'ament_cmake_args': None, 'build_base': '/home/sebastian/Juanma/SLAM_Puzzlebot_Orbitrons/puzzlebot_ws/build/puzzlebot_gazebo', 'catkin_cmake_args': None, 'catkin_skip_building_tests': False, 'cmake_args': None, 'cmake_clean_cache': False, 'cmake_clean_first': False, 'cmake_force_configure': False, 'cmake_target': None, 'cmake_target_skip_unavailable': False, 'install_base': '/home/sebastian/Juanma/SLAM_Puzzlebot_Orbitrons/puzzlebot_ws/install/puzzlebot_gazebo', 'merge_install': False, 'path': '/home/sebastian/Juanma/SLAM_Puzzlebot_Orbitrons/puzzlebot_ws/src/puzzlebot_ros2/puzzlebot_gazebo', 'symlink_install': False, 'test_result_base': None}
[0.398s] Level 5:colcon.colcon_core.verb:set package 'puzzlebot_navigation2' build argument 'cmake_args' from command line to 'None'
[0.398s] Level 5:colcon.colcon_core.verb:set package 'puzzlebot_navigation2' build argument 'cmake_target' from command line to 'None'
[0.398s] Level 5:colcon.colcon_core.verb:set package 'puzzlebot_navigation2' build argument 'cmake_target_skip_unavailable' from command line to 'False'
[0.398s] Level 5:colcon.colcon_core.verb:set package 'puzzlebot_navigation2' build argument 'cmake_clean_cache' from command line to 'False'
[0.398s] Level 5:colcon.colcon_core.verb:set package 'puzzlebot_navigation2' build argument 'cmake_clean_first' from command line to 'False'
[0.398s] Level 5:colcon.colcon_core.verb:set package 'puzzlebot_navigation2' build argument 'cmake_force_configure' from command line to 'False'
[0.398s] Level 5:colcon.colcon_core.verb:set package 'puzzlebot_navigation2' build argument 'ament_cmake_args' from command line to 'None'
[0.398s] Level 5:colcon.colcon_core.verb:set package 'puzzlebot_navigation2' build argument 'catkin_cmake_args' from command line to 'None'
[0.398s] Level 5:colcon.colcon_core.verb:set package 'puzzlebot_navigation2' build argument 'catkin_skip_building_tests' from command line to 'False'
[0.398s] DEBUG:colcon.colcon_core.verb:Building package 'puzzlebot_navigation2' with the following arguments: {'ament_cmake_args': None, 'build_base': '/home/sebastian/Juanma/SLAM_Puzzlebot_Orbitrons/puzzlebot_ws/build/puzzlebot_navigation2', 'catkin_cmake_args': None, 'catkin_skip_building_tests': False, 'cmake_args': None, 'cmake_clean_cache': False, 'cmake_clean_first': False, 'cmake_force_configure': False, 'cmake_target': None, 'cmake_target_skip_unavailable': False, 'install_base': '/home/sebastian/Juanma/SLAM_Puzzlebot_Orbitrons/puzzlebot_ws/install/puzzlebot_navigation2', 'merge_install': False, 'path': '/home/sebastian/Juanma/SLAM_Puzzlebot_Orbitrons/puzzlebot_ws/src/puzzlebot_ros2/puzzlebot_navigation2', 'symlink_install': False, 'test_result_base': None}
[0.398s] INFO:colcon.colcon_core.executor:Executing jobs using 'parallel' executor
[0.399s] DEBUG:colcon.colcon_parallel_executor.executor.parallel:run_until_complete
[0.399s] INFO:colcon.colcon_ros.task.ament_cmake.build:Building ROS package in '/home/sebastian/Juanma/SLAM_Puzzlebot_Orbitrons/puzzlebot_ws/src/puzzlebot_ros2/puzzlebot_description' with build type 'ament_cmake'
[0.400s] INFO:colcon.colcon_cmake.task.cmake.build:Building CMake package in '/home/sebastian/Juanma/SLAM_Puzzlebot_Orbitrons/puzzlebot_ws/src/puzzlebot_ros2/puzzlebot_description'
[0.403s] INFO:colcon.colcon_core.plugin_system:Skipping extension 'colcon_core.shell.bat': Not used on non-Windows systems
[0.403s] INFO:colcon.colcon_core.shell:Skip shell extension 'powershell' for command environment: Not usable outside of PowerShell
[0.403s] DEBUG:colcon.colcon_core.shell:Skip shell extension 'dsv' for command environment
[0.410s] INFO:colcon.colcon_ros.task.ament_cmake.build:Building ROS package in '/home/sebastian/Juanma/SLAM_Puzzlebot_Orbitrons/puzzlebot_ws/src/puzzlebot_ros2/puzzlebot_gazebo' with build type 'ament_cmake'
[0.410s] INFO:colcon.colcon_cmake.task.cmake.build:Building CMake package in '/home/sebastian/Juanma/SLAM_Puzzlebot_Orbitrons/puzzlebot_ws/src/puzzlebot_ros2/puzzlebot_gazebo'
[0.410s] INFO:colcon.colcon_core.shell:Skip shell extension 'powershell' for command environment: Not usable outside of PowerShell
[0.411s] DEBUG:colcon.colcon_core.shell:Skip shell extension 'dsv' for command environment
[0.418s] INFO:colcon.colcon_ros.task.ament_cmake.build:Building ROS package in '/home/sebastian/Juanma/SLAM_Puzzlebot_Orbitrons/puzzlebot_ws/src/puzzlebot_ros2/puzzlebot_navigation2' with build type 'ament_cmake'
[0.418s] INFO:colcon.colcon_cmake.task.cmake.build:Building CMake package in '/home/sebastian/Juanma/SLAM_Puzzlebot_Orbitrons/puzzlebot_ws/src/puzzlebot_ros2/puzzlebot_navigation2'
[0.419s] INFO:colcon.colcon_core.shell:Skip shell extension 'powershell' for command environment: Not usable outside of PowerShell
[0.419s] DEBUG:colcon.colcon_core.shell:Skip shell extension 'dsv' for command environment
[0.432s] DEBUG:colcon.colcon_core.event_handler.log_command:Invoking command in '/home/sebastian/Juanma/SLAM_Puzzlebot_Orbitrons/puzzlebot_ws/build/puzzlebot_description': CMAKE_PREFIX_PATH=${CMAKE_PREFIX_PATH}:/home/sebastian/ros2_ws/install/tf_examples:/home/sebastian/ros2_ws/install/puzzlebot_sim:/home/sebastian/ros2_ws/install/puzzlebot_gazebo:/home/sebastian/ros2_ws/install/puzzlebot_description:/home/sebastian/ros2_ws/install/my_package:/home/sebastian/ros2_ws/install/motor_control:/home/sebastian/ros2_ws/install/mobile_robotics:/home/sebastian/ros2_ws/install/joints_act:/home/sebastian/ros2_ws/install/basic_comms:/home/sebastian/dev_ws/install/visual_cobot:/home/sebastian/dev_ws/install/xarm_msgs:/home/sebastian/dev_ws/install/ulite6_move:/home/sebastian/dev_ws/install/uf_ros_lib:/home/sebastian/ros2_ws/src/my_package/install/my_package:/home/sebastian/ros2_ws/src/install/my_package:/home/sebastian/ros2_ws/src/install/basic_comms:/opt/ros/humble /usr/bin/cmake /home/sebastian/Juanma/SLAM_Puzzlebot_Orbitrons/puzzlebot_ws/src/puzzlebot_ros2/puzzlebot_description -DCMAKE_INSTALL_PREFIX=/home/sebastian/Juanma/SLAM_Puzzlebot_Orbitrons/puzzlebot_ws/install/puzzlebot_description
[0.439s] DEBUG:colcon.colcon_core.event_handler.log_command:Invoking command in '/home/sebastian/Juanma/SLAM_Puzzlebot_Orbitrons/puzzlebot_ws/build/puzzlebot_gazebo': CMAKE_PREFIX_PATH=${CMAKE_PREFIX_PATH}:/home/sebastian/ros2_ws/install/tf_examples:/home/sebastian/ros2_ws/install/puzzlebot_sim:/home/sebastian/ros2_ws/install/puzzlebot_gazebo:/home/sebastian/ros2_ws/install/puzzlebot_description:/home/sebastian/ros2_ws/install/my_package:/home/sebastian/ros2_ws/install/motor_control:/home/sebastian/ros2_ws/install/mobile_robotics:/home/sebastian/ros2_ws/install/joints_act:/home/sebastian/ros2_ws/install/basic_comms:/home/sebastian/dev_ws/install/visual_cobot:/home/sebastian/dev_ws/install/xarm_msgs:/home/sebastian/dev_ws/install/ulite6_move:/home/sebastian/dev_ws/install/uf_ros_lib:/home/sebastian/ros2_ws/src/my_package/install/my_package:/home/sebastian/ros2_ws/src/install/my_package:/home/sebastian/ros2_ws/src/install/basic_comms:/opt/ros/humble /usr/bin/cmake /home/sebastian/Juanma/SLAM_Puzzlebot_Orbitrons/puzzlebot_ws/src/puzzlebot_ros2/puzzlebot_gazebo -DCMAKE_INSTALL_PREFIX=/home/sebastian/Juanma/SLAM_Puzzlebot_Orbitrons/puzzlebot_ws/install/puzzlebot_gazebo
[0.445s] DEBUG:colcon.colcon_core.event_handler.log_command:Invoking command in '/home/sebastian/Juanma/SLAM_Puzzlebot_Orbitrons/puzzlebot_ws/build/puzzlebot_navigation2': CMAKE_PREFIX_PATH=${CMAKE_PREFIX_PATH}:/home/sebastian/ros2_ws/install/tf_examples:/home/sebastian/ros2_ws/install/puzzlebot_sim:/home/sebastian/ros2_ws/install/puzzlebot_gazebo:/home/sebastian/ros2_ws/install/puzzlebot_description:/home/sebastian/ros2_ws/install/my_package:/home/sebastian/ros2_ws/install/motor_control:/home/sebastian/ros2_ws/install/mobile_robotics:/home/sebastian/ros2_ws/install/joints_act:/home/sebastian/ros2_ws/install/basic_comms:/home/sebastian/dev_ws/install/visual_cobot:/home/sebastian/dev_ws/install/xarm_msgs:/home/sebastian/dev_ws/install/ulite6_move:/home/sebastian/dev_ws/install/uf_ros_lib:/home/sebastian/ros2_ws/src/my_package/install/my_package:/home/sebastian/ros2_ws/src/install/my_package:/home/sebastian/ros2_ws/src/install/basic_comms:/opt/ros/humble /usr/bin/cmake /home/sebastian/Juanma/SLAM_Puzzlebot_Orbitrons/puzzlebot_ws/src/puzzlebot_ros2/puzzlebot_navigation2 -DCMAKE_INSTALL_PREFIX=/home/sebastian/Juanma/SLAM_Puzzlebot_Orbitrons/puzzlebot_ws/install/puzzlebot_navigation2
[1.260s] DEBUG:colcon.colcon_core.event_handler.log_command:Invoked command in '/home/sebastian/Juanma/SLAM_Puzzlebot_Orbitrons/puzzlebot_ws/build/puzzlebot_description' returned '0': CMAKE_PREFIX_PATH=${CMAKE_PREFIX_PATH}:/home/sebastian/ros2_ws/install/tf_examples:/home/sebastian/ros2_ws/install/puzzlebot_sim:/home/sebastian/ros2_ws/install/puzzlebot_gazebo:/home/sebastian/ros2_ws/install/puzzlebot_description:/home/sebastian/ros2_ws/install/my_package:/home/sebastian/ros2_ws/install/motor_control:/home/sebastian/ros2_ws/install/mobile_robotics:/home/sebastian/ros2_ws/install/joints_act:/home/sebastian/ros2_ws/install/basic_comms:/home/sebastian/dev_ws/install/visual_cobot:/home/sebastian/dev_ws/install/xarm_msgs:/home/sebastian/dev_ws/install/ulite6_move:/home/sebastian/dev_ws/install/uf_ros_lib:/home/sebastian/ros2_ws/src/my_package/install/my_package:/home/sebastian/ros2_ws/src/install/my_package:/home/sebastian/ros2_ws/src/install/basic_comms:/opt/ros/humble /usr/bin/cmake /home/sebastian/Juanma/SLAM_Puzzlebot_Orbitrons/puzzlebot_ws/src/puzzlebot_ros2/puzzlebot_description -DCMAKE_INSTALL_PREFIX=/home/sebastian/Juanma/SLAM_Puzzlebot_Orbitrons/puzzlebot_ws/install/puzzlebot_description
[1.264s] DEBUG:colcon.colcon_core.event_handler.log_command:Invoking command in '/home/sebastian/Juanma/SLAM_Puzzlebot_Orbitrons/puzzlebot_ws/build/puzzlebot_description': CMAKE_PREFIX_PATH=${CMAKE_PREFIX_PATH}:/home/sebastian/ros2_ws/install/tf_examples:/home/sebastian/ros2_ws/install/puzzlebot_sim:/home/sebastian/ros2_ws/install/puzzlebot_gazebo:/home/sebastian/ros2_ws/install/puzzlebot_description:/home/sebastian/ros2_ws/install/my_package:/home/sebastian/ros2_ws/install/motor_control:/home/sebastian/ros2_ws/install/mobile_robotics:/home/sebastian/ros2_ws/install/joints_act:/home/sebastian/ros2_ws/install/basic_comms:/home/sebastian/dev_ws/install/visual_cobot:/home/sebastian/dev_ws/install/xarm_msgs:/home/sebastian/dev_ws/install/ulite6_move:/home/sebastian/dev_ws/install/uf_ros_lib:/home/sebastian/ros2_ws/src/my_package/install/my_package:/home/sebastian/ros2_ws/src/install/my_package:/home/sebastian/ros2_ws/src/install/basic_comms:/opt/ros/humble /usr/bin/cmake --build /home/sebastian/Juanma/SLAM_Puzzlebot_Orbitrons/puzzlebot_ws/build/puzzlebot_description -- -j6 -l6
[1.265s] DEBUG:colcon.colcon_core.event_handler.log_command:Invoked command in '/home/sebastian/Juanma/SLAM_Puzzlebot_Orbitrons/puzzlebot_ws/build/puzzlebot_gazebo' returned '0': CMAKE_PREFIX_PATH=${CMAKE_PREFIX_PATH}:/home/sebastian/ros2_ws/install/tf_examples:/home/sebastian/ros2_ws/install/puzzlebot_sim:/home/sebastian/ros2_ws/install/puzzlebot_gazebo:/home/sebastian/ros2_ws/install/puzzlebot_description:/home/sebastian/ros2_ws/install/my_package:/home/sebastian/ros2_ws/install/motor_control:/home/sebastian/ros2_ws/install/mobile_robotics:/home/sebastian/ros2_ws/install/joints_act:/home/sebastian/ros2_ws/install/basic_comms:/home/sebastian/dev_ws/install/visual_cobot:/home/sebastian/dev_ws/install/xarm_msgs:/home/sebastian/dev_ws/install/ulite6_move:/home/sebastian/dev_ws/install/uf_ros_lib:/home/sebastian/ros2_ws/src/my_package/install/my_package:/home/sebastian/ros2_ws/src/install/my_package:/home/sebastian/ros2_ws/src/install/basic_comms:/opt/ros/humble /usr/bin/cmake /home/sebastian/Juanma/SLAM_Puzzlebot_Orbitrons/puzzlebot_ws/src/puzzlebot_ros2/puzzlebot_gazebo -DCMAKE_INSTALL_PREFIX=/home/sebastian/Juanma/SLAM_Puzzlebot_Orbitrons/puzzlebot_ws/install/puzzlebot_gazebo
[1.268s] DEBUG:colcon.colcon_core.event_handler.log_command:Invoking command in '/home/sebastian/Juanma/SLAM_Puzzlebot_Orbitrons/puzzlebot_ws/build/puzzlebot_gazebo': CMAKE_PREFIX_PATH=${CMAKE_PREFIX_PATH}:/home/sebastian/ros2_ws/install/tf_examples:/home/sebastian/ros2_ws/install/puzzlebot_sim:/home/sebastian/ros2_ws/install/puzzlebot_gazebo:/home/sebastian/ros2_ws/install/puzzlebot_description:/home/sebastian/ros2_ws/install/my_package:/home/sebastian/ros2_ws/install/motor_control:/home/sebastian/ros2_ws/install/mobile_robotics:/home/sebastian/ros2_ws/install/joints_act:/home/sebastian/ros2_ws/install/basic_comms:/home/sebastian/dev_ws/install/visual_cobot:/home/sebastian/dev_ws/install/xarm_msgs:/home/sebastian/dev_ws/install/ulite6_move:/home/sebastian/dev_ws/install/uf_ros_lib:/home/sebastian/ros2_ws/src/my_package/install/my_package:/home/sebastian/ros2_ws/src/install/my_package:/home/sebastian/ros2_ws/src/install/basic_comms:/opt/ros/humble /usr/bin/cmake --build /home/sebastian/Juanma/SLAM_Puzzlebot_Orbitrons/puzzlebot_ws/build/puzzlebot_gazebo -- -j6 -l6
[1.283s] DEBUG:colcon.colcon_core.event_handler.log_command:Invoked command in '/home/sebastian/Juanma/SLAM_Puzzlebot_Orbitrons/puzzlebot_ws/build/puzzlebot_navigation2' returned '0': CMAKE_PREFIX_PATH=${CMAKE_PREFIX_PATH}:/home/sebastian/ros2_ws/install/tf_examples:/home/sebastian/ros2_ws/install/puzzlebot_sim:/home/sebastian/ros2_ws/install/puzzlebot_gazebo:/home/sebastian/ros2_ws/install/puzzlebot_description:/home/sebastian/ros2_ws/install/my_package:/home/sebastian/ros2_ws/install/motor_control:/home/sebastian/ros2_ws/install/mobile_robotics:/home/sebastian/ros2_ws/install/joints_act:/home/sebastian/ros2_ws/install/basic_comms:/home/sebastian/dev_ws/install/visual_cobot:/home/sebastian/dev_ws/install/xarm_msgs:/home/sebastian/dev_ws/install/ulite6_move:/home/sebastian/dev_ws/install/uf_ros_lib:/home/sebastian/ros2_ws/src/my_package/install/my_package:/home/sebastian/ros2_ws/src/install/my_package:/home/sebastian/ros2_ws/src/install/basic_comms:/opt/ros/humble /usr/bin/cmake /home/sebastian/Juanma/SLAM_Puzzlebot_Orbitrons/puzzlebot_ws/src/puzzlebot_ros2/puzzlebot_navigation2 -DCMAKE_INSTALL_PREFIX=/home/sebastian/Juanma/SLAM_Puzzlebot_Orbitrons/puzzlebot_ws/install/puzzlebot_navigation2
[1.284s] DEBUG:colcon.colcon_core.event_handler.log_command:Invoking command in '/home/sebastian/Juanma/SLAM_Puzzlebot_Orbitrons/puzzlebot_ws/build/puzzlebot_navigation2': CMAKE_PREFIX_PATH=${CMAKE_PREFIX_PATH}:/home/sebastian/ros2_ws/install/tf_examples:/home/sebastian/ros2_ws/install/puzzlebot_sim:/home/sebastian/ros2_ws/install/puzzlebot_gazebo:/home/sebastian/ros2_ws/install/puzzlebot_description:/home/sebastian/ros2_ws/install/my_package:/home/sebastian/ros2_ws/install/motor_control:/home/sebastian/ros2_ws/install/mobile_robotics:/home/sebastian/ros2_ws/install/joints_act:/home/sebastian/ros2_ws/install/basic_comms:/home/sebastian/dev_ws/install/visual_cobot:/home/sebastian/dev_ws/install/xarm_msgs:/home/sebastian/dev_ws/install/ulite6_move:/home/sebastian/dev_ws/install/uf_ros_lib:/home/sebastian/ros2_ws/src/my_package/install/my_package:/home/sebastian/ros2_ws/src/install/my_package:/home/sebastian/ros2_ws/src/install/basic_comms:/opt/ros/humble /usr/bin/cmake --build /home/sebastian/Juanma/SLAM_Puzzlebot_Orbitrons/puzzlebot_ws/build/puzzlebot_navigation2 -- -j6 -l6
[1.313s] DEBUG:colcon.colcon_core.event_handler.log_command:Invoked command in '/home/sebastian/Juanma/SLAM_Puzzlebot_Orbitrons/puzzlebot_ws/build/puzzlebot_description' returned '0': CMAKE_PREFIX_PATH=${CMAKE_PREFIX_PATH}:/home/sebastian/ros2_ws/install/tf_examples:/home/sebastian/ros2_ws/install/puzzlebot_sim:/home/sebastian/ros2_ws/install/puzzlebot_gazebo:/home/sebastian/ros2_ws/install/puzzlebot_description:/home/sebastian/ros2_ws/install/my_package:/home/sebastian/ros2_ws/install/motor_control:/home/sebastian/ros2_ws/install/mobile_robotics:/home/sebastian/ros2_ws/install/joints_act:/home/sebastian/ros2_ws/install/basic_comms:/home/sebastian/dev_ws/install/visual_cobot:/home/sebastian/dev_ws/install/xarm_msgs:/home/sebastian/dev_ws/install/ulite6_move:/home/sebastian/dev_ws/install/uf_ros_lib:/home/sebastian/ros2_ws/src/my_package/install/my_package:/home/sebastian/ros2_ws/src/install/my_package:/home/sebastian/ros2_ws/src/install/basic_comms:/opt/ros/humble /usr/bin/cmake --build /home/sebastian/Juanma/SLAM_Puzzlebot_Orbitrons/puzzlebot_ws/build/puzzlebot_description -- -j6 -l6
[1.326s] DEBUG:colcon.colcon_core.event_handler.log_command:Invoking command in '/home/sebastian/Juanma/SLAM_Puzzlebot_Orbitrons/puzzlebot_ws/build/puzzlebot_description': CMAKE_PREFIX_PATH=${CMAKE_PREFIX_PATH}:/home/sebastian/ros2_ws/install/tf_examples:/home/sebastian/ros2_ws/install/puzzlebot_sim:/home/sebastian/ros2_ws/install/puzzlebot_gazebo:/home/sebastian/ros2_ws/install/puzzlebot_description:/home/sebastian/ros2_ws/install/my_package:/home/sebastian/ros2_ws/install/motor_control:/home/sebastian/ros2_ws/install/mobile_robotics:/home/sebastian/ros2_ws/install/joints_act:/home/sebastian/ros2_ws/install/basic_comms:/home/sebastian/dev_ws/install/visual_cobot:/home/sebastian/dev_ws/install/xarm_msgs:/home/sebastian/dev_ws/install/ulite6_move:/home/sebastian/dev_ws/install/uf_ros_lib:/home/sebastian/ros2_ws/src/my_package/install/my_package:/home/sebastian/ros2_ws/src/install/my_package:/home/sebastian/ros2_ws/src/install/basic_comms:/opt/ros/humble /usr/bin/cmake --install /home/sebastian/Juanma/SLAM_Puzzlebot_Orbitrons/puzzlebot_ws/build/puzzlebot_description
[1.328s] DEBUG:colcon.colcon_core.event_handler.log_command:Invoked command in '/home/sebastian/Juanma/SLAM_Puzzlebot_Orbitrons/puzzlebot_ws/build/puzzlebot_gazebo' returned '0': CMAKE_PREFIX_PATH=${CMAKE_PREFIX_PATH}:/home/sebastian/ros2_ws/install/tf_examples:/home/sebastian/ros2_ws/install/puzzlebot_sim:/home/sebastian/ros2_ws/install/puzzlebot_gazebo:/home/sebastian/ros2_ws/install/puzzlebot_description:/home/sebastian/ros2_ws/install/my_package:/home/sebastian/ros2_ws/install/motor_control:/home/sebastian/ros2_ws/install/mobile_robotics:/home/sebastian/ros2_ws/install/joints_act:/home/sebastian/ros2_ws/install/basic_comms:/home/sebastian/dev_ws/install/visual_cobot:/home/sebastian/dev_ws/install/xarm_msgs:/home/sebastian/dev_ws/install/ulite6_move:/home/sebastian/dev_ws/install/uf_ros_lib:/home/sebastian/ros2_ws/src/my_package/install/my_package:/home/sebastian/ros2_ws/src/install/my_package:/home/sebastian/ros2_ws/src/install/basic_comms:/opt/ros/humble /usr/bin/cmake --build /home/sebastian/Juanma/SLAM_Puzzlebot_Orbitrons/puzzlebot_ws/build/puzzlebot_gazebo -- -j6 -l6
[1.330s] DEBUG:colcon.colcon_core.event_handler.log_command:Invoking command in '/home/sebastian/Juanma/SLAM_Puzzlebot_Orbitrons/puzzlebot_ws/build/puzzlebot_gazebo': CMAKE_PREFIX_PATH=${CMAKE_PREFIX_PATH}:/home/sebastian/ros2_ws/install/tf_examples:/home/sebastian/ros2_ws/install/puzzlebot_sim:/home/sebastian/ros2_ws/install/puzzlebot_gazebo:/home/sebastian/ros2_ws/install/puzzlebot_description:/home/sebastian/ros2_ws/install/my_package:/home/sebastian/ros2_ws/install/motor_control:/home/sebastian/ros2_ws/install/mobile_robotics:/home/sebastian/ros2_ws/install/joints_act:/home/sebastian/ros2_ws/install/basic_comms:/home/sebastian/dev_ws/install/visual_cobot:/home/sebastian/dev_ws/install/xarm_msgs:/home/sebastian/dev_ws/install/ulite6_move:/home/sebastian/dev_ws/install/uf_ros_lib:/home/sebastian/ros2_ws/src/my_package/install/my_package:/home/sebastian/ros2_ws/src/install/my_package:/home/sebastian/ros2_ws/src/install/basic_comms:/opt/ros/humble /usr/bin/cmake --install /home/sebastian/Juanma/SLAM_Puzzlebot_Orbitrons/puzzlebot_ws/build/puzzlebot_gazebo
[1.334s] DEBUG:colcon.colcon_core.event_handler.log_command:Invoked command in '/home/sebastian/Juanma/SLAM_Puzzlebot_Orbitrons/puzzlebot_ws/build/puzzlebot_navigation2' returned '0': CMAKE_PREFIX_PATH=${CMAKE_PREFIX_PATH}:/home/sebastian/ros2_ws/install/tf_examples:/home/sebastian/ros2_ws/install/puzzlebot_sim:/home/sebastian/ros2_ws/install/puzzlebot_gazebo:/home/sebastian/ros2_ws/install/puzzlebot_description:/home/sebastian/ros2_ws/install/my_package:/home/sebastian/ros2_ws/install/motor_control:/home/sebastian/ros2_ws/install/mobile_robotics:/home/sebastian/ros2_ws/install/joints_act:/home/sebastian/ros2_ws/install/basic_comms:/home/sebastian/dev_ws/install/visual_cobot:/home/sebastian/dev_ws/install/xarm_msgs:/home/sebastian/dev_ws/install/ulite6_move:/home/sebastian/dev_ws/install/uf_ros_lib:/home/sebastian/ros2_ws/src/my_package/install/my_package:/home/sebastian/ros2_ws/src/install/my_package:/home/sebastian/ros2_ws/src/install/basic_comms:/opt/ros/humble /usr/bin/cmake --build /home/sebastian/Juanma/SLAM_Puzzlebot_Orbitrons/puzzlebot_ws/build/puzzlebot_navigation2 -- -j6 -l6
[1.335s] DEBUG:colcon.colcon_core.event_handler.log_command:Invoking command in '/home/sebastian/Juanma/SLAM_Puzzlebot_Orbitrons/puzzlebot_ws/build/puzzlebot_navigation2': CMAKE_PREFIX_PATH=${CMAKE_PREFIX_PATH}:/home/sebastian/ros2_ws/install/tf_examples:/home/sebastian/ros2_ws/install/puzzlebot_sim:/home/sebastian/ros2_ws/install/puzzlebot_gazebo:/home/sebastian/ros2_ws/install/puzzlebot_description:/home/sebastian/ros2_ws/install/my_package:/home/sebastian/ros2_ws/install/motor_control:/home/sebastian/ros2_ws/install/mobile_robotics:/home/sebastian/ros2_ws/install/joints_act:/home/sebastian/ros2_ws/install/basic_comms:/home/sebastian/dev_ws/install/visual_cobot:/home/sebastian/dev_ws/install/xarm_msgs:/home/sebastian/dev_ws/install/ulite6_move:/home/sebastian/dev_ws/install/uf_ros_lib:/home/sebastian/ros2_ws/src/my_package/install/my_package:/home/sebastian/ros2_ws/src/install/my_package:/home/sebastian/ros2_ws/src/install/basic_comms:/opt/ros/humble /usr/bin/cmake --install /home/sebastian/Juanma/SLAM_Puzzlebot_Orbitrons/puzzlebot_ws/build/puzzlebot_navigation2
[1.346s] Level 1:colcon.colcon_core.environment:create_environment_scripts_only(puzzlebot_description)
[1.349s] DEBUG:colcon.colcon_core.event_handler.log_command:Invoked command in '/home/sebastian/Juanma/SLAM_Puzzlebot_Orbitrons/puzzlebot_ws/build/puzzlebot_description' returned '0': CMAKE_PREFIX_PATH=${CMAKE_PREFIX_PATH}:/home/sebastian/ros2_ws/install/tf_examples:/home/sebastian/ros2_ws/install/puzzlebot_sim:/home/sebastian/ros2_ws/install/puzzlebot_gazebo:/home/sebastian/ros2_ws/install/puzzlebot_description:/home/sebastian/ros2_ws/install/my_package:/home/sebastian/ros2_ws/install/motor_control:/home/sebastian/ros2_ws/install/mobile_robotics:/home/sebastian/ros2_ws/install/joints_act:/home/sebastian/ros2_ws/install/basic_comms:/home/sebastian/dev_ws/install/visual_cobot:/home/sebastian/dev_ws/install/xarm_msgs:/home/sebastian/dev_ws/install/ulite6_move:/home/sebastian/dev_ws/install/uf_ros_lib:/home/sebastian/ros2_ws/src/my_package/install/my_package:/home/sebastian/ros2_ws/src/install/my_package:/home/sebastian/ros2_ws/src/install/basic_comms:/opt/ros/humble /usr/bin/cmake --install /home/sebastian/Juanma/SLAM_Puzzlebot_Orbitrons/puzzlebot_ws/build/puzzlebot_description
[1.353s] Level 1:colcon.colcon_core.environment:checking '/home/sebastian/Juanma/SLAM_Puzzlebot_Orbitrons/puzzlebot_ws/install/puzzlebot_description' for CMake module files
[1.353s] Level 1:colcon.colcon_core.environment:checking '/home/sebastian/Juanma/SLAM_Puzzlebot_Orbitrons/puzzlebot_ws/install/puzzlebot_description' for CMake config files
[1.354s] Level 1:colcon.colcon_core.shell:create_environment_hook('puzzlebot_description', 'cmake_prefix_path')
[1.354s] INFO:colcon.colcon_core.shell:Creating environment hook '/home/sebastian/Juanma/SLAM_Puzzlebot_Orbitrons/puzzlebot_ws/install/puzzlebot_description/share/puzzlebot_description/hook/cmake_prefix_path.ps1'
[1.354s] INFO:colcon.colcon_core.shell:Creating environment descriptor '/home/sebastian/Juanma/SLAM_Puzzlebot_Orbitrons/puzzlebot_ws/install/puzzlebot_description/share/puzzlebot_description/hook/cmake_prefix_path.dsv'
[1.355s] INFO:colcon.colcon_core.shell:Creating environment hook '/home/sebastian/Juanma/SLAM_Puzzlebot_Orbitrons/puzzlebot_ws/install/puzzlebot_description/share/puzzlebot_description/hook/cmake_prefix_path.sh'
[1.355s] Level 1:colcon.colcon_core.environment:checking '/home/sebastian/Juanma/SLAM_Puzzlebot_Orbitrons/puzzlebot_ws/install/puzzlebot_description/bin'
[1.356s] Level 1:colcon.colcon_core.environment:checking '/home/sebastian/Juanma/SLAM_Puzzlebot_Orbitrons/puzzlebot_ws/install/puzzlebot_description/lib/pkgconfig/puzzlebot_description.pc'
[1.356s] Level 1:colcon.colcon_core.environment:checking '/home/sebastian/Juanma/SLAM_Puzzlebot_Orbitrons/puzzlebot_ws/install/puzzlebot_description/lib/python3.10/site-packages'
[1.356s] Level 1:colcon.colcon_core.environment:checking '/home/sebastian/Juanma/SLAM_Puzzlebot_Orbitrons/puzzlebot_ws/install/puzzlebot_description/bin'
[1.356s] INFO:colcon.colcon_core.shell:Creating package script '/home/sebastian/Juanma/SLAM_Puzzlebot_Orbitrons/puzzlebot_ws/install/puzzlebot_description/share/puzzlebot_description/package.ps1'
[1.357s] INFO:colcon.colcon_core.shell:Creating package descriptor '/home/sebastian/Juanma/SLAM_Puzzlebot_Orbitrons/puzzlebot_ws/install/puzzlebot_description/share/puzzlebot_description/package.dsv'
[1.357s] INFO:colcon.colcon_core.shell:Creating package script '/home/sebastian/Juanma/SLAM_Puzzlebot_Orbitrons/puzzlebot_ws/install/puzzlebot_description/share/puzzlebot_description/package.sh'
[1.358s] INFO:colcon.colcon_core.shell:Creating package script '/home/sebastian/Juanma/SLAM_Puzzlebot_Orbitrons/puzzlebot_ws/install/puzzlebot_description/share/puzzlebot_description/package.bash'
[1.359s] INFO:colcon.colcon_core.shell:Creating package script '/home/sebastian/Juanma/SLAM_Puzzlebot_Orbitrons/puzzlebot_ws/install/puzzlebot_description/share/puzzlebot_description/package.zsh'
[1.359s] Level 1:colcon.colcon_core.environment:create_file_with_runtime_dependencies(/home/sebastian/Juanma/SLAM_Puzzlebot_Orbitrons/puzzlebot_ws/install/puzzlebot_description/share/colcon-core/packages/puzzlebot_description)
[1.360s] Level 1:colcon.colcon_core.environment:create_environment_scripts_only(puzzlebot_description)
[1.360s] Level 1:colcon.colcon_core.environment:checking '/home/sebastian/Juanma/SLAM_Puzzlebot_Orbitrons/puzzlebot_ws/install/puzzlebot_description' for CMake module files
[1.360s] Level 1:colcon.colcon_core.environment:checking '/home/sebastian/Juanma/SLAM_Puzzlebot_Orbitrons/puzzlebot_ws/install/puzzlebot_description' for CMake config files
[1.360s] Level 1:colcon.colcon_core.shell:create_environment_hook('puzzlebot_description', 'cmake_prefix_path')
[1.360s] INFO:colcon.colcon_core.shell:Creating environment hook '/home/sebastian/Juanma/SLAM_Puzzlebot_Orbitrons/puzzlebot_ws/install/puzzlebot_description/share/puzzlebot_description/hook/cmake_prefix_path.ps1'
[1.361s] INFO:colcon.colcon_core.shell:Creating environment descriptor '/home/sebastian/Juanma/SLAM_Puzzlebot_Orbitrons/puzzlebot_ws/install/puzzlebot_description/share/puzzlebot_description/hook/cmake_prefix_path.dsv'
[1.361s] INFO:colcon.colcon_core.shell:Creating environment hook '/home/sebastian/Juanma/SLAM_Puzzlebot_Orbitrons/puzzlebot_ws/install/puzzlebot_description/share/puzzlebot_description/hook/cmake_prefix_path.sh'
[1.362s] Level 1:colcon.colcon_core.environment:checking '/home/sebastian/Juanma/SLAM_Puzzlebot_Orbitrons/puzzlebot_ws/install/puzzlebot_description/bin'
[1.362s] Level 1:colcon.colcon_core.environment:checking '/home/sebastian/Juanma/SLAM_Puzzlebot_Orbitrons/puzzlebot_ws/install/puzzlebot_description/lib/pkgconfig/puzzlebot_description.pc'
[1.362s] Level 1:colcon.colcon_core.environment:checking '/home/sebastian/Juanma/SLAM_Puzzlebot_Orbitrons/puzzlebot_ws/install/puzzlebot_description/lib/python3.10/site-packages'
[1.362s] Level 1:colcon.colcon_core.environment:checking '/home/sebastian/Juanma/SLAM_Puzzlebot_Orbitrons/puzzlebot_ws/install/puzzlebot_description/bin'
[1.363s] INFO:colcon.colcon_core.shell:Creating package script '/home/sebastian/Juanma/SLAM_Puzzlebot_Orbitrons/puzzlebot_ws/install/puzzlebot_description/share/puzzlebot_description/package.ps1'
[1.363s] INFO:colcon.colcon_core.shell:Creating package descriptor '/home/sebastian/Juanma/SLAM_Puzzlebot_Orbitrons/puzzlebot_ws/install/puzzlebot_description/share/puzzlebot_description/package.dsv'
[1.363s] INFO:colcon.colcon_core.shell:Creating package script '/home/sebastian/Juanma/SLAM_Puzzlebot_Orbitrons/puzzlebot_ws/install/puzzlebot_description/share/puzzlebot_description/package.sh'
[1.364s] INFO:colcon.colcon_core.shell:Creating package script '/home/sebastian/Juanma/SLAM_Puzzlebot_Orbitrons/puzzlebot_ws/install/puzzlebot_description/share/puzzlebot_description/package.bash'
[1.364s] INFO:colcon.colcon_core.shell:Creating package script '/home/sebastian/Juanma/SLAM_Puzzlebot_Orbitrons/puzzlebot_ws/install/puzzlebot_description/share/puzzlebot_description/package.zsh'
[1.365s] Level 1:colcon.colcon_core.environment:create_file_with_runtime_dependencies(/home/sebastian/Juanma/SLAM_Puzzlebot_Orbitrons/puzzlebot_ws/install/puzzlebot_description/share/colcon-core/packages/puzzlebot_description)
[1.366s] Level 1:colcon.colcon_core.environment:create_environment_scripts_only(puzzlebot_gazebo)
[1.367s] Level 1:colcon.colcon_core.environment:checking '/home/sebastian/Juanma/SLAM_Puzzlebot_Orbitrons/puzzlebot_ws/install/puzzlebot_gazebo' for CMake module files
[1.368s] DEBUG:colcon.colcon_core.event_handler.log_command:Invoked command in '/home/sebastian/Juanma/SLAM_Puzzlebot_Orbitrons/puzzlebot_ws/build/puzzlebot_gazebo' returned '0': CMAKE_PREFIX_PATH=${CMAKE_PREFIX_PATH}:/home/sebastian/ros2_ws/install/tf_examples:/home/sebastian/ros2_ws/install/puzzlebot_sim:/home/sebastian/ros2_ws/install/puzzlebot_gazebo:/home/sebastian/ros2_ws/install/puzzlebot_description:/home/sebastian/ros2_ws/install/my_package:/home/sebastian/ros2_ws/install/motor_control:/home/sebastian/ros2_ws/install/mobile_robotics:/home/sebastian/ros2_ws/install/joints_act:/home/sebastian/ros2_ws/install/basic_comms:/home/sebastian/dev_ws/install/visual_cobot:/home/sebastian/dev_ws/install/xarm_msgs:/home/sebastian/dev_ws/install/ulite6_move:/home/sebastian/dev_ws/install/uf_ros_lib:/home/sebastian/ros2_ws/src/my_package/install/my_package:/home/sebastian/ros2_ws/src/install/my_package:/home/sebastian/ros2_ws/src/install/basic_comms:/opt/ros/humble /usr/bin/cmake --install /home/sebastian/Juanma/SLAM_Puzzlebot_Orbitrons/puzzlebot_ws/build/puzzlebot_gazebo
[1.368s] Level 1:colcon.colcon_core.environment:checking '/home/sebastian/Juanma/SLAM_Puzzlebot_Orbitrons/puzzlebot_ws/install/puzzlebot_gazebo' for CMake config files
[1.369s] Level 1:colcon.colcon_core.shell:create_environment_hook('puzzlebot_gazebo', 'cmake_prefix_path')
[1.369s] INFO:colcon.colcon_core.shell:Creating environment hook '/home/sebastian/Juanma/SLAM_Puzzlebot_Orbitrons/puzzlebot_ws/install/puzzlebot_gazebo/share/puzzlebot_gazebo/hook/cmake_prefix_path.ps1'
[1.369s] INFO:colcon.colcon_core.shell:Creating environment descriptor '/home/sebastian/Juanma/SLAM_Puzzlebot_Orbitrons/puzzlebot_ws/install/puzzlebot_gazebo/share/puzzlebot_gazebo/hook/cmake_prefix_path.dsv'
[1.370s] INFO:colcon.colcon_core.shell:Creating environment hook '/home/sebastian/Juanma/SLAM_Puzzlebot_Orbitrons/puzzlebot_ws/install/puzzlebot_gazebo/share/puzzlebot_gazebo/hook/cmake_prefix_path.sh'
[1.370s] Level 1:colcon.colcon_core.environment:checking '/home/sebastian/Juanma/SLAM_Puzzlebot_Orbitrons/puzzlebot_ws/install/puzzlebot_gazebo/bin'
[1.370s] Level 1:colcon.colcon_core.environment:checking '/home/sebastian/Juanma/SLAM_Puzzlebot_Orbitrons/puzzlebot_ws/install/puzzlebot_gazebo/lib/pkgconfig/puzzlebot_gazebo.pc'
[1.370s] Level 1:colcon.colcon_core.environment:checking '/home/sebastian/Juanma/SLAM_Puzzlebot_Orbitrons/puzzlebot_ws/install/puzzlebot_gazebo/lib/python3.10/site-packages'
[1.370s] Level 1:colcon.colcon_core.environment:checking '/home/sebastian/Juanma/SLAM_Puzzlebot_Orbitrons/puzzlebot_ws/install/puzzlebot_gazebo/bin'
[1.370s] INFO:colcon.colcon_core.shell:Creating package script '/home/sebastian/Juanma/SLAM_Puzzlebot_Orbitrons/puzzlebot_ws/install/puzzlebot_gazebo/share/puzzlebot_gazebo/package.ps1'
[1.371s] INFO:colcon.colcon_core.shell:Creating package descriptor '/home/sebastian/Juanma/SLAM_Puzzlebot_Orbitrons/puzzlebot_ws/install/puzzlebot_gazebo/share/puzzlebot_gazebo/package.dsv'
[1.371s] INFO:colcon.colcon_core.shell:Creating package script '/home/sebastian/Juanma/SLAM_Puzzlebot_Orbitrons/puzzlebot_ws/install/puzzlebot_gazebo/share/puzzlebot_gazebo/package.sh'
[1.372s] INFO:colcon.colcon_core.shell:Creating package script '/home/sebastian/Juanma/SLAM_Puzzlebot_Orbitrons/puzzlebot_ws/install/puzzlebot_gazebo/share/puzzlebot_gazebo/package.bash'
[1.372s] INFO:colcon.colcon_core.shell:Creating package script '/home/sebastian/Juanma/SLAM_Puzzlebot_Orbitrons/puzzlebot_ws/install/puzzlebot_gazebo/share/puzzlebot_gazebo/package.zsh'
[1.372s] Level 1:colcon.colcon_core.environment:create_file_with_runtime_dependencies(/home/sebastian/Juanma/SLAM_Puzzlebot_Orbitrons/puzzlebot_ws/install/puzzlebot_gazebo/share/colcon-core/packages/puzzlebot_gazebo)
[1.373s] Level 1:colcon.colcon_core.environment:create_environment_scripts_only(puzzlebot_gazebo)
[1.373s] Level 1:colcon.colcon_core.environment:checking '/home/sebastian/Juanma/SLAM_Puzzlebot_Orbitrons/puzzlebot_ws/install/puzzlebot_gazebo' for CMake module files
[1.373s] Level 1:colcon.colcon_core.environment:checking '/home/sebastian/Juanma/SLAM_Puzzlebot_Orbitrons/puzzlebot_ws/install/puzzlebot_gazebo' for CMake config files
[1.373s] Level 1:colcon.colcon_core.shell:create_environment_hook('puzzlebot_gazebo', 'cmake_prefix_path')
[1.373s] INFO:colcon.colcon_core.shell:Creating environment hook '/home/sebastian/Juanma/SLAM_Puzzlebot_Orbitrons/puzzlebot_ws/install/puzzlebot_gazebo/share/puzzlebot_gazebo/hook/cmake_prefix_path.ps1'
[1.374s] INFO:colcon.colcon_core.shell:Creating environment descriptor '/home/sebastian/Juanma/SLAM_Puzzlebot_Orbitrons/puzzlebot_ws/install/puzzlebot_gazebo/share/puzzlebot_gazebo/hook/cmake_prefix_path.dsv'
[1.374s] INFO:colcon.colcon_core.shell:Creating environment hook '/home/sebastian/Juanma/SLAM_Puzzlebot_Orbitrons/puzzlebot_ws/install/puzzlebot_gazebo/share/puzzlebot_gazebo/hook/cmake_prefix_path.sh'
[1.375s] Level 1:colcon.colcon_core.environment:checking '/home/sebastian/Juanma/SLAM_Puzzlebot_Orbitrons/puzzlebot_ws/install/puzzlebot_gazebo/bin'
[1.375s] Level 1:colcon.colcon_core.environment:checking '/home/sebastian/Juanma/SLAM_Puzzlebot_Orbitrons/puzzlebot_ws/install/puzzlebot_gazebo/lib/pkgconfig/puzzlebot_gazebo.pc'
[1.375s] Level 1:colcon.colcon_core.environment:checking '/home/sebastian/Juanma/SLAM_Puzzlebot_Orbitrons/puzzlebot_ws/install/puzzlebot_gazebo/lib/python3.10/site-packages'
[1.375s] Level 1:colcon.colcon_core.environment:checking '/home/sebastian/Juanma/SLAM_Puzzlebot_Orbitrons/puzzlebot_ws/install/puzzlebot_gazebo/bin'
[1.375s] INFO:colcon.colcon_core.shell:Creating package script '/home/sebastian/Juanma/SLAM_Puzzlebot_Orbitrons/puzzlebot_ws/install/puzzlebot_gazebo/share/puzzlebot_gazebo/package.ps1'
[1.376s] INFO:colcon.colcon_core.shell:Creating package descriptor '/home/sebastian/Juanma/SLAM_Puzzlebot_Orbitrons/puzzlebot_ws/install/puzzlebot_gazebo/share/puzzlebot_gazebo/package.dsv'
[1.376s] INFO:colcon.colcon_core.shell:Creating package script '/home/sebastian/Juanma/SLAM_Puzzlebot_Orbitrons/puzzlebot_ws/install/puzzlebot_gazebo/share/puzzlebot_gazebo/package.sh'
[1.377s] INFO:colcon.colcon_core.shell:Creating package script '/home/sebastian/Juanma/SLAM_Puzzlebot_Orbitrons/puzzlebot_ws/install/puzzlebot_gazebo/share/puzzlebot_gazebo/package.bash'
[1.377s] INFO:colcon.colcon_core.shell:Creating package script '/home/sebastian/Juanma/SLAM_Puzzlebot_Orbitrons/puzzlebot_ws/install/puzzlebot_gazebo/share/puzzlebot_gazebo/package.zsh'
[1.378s] Level 1:colcon.colcon_core.environment:create_file_with_runtime_dependencies(/home/sebastian/Juanma/SLAM_Puzzlebot_Orbitrons/puzzlebot_ws/install/puzzlebot_gazebo/share/colcon-core/packages/puzzlebot_gazebo)
[1.378s] Level 1:colcon.colcon_core.environment:create_environment_scripts_only(puzzlebot_navigation2)
[1.379s] Level 1:colcon.colcon_core.environment:checking '/home/sebastian/Juanma/SLAM_Puzzlebot_Orbitrons/puzzlebot_ws/install/puzzlebot_navigation2' for CMake module files
[1.379s] DEBUG:colcon.colcon_core.event_handler.log_command:Invoked command in '/home/sebastian/Juanma/SLAM_Puzzlebot_Orbitrons/puzzlebot_ws/build/puzzlebot_navigation2' returned '0': CMAKE_PREFIX_PATH=${CMAKE_PREFIX_PATH}:/home/sebastian/ros2_ws/install/tf_examples:/home/sebastian/ros2_ws/install/puzzlebot_sim:/home/sebastian/ros2_ws/install/puzzlebot_gazebo:/home/sebastian/ros2_ws/install/puzzlebot_description:/home/sebastian/ros2_ws/install/my_package:/home/sebastian/ros2_ws/install/motor_control:/home/sebastian/ros2_ws/install/mobile_robotics:/home/sebastian/ros2_ws/install/joints_act:/home/sebastian/ros2_ws/install/basic_comms:/home/sebastian/dev_ws/install/visual_cobot:/home/sebastian/dev_ws/install/xarm_msgs:/home/sebastian/dev_ws/install/ulite6_move:/home/sebastian/dev_ws/install/uf_ros_lib:/home/sebastian/ros2_ws/src/my_package/install/my_package:/home/sebastian/ros2_ws/src/install/my_package:/home/sebastian/ros2_ws/src/install/basic_comms:/opt/ros/humble /usr/bin/cmake --install /home/sebastian/Juanma/SLAM_Puzzlebot_Orbitrons/puzzlebot_ws/build/puzzlebot_navigation2
[1.380s] Level 1:colcon.colcon_core.environment:checking '/home/sebastian/Juanma/SLAM_Puzzlebot_Orbitrons/puzzlebot_ws/install/puzzlebot_navigation2' for CMake config files
[1.380s] Level 1:colcon.colcon_core.shell:create_environment_hook('puzzlebot_navigation2', 'cmake_prefix_path')
[1.380s] INFO:colcon.colcon_core.shell:Creating environment hook '/home/sebastian/Juanma/SLAM_Puzzlebot_Orbitrons/puzzlebot_ws/install/puzzlebot_navigation2/share/puzzlebot_navigation2/hook/cmake_prefix_path.ps1'
[1.380s] INFO:colcon.colcon_core.shell:Creating environment descriptor '/home/sebastian/Juanma/SLAM_Puzzlebot_Orbitrons/puzzlebot_ws/install/puzzlebot_navigation2/share/puzzlebot_navigation2/hook/cmake_prefix_path.dsv'
[1.381s] INFO:colcon.colcon_core.shell:Creating environment hook '/home/sebastian/Juanma/SLAM_Puzzlebot_Orbitrons/puzzlebot_ws/install/puzzlebot_navigation2/share/puzzlebot_navigation2/hook/cmake_prefix_path.sh'
[1.381s] Level 1:colcon.colcon_core.environment:checking '/home/sebastian/Juanma/SLAM_Puzzlebot_Orbitrons/puzzlebot_ws/install/puzzlebot_navigation2/bin'
[1.381s] Level 1:colcon.colcon_core.environment:checking '/home/sebastian/Juanma/SLAM_Puzzlebot_Orbitrons/puzzlebot_ws/install/puzzlebot_navigation2/lib/pkgconfig/puzzlebot_navigation2.pc'
[1.382s] Level 1:colcon.colcon_core.environment:checking '/home/sebastian/Juanma/SLAM_Puzzlebot_Orbitrons/puzzlebot_ws/install/puzzlebot_navigation2/lib/python3.10/site-packages'
[1.382s] Level 1:colcon.colcon_core.environment:checking '/home/sebastian/Juanma/SLAM_Puzzlebot_Orbitrons/puzzlebot_ws/install/puzzlebot_navigation2/bin'
[1.382s] INFO:colcon.colcon_core.shell:Creating package script '/home/sebastian/Juanma/SLAM_Puzzlebot_Orbitrons/puzzlebot_ws/install/puzzlebot_navigation2/share/puzzlebot_navigation2/package.ps1'
[1.382s] INFO:colcon.colcon_core.shell:Creating package descriptor '/home/sebastian/Juanma/SLAM_Puzzlebot_Orbitrons/puzzlebot_ws/install/puzzlebot_navigation2/share/puzzlebot_navigation2/package.dsv'
[1.383s] INFO:colcon.colcon_core.shell:Creating package script '/home/sebastian/Juanma/SLAM_Puzzlebot_Orbitrons/puzzlebot_ws/install/puzzlebot_navigation2/share/puzzlebot_navigation2/package.sh'
[1.383s] INFO:colcon.colcon_core.shell:Creating package script '/home/sebastian/Juanma/SLAM_Puzzlebot_Orbitrons/puzzlebot_ws/install/puzzlebot_navigation2/share/puzzlebot_navigation2/package.bash'
[1.384s] INFO:colcon.colcon_core.shell:Creating package script '/home/sebastian/Juanma/SLAM_Puzzlebot_Orbitrons/puzzlebot_ws/install/puzzlebot_navigation2/share/puzzlebot_navigation2/package.zsh'
[1.384s] Level 1:colcon.colcon_core.environment:create_file_with_runtime_dependencies(/home/sebastian/Juanma/SLAM_Puzzlebot_Orbitrons/puzzlebot_ws/install/puzzlebot_navigation2/share/colcon-core/packages/puzzlebot_navigation2)
[1.385s] Level 1:colcon.colcon_core.environment:create_environment_scripts_only(puzzlebot_navigation2)
[1.385s] Level 1:colcon.colcon_core.environment:checking '/home/sebastian/Juanma/SLAM_Puzzlebot_Orbitrons/puzzlebot_ws/install/puzzlebot_navigation2' for CMake module files
[1.385s] Level 1:colcon.colcon_core.environment:checking '/home/sebastian/Juanma/SLAM_Puzzlebot_Orbitrons/puzzlebot_ws/install/puzzlebot_navigation2' for CMake config files
[1.385s] Level 1:colcon.colcon_core.shell:create_environment_hook('puzzlebot_navigation2', 'cmake_prefix_path')
[1.386s] INFO:colcon.colcon_core.shell:Creating environment hook '/home/sebastian/Juanma/SLAM_Puzzlebot_Orbitrons/puzzlebot_ws/install/puzzlebot_navigation2/share/puzzlebot_navigation2/hook/cmake_prefix_path.ps1'
[1.386s] INFO:colcon.colcon_core.shell:Creating environment descriptor '/home/sebastian/Juanma/SLAM_Puzzlebot_Orbitrons/puzzlebot_ws/install/puzzlebot_navigation2/share/puzzlebot_navigation2/hook/cmake_prefix_path.dsv'
[1.386s] INFO:colcon.colcon_core.shell:Creating environment hook '/home/sebastian/Juanma/SLAM_Puzzlebot_Orbitrons/puzzlebot_ws/install/puzzlebot_navigation2/share/puzzlebot_navigation2/hook/cmake_prefix_path.sh'
[1.387s] Level 1:colcon.colcon_core.environment:checking '/home/sebastian/Juanma/SLAM_Puzzlebot_Orbitrons/puzzlebot_ws/install/puzzlebot_navigation2/bin'
[1.387s] Level 1:colcon.colcon_core.environment:checking '/home/sebastian/Juanma/SLAM_Puzzlebot_Orbitrons/puzzlebot_ws/install/puzzlebot_navigation2/lib/pkgconfig/puzzlebot_navigation2.pc'
[1.387s] Level 1:colcon.colcon_core.environment:checking '/home/sebastian/Juanma/SLAM_Puzzlebot_Orbitrons/puzzlebot_ws/install/puzzlebot_navigation2/lib/python3.10/site-packages'
[1.387s] Level 1:colcon.colcon_core.environment:checking '/home/sebastian/Juanma/SLAM_Puzzlebot_Orbitrons/puzzlebot_ws/install/puzzlebot_navigation2/bin'
[1.388s] INFO:colcon.colcon_core.shell:Creating package script '/home/sebastian/Juanma/SLAM_Puzzlebot_Orbitrons/puzzlebot_ws/install/puzzlebot_navigation2/share/puzzlebot_navigation2/package.ps1'
[1.388s] INFO:colcon.colcon_core.shell:Creating package descriptor '/home/sebastian/Juanma/SLAM_Puzzlebot_Orbitrons/puzzlebot_ws/install/puzzlebot_navigation2/share/puzzlebot_navigation2/package.dsv'
[1.388s] INFO:colcon.colcon_core.shell:Creating package script '/home/sebastian/Juanma/SLAM_Puzzlebot_Orbitrons/puzzlebot_ws/install/puzzlebot_navigation2/share/puzzlebot_navigation2/package.sh'
[1.389s] INFO:colcon.colcon_core.shell:Creating package script '/home/sebastian/Juanma/SLAM_Puzzlebot_Orbitrons/puzzlebot_ws/install/puzzlebot_navigation2/share/puzzlebot_navigation2/package.bash'
[1.389s] INFO:colcon.colcon_core.shell:Creating package script '/home/sebastian/Juanma/SLAM_Puzzlebot_Orbitrons/puzzlebot_ws/install/puzzlebot_navigation2/share/puzzlebot_navigation2/package.zsh'
[1.390s] Level 1:colcon.colcon_core.environment:create_file_with_runtime_dependencies(/home/sebastian/Juanma/SLAM_Puzzlebot_Orbitrons/puzzlebot_ws/install/puzzlebot_navigation2/share/colcon-core/packages/puzzlebot_navigation2)
[1.390s] DEBUG:colcon.colcon_parallel_executor.executor.parallel:closing loop
[1.390s] DEBUG:colcon.colcon_parallel_executor.executor.parallel:loop closed
[1.390s] DEBUG:colcon.colcon_parallel_executor.executor.parallel:run_until_complete finished with '0'
[1.391s] DEBUG:colcon.colcon_core.event_reactor:joining thread
[1.399s] INFO:colcon.colcon_core.plugin_system:Skipping extension 'colcon_notification.desktop_notification.terminal_notifier': Not used on non-Darwin systems
[1.399s] INFO:colcon.colcon_core.plugin_system:Skipping extension 'colcon_notification.desktop_notification.win32': Not used on non-Windows systems
[1.399s] INFO:colcon.colcon_notification.desktop_notification:Sending desktop notification using 'notify2'
[1.413s] DEBUG:colcon.colcon_core.event_reactor:joined thread
[1.413s] INFO:colcon.colcon_core.shell:Creating prefix script '/home/sebastian/Juanma/SLAM_Puzzlebot_Orbitrons/puzzlebot_ws/install/local_setup.ps1'
[1.414s] INFO:colcon.colcon_core.shell:Creating prefix util module '/home/sebastian/Juanma/SLAM_Puzzlebot_Orbitrons/puzzlebot_ws/install/_local_setup_util_ps1.py'
[1.415s] INFO:colcon.colcon_core.shell:Creating prefix chain script '/home/sebastian/Juanma/SLAM_Puzzlebot_Orbitrons/puzzlebot_ws/install/setup.ps1'
[1.417s] INFO:colcon.colcon_core.shell:Creating prefix script '/home/sebastian/Juanma/SLAM_Puzzlebot_Orbitrons/puzzlebot_ws/install/local_setup.sh'
[1.418s] INFO:colcon.colcon_core.shell:Creating prefix util module '/home/sebastian/Juanma/SLAM_Puzzlebot_Orbitrons/puzzlebot_ws/install/_local_setup_util_sh.py'
[1.418s] INFO:colcon.colcon_core.shell:Creating prefix chain script '/home/sebastian/Juanma/SLAM_Puzzlebot_Orbitrons/puzzlebot_ws/install/setup.sh'
[1.420s] INFO:colcon.colcon_core.shell:Creating prefix script '/home/sebastian/Juanma/SLAM_Puzzlebot_Orbitrons/puzzlebot_ws/install/local_setup.bash'
[1.421s] INFO:colcon.colcon_core.shell:Creating prefix chain script '/home/sebastian/Juanma/SLAM_Puzzlebot_Orbitrons/puzzlebot_ws/install/setup.bash'
[1.422s] INFO:colcon.colcon_core.shell:Creating prefix script '/home/sebastian/Juanma/SLAM_Puzzlebot_Orbitrons/puzzlebot_ws/install/local_setup.zsh'
[1.423s] INFO:colcon.colcon_core.shell:Creating prefix chain script '/home/sebastian/Juanma/SLAM_Puzzlebot_Orbitrons/puzzlebot_ws/install/setup.zsh'
