[0.028s] Invoking command in '/home/sebastian/Juanma/SLAM_Puzzlebot_Orbitrons/puzzlebot_ws/build/puzzlebot_gazebo': CMAKE_PREFIX_PATH=${CMAKE_PREFIX_PATH}:/home/sebastian/ros2_ws/install/tf_examples:/home/sebastian/ros2_ws/install/puzzlebot_sim:/home/sebastian/ros2_ws/install/puzzlebot_gazebo:/home/sebastian/ros2_ws/install/puzzlebot_description:/home/sebastian/ros2_ws/install/my_package:/home/sebastian/ros2_ws/install/motor_control:/home/sebastian/ros2_ws/install/mobile_robotics:/home/sebastian/ros2_ws/install/joints_act:/home/sebastian/ros2_ws/install/basic_comms:/home/sebastian/dev_ws/install/visual_cobot:/home/sebastian/dev_ws/install/xarm_msgs:/home/sebastian/dev_ws/install/ulite6_move:/home/sebastian/dev_ws/install/uf_ros_lib:/home/sebastian/ros2_ws/src/my_package/install/my_package:/home/sebastian/ros2_ws/src/install/my_package:/home/sebastian/ros2_ws/src/install/basic_comms:/opt/ros/humble /usr/bin/cmake /home/sebastian/Juanma/SLAM_Puzzlebot_Orbitrons/puzzlebot_ws/src/puzzlebot_ros2/puzzlebot_gazebo -DCMAKE_INSTALL_PREFIX=/home/sebastian/Juanma/SLAM_Puzzlebot_Orbitrons/puzzlebot_ws/install/puzzlebot_gazebo
[0.094s] -- The C compiler identification is GNU 11.4.0
[0.155s] -- The CXX compiler identification is GNU 11.4.0
[0.163s] -- Detecting C compiler ABI info
[0.251s] -- Detecting C compiler ABI info - done
[0.257s] -- Check for working C compiler: /usr/bin/cc - skipped
[0.257s] -- Detecting C compile features
[0.258s] -- Detecting C compile features - done
[0.260s] -- Detecting CXX compiler ABI info
[0.363s] -- Detecting CXX compiler ABI info - done
[0.368s] -- Check for working CXX compiler: /usr/bin/c++ - skipped
[0.368s] -- Detecting CXX compile features
[0.369s] -- Detecting CXX compile features - done
[0.376s] -- Found ament_cmake: 1.3.11 (/opt/ros/humble/share/ament_cmake/cmake)
[0.569s] -- Found Python3: /usr/bin/python3 (found version "3.10.12") found components: Interpreter 
[0.719s] -- Found ament_lint_auto: 0.12.14 (/opt/ros/humble/share/ament_lint_auto/cmake)
[0.833s] -- Added test 'lint_cmake' to check CMake code style
[0.835s] -- Added test 'xmllint' to check XML markup files
[0.838s] -- Configuring done
[0.842s] -- Generating done
[0.845s] -- Build files have been written to: /home/sebastian/Juanma/SLAM_Puzzlebot_Orbitrons/puzzlebot_ws/build/puzzlebot_gazebo
[0.854s] Invoked command in '/home/sebastian/Juanma/SLAM_Puzzlebot_Orbitrons/puzzlebot_ws/build/puzzlebot_gazebo' returned '0': CMAKE_PREFIX_PATH=${CMAKE_PREFIX_PATH}:/home/sebastian/ros2_ws/install/tf_examples:/home/sebastian/ros2_ws/install/puzzlebot_sim:/home/sebastian/ros2_ws/install/puzzlebot_gazebo:/home/sebastian/ros2_ws/install/puzzlebot_description:/home/sebastian/ros2_ws/install/my_package:/home/sebastian/ros2_ws/install/motor_control:/home/sebastian/ros2_ws/install/mobile_robotics:/home/sebastian/ros2_ws/install/joints_act:/home/sebastian/ros2_ws/install/basic_comms:/home/sebastian/dev_ws/install/visual_cobot:/home/sebastian/dev_ws/install/xarm_msgs:/home/sebastian/dev_ws/install/ulite6_move:/home/sebastian/dev_ws/install/uf_ros_lib:/home/sebastian/ros2_ws/src/my_package/install/my_package:/home/sebastian/ros2_ws/src/install/my_package:/home/sebastian/ros2_ws/src/install/basic_comms:/opt/ros/humble /usr/bin/cmake /home/sebastian/Juanma/SLAM_Puzzlebot_Orbitrons/puzzlebot_ws/src/puzzlebot_ros2/puzzlebot_gazebo -DCMAKE_INSTALL_PREFIX=/home/sebastian/Juanma/SLAM_Puzzlebot_Orbitrons/puzzlebot_ws/install/puzzlebot_gazebo
[0.857s] Invoking command in '/home/sebastian/Juanma/SLAM_Puzzlebot_Orbitrons/puzzlebot_ws/build/puzzlebot_gazebo': CMAKE_PREFIX_PATH=${CMAKE_PREFIX_PATH}:/home/sebastian/ros2_ws/install/tf_examples:/home/sebastian/ros2_ws/install/puzzlebot_sim:/home/sebastian/ros2_ws/install/puzzlebot_gazebo:/home/sebastian/ros2_ws/install/puzzlebot_description:/home/sebastian/ros2_ws/install/my_package:/home/sebastian/ros2_ws/install/motor_control:/home/sebastian/ros2_ws/install/mobile_robotics:/home/sebastian/ros2_ws/install/joints_act:/home/sebastian/ros2_ws/install/basic_comms:/home/sebastian/dev_ws/install/visual_cobot:/home/sebastian/dev_ws/install/xarm_msgs:/home/sebastian/dev_ws/install/ulite6_move:/home/sebastian/dev_ws/install/uf_ros_lib:/home/sebastian/ros2_ws/src/my_package/install/my_package:/home/sebastian/ros2_ws/src/install/my_package:/home/sebastian/ros2_ws/src/install/basic_comms:/opt/ros/humble /usr/bin/cmake --build /home/sebastian/Juanma/SLAM_Puzzlebot_Orbitrons/puzzlebot_ws/build/puzzlebot_gazebo -- -j6 -l6
[0.917s] Invoked command in '/home/sebastian/Juanma/SLAM_Puzzlebot_Orbitrons/puzzlebot_ws/build/puzzlebot_gazebo' returned '0': CMAKE_PREFIX_PATH=${CMAKE_PREFIX_PATH}:/home/sebastian/ros2_ws/install/tf_examples:/home/sebastian/ros2_ws/install/puzzlebot_sim:/home/sebastian/ros2_ws/install/puzzlebot_gazebo:/home/sebastian/ros2_ws/install/puzzlebot_description:/home/sebastian/ros2_ws/install/my_package:/home/sebastian/ros2_ws/install/motor_control:/home/sebastian/ros2_ws/install/mobile_robotics:/home/sebastian/ros2_ws/install/joints_act:/home/sebastian/ros2_ws/install/basic_comms:/home/sebastian/dev_ws/install/visual_cobot:/home/sebastian/dev_ws/install/xarm_msgs:/home/sebastian/dev_ws/install/ulite6_move:/home/sebastian/dev_ws/install/uf_ros_lib:/home/sebastian/ros2_ws/src/my_package/install/my_package:/home/sebastian/ros2_ws/src/install/my_package:/home/sebastian/ros2_ws/src/install/basic_comms:/opt/ros/humble /usr/bin/cmake --build /home/sebastian/Juanma/SLAM_Puzzlebot_Orbitrons/puzzlebot_ws/build/puzzlebot_gazebo -- -j6 -l6
[0.919s] Invoking command in '/home/sebastian/Juanma/SLAM_Puzzlebot_Orbitrons/puzzlebot_ws/build/puzzlebot_gazebo': CMAKE_PREFIX_PATH=${CMAKE_PREFIX_PATH}:/home/sebastian/ros2_ws/install/tf_examples:/home/sebastian/ros2_ws/install/puzzlebot_sim:/home/sebastian/ros2_ws/install/puzzlebot_gazebo:/home/sebastian/ros2_ws/install/puzzlebot_description:/home/sebastian/ros2_ws/install/my_package:/home/sebastian/ros2_ws/install/motor_control:/home/sebastian/ros2_ws/install/mobile_robotics:/home/sebastian/ros2_ws/install/joints_act:/home/sebastian/ros2_ws/install/basic_comms:/home/sebastian/dev_ws/install/visual_cobot:/home/sebastian/dev_ws/install/xarm_msgs:/home/sebastian/dev_ws/install/ulite6_move:/home/sebastian/dev_ws/install/uf_ros_lib:/home/sebastian/ros2_ws/src/my_package/install/my_package:/home/sebastian/ros2_ws/src/install/my_package:/home/sebastian/ros2_ws/src/install/basic_comms:/opt/ros/humble /usr/bin/cmake --install /home/sebastian/Juanma/SLAM_Puzzlebot_Orbitrons/puzzlebot_ws/build/puzzlebot_gazebo
[0.929s] -- Install configuration: ""
[0.929s] -- Installing: /home/sebastian/Juanma/SLAM_Puzzlebot_Orbitrons/puzzlebot_ws/install/puzzlebot_gazebo/share/ament_index/resource_index/package_run_dependencies/puzzlebot_gazebo
[0.930s] -- Installing: /home/sebastian/Juanma/SLAM_Puzzlebot_Orbitrons/puzzlebot_ws/install/puzzlebot_gazebo/share/ament_index/resource_index/parent_prefix_path/puzzlebot_gazebo
[0.930s] -- Installing: /home/sebastian/Juanma/SLAM_Puzzlebot_Orbitrons/puzzlebot_ws/install/puzzlebot_gazebo/share/puzzlebot_gazebo/environment/ament_prefix_path.sh
[0.930s] -- Installing: /home/sebastian/Juanma/SLAM_Puzzlebot_Orbitrons/puzzlebot_ws/install/puzzlebot_gazebo/share/puzzlebot_gazebo/environment/ament_prefix_path.dsv
[0.931s] -- Installing: /home/sebastian/Juanma/SLAM_Puzzlebot_Orbitrons/puzzlebot_ws/install/puzzlebot_gazebo/share/puzzlebot_gazebo/environment/path.sh
[0.931s] -- Installing: /home/sebastian/Juanma/SLAM_Puzzlebot_Orbitrons/puzzlebot_ws/install/puzzlebot_gazebo/share/puzzlebot_gazebo/environment/path.dsv
[0.931s] -- Installing: /home/sebastian/Juanma/SLAM_Puzzlebot_Orbitrons/puzzlebot_ws/install/puzzlebot_gazebo/share/puzzlebot_gazebo/local_setup.bash
[0.931s] -- Installing: /home/sebastian/Juanma/SLAM_Puzzlebot_Orbitrons/puzzlebot_ws/install/puzzlebot_gazebo/share/puzzlebot_gazebo/local_setup.sh
[0.931s] -- Installing: /home/sebastian/Juanma/SLAM_Puzzlebot_Orbitrons/puzzlebot_ws/install/puzzlebot_gazebo/share/puzzlebot_gazebo/local_setup.zsh
[0.931s] -- Installing: /home/sebastian/Juanma/SLAM_Puzzlebot_Orbitrons/puzzlebot_ws/install/puzzlebot_gazebo/share/puzzlebot_gazebo/local_setup.dsv
[0.932s] -- Installing: /home/sebastian/Juanma/SLAM_Puzzlebot_Orbitrons/puzzlebot_ws/install/puzzlebot_gazebo/share/puzzlebot_gazebo/package.dsv
[0.932s] -- Installing: /home/sebastian/Juanma/SLAM_Puzzlebot_Orbitrons/puzzlebot_ws/install/puzzlebot_gazebo/share/ament_index/resource_index/packages/puzzlebot_gazebo
[0.934s] -- Installing: /home/sebastian/Juanma/SLAM_Puzzlebot_Orbitrons/puzzlebot_ws/install/puzzlebot_gazebo/share/puzzlebot_gazebo/cmake/puzzlebot_gazeboConfig.cmake
[0.934s] -- Installing: /home/sebastian/Juanma/SLAM_Puzzlebot_Orbitrons/puzzlebot_ws/install/puzzlebot_gazebo/share/puzzlebot_gazebo/cmake/puzzlebot_gazeboConfig-version.cmake
[0.935s] -- Installing: /home/sebastian/Juanma/SLAM_Puzzlebot_Orbitrons/puzzlebot_ws/install/puzzlebot_gazebo/share/puzzlebot_gazebo/package.xml
[0.957s] Invoked command in '/home/sebastian/Juanma/SLAM_Puzzlebot_Orbitrons/puzzlebot_ws/build/puzzlebot_gazebo' returned '0': CMAKE_PREFIX_PATH=${CMAKE_PREFIX_PATH}:/home/sebastian/ros2_ws/install/tf_examples:/home/sebastian/ros2_ws/install/puzzlebot_sim:/home/sebastian/ros2_ws/install/puzzlebot_gazebo:/home/sebastian/ros2_ws/install/puzzlebot_description:/home/sebastian/ros2_ws/install/my_package:/home/sebastian/ros2_ws/install/motor_control:/home/sebastian/ros2_ws/install/mobile_robotics:/home/sebastian/ros2_ws/install/joints_act:/home/sebastian/ros2_ws/install/basic_comms:/home/sebastian/dev_ws/install/visual_cobot:/home/sebastian/dev_ws/install/xarm_msgs:/home/sebastian/dev_ws/install/ulite6_move:/home/sebastian/dev_ws/install/uf_ros_lib:/home/sebastian/ros2_ws/src/my_package/install/my_package:/home/sebastian/ros2_ws/src/install/my_package:/home/sebastian/ros2_ws/src/install/basic_comms:/opt/ros/humble /usr/bin/cmake --install /home/sebastian/Juanma/SLAM_Puzzlebot_Orbitrons/puzzlebot_ws/build/puzzlebot_gazebo
