[0.053s] Invoking command in '/home/sebastian/Juanma/SLAM_Puzzlebot_Orbitrons/puzzlebot_ws/src/puzzlebot_ros2/build/puzzlebot_description': CMAKE_PREFIX_PATH=${CMAKE_PREFIX_PATH}:/home/sebastian/ros2_ws/install/tf_examples:/home/sebastian/ros2_ws/install/puzzlebot_sim:/home/sebastian/ros2_ws/install/puzzlebot_gazebo:/home/sebastian/ros2_ws/install/puzzlebot_description:/home/sebastian/ros2_ws/install/my_package:/home/sebastian/ros2_ws/install/motor_control:/home/sebastian/ros2_ws/install/mobile_robotics:/home/sebastian/ros2_ws/install/joints_act:/home/sebastian/ros2_ws/install/basic_comms:/home/sebastian/dev_ws/install/visual_cobot:/home/sebastian/dev_ws/install/xarm_msgs:/home/sebastian/dev_ws/install/ulite6_move:/home/sebastian/dev_ws/install/uf_ros_lib:/home/sebastian/ros2_ws/src/my_package/install/my_package:/home/sebastian/ros2_ws/src/install/tf_examples:/home/sebastian/ros2_ws/src/install/puzzlebot_sim:/home/sebastian/ros2_ws/src/install/puzzlebot_gazebo:/home/sebastian/ros2_ws/src/install/puzzlebot_description:/home/sebastian/ros2_ws/src/install/my_package:/home/sebastian/ros2_ws/src/install/motor_control:/home/sebastian/ros2_ws/src/install/mobile_robotics:/home/sebastian/ros2_ws/src/install/minic3:/home/sebastian/ros2_ws/src/install/joints_act:/home/sebastian/ros2_ws/src/install/basic_comms:/opt/ros/humble /usr/bin/cmake --build /home/sebastian/Juanma/SLAM_Puzzlebot_Orbitrons/puzzlebot_ws/src/puzzlebot_ros2/build/puzzlebot_description -- -j6 -l6
[0.122s] -- Found ament_cmake: 1.3.11 (/opt/ros/humble/share/ament_cmake/cmake)
[0.592s] -- Configuring done
[0.607s] -- Generating done
[0.614s] -- Build files have been written to: /home/sebastian/Juanma/SLAM_Puzzlebot_Orbitrons/puzzlebot_ws/src/puzzlebot_ros2/build/puzzlebot_description
[0.672s] Invoked command in '/home/sebastian/Juanma/SLAM_Puzzlebot_Orbitrons/puzzlebot_ws/src/puzzlebot_ros2/build/puzzlebot_description' returned '0': CMAKE_PREFIX_PATH=${CMAKE_PREFIX_PATH}:/home/sebastian/ros2_ws/install/tf_examples:/home/sebastian/ros2_ws/install/puzzlebot_sim:/home/sebastian/ros2_ws/install/puzzlebot_gazebo:/home/sebastian/ros2_ws/install/puzzlebot_description:/home/sebastian/ros2_ws/install/my_package:/home/sebastian/ros2_ws/install/motor_control:/home/sebastian/ros2_ws/install/mobile_robotics:/home/sebastian/ros2_ws/install/joints_act:/home/sebastian/ros2_ws/install/basic_comms:/home/sebastian/dev_ws/install/visual_cobot:/home/sebastian/dev_ws/install/xarm_msgs:/home/sebastian/dev_ws/install/ulite6_move:/home/sebastian/dev_ws/install/uf_ros_lib:/home/sebastian/ros2_ws/src/my_package/install/my_package:/home/sebastian/ros2_ws/src/install/tf_examples:/home/sebastian/ros2_ws/src/install/puzzlebot_sim:/home/sebastian/ros2_ws/src/install/puzzlebot_gazebo:/home/sebastian/ros2_ws/src/install/puzzlebot_description:/home/sebastian/ros2_ws/src/install/my_package:/home/sebastian/ros2_ws/src/install/motor_control:/home/sebastian/ros2_ws/src/install/mobile_robotics:/home/sebastian/ros2_ws/src/install/minic3:/home/sebastian/ros2_ws/src/install/joints_act:/home/sebastian/ros2_ws/src/install/basic_comms:/opt/ros/humble /usr/bin/cmake --build /home/sebastian/Juanma/SLAM_Puzzlebot_Orbitrons/puzzlebot_ws/src/puzzlebot_ros2/build/puzzlebot_description -- -j6 -l6
[0.703s] Invoking command in '/home/sebastian/Juanma/SLAM_Puzzlebot_Orbitrons/puzzlebot_ws/src/puzzlebot_ros2/build/puzzlebot_description': CMAKE_PREFIX_PATH=${CMAKE_PREFIX_PATH}:/home/sebastian/ros2_ws/install/tf_examples:/home/sebastian/ros2_ws/install/puzzlebot_sim:/home/sebastian/ros2_ws/install/puzzlebot_gazebo:/home/sebastian/ros2_ws/install/puzzlebot_description:/home/sebastian/ros2_ws/install/my_package:/home/sebastian/ros2_ws/install/motor_control:/home/sebastian/ros2_ws/install/mobile_robotics:/home/sebastian/ros2_ws/install/joints_act:/home/sebastian/ros2_ws/install/basic_comms:/home/sebastian/dev_ws/install/visual_cobot:/home/sebastian/dev_ws/install/xarm_msgs:/home/sebastian/dev_ws/install/ulite6_move:/home/sebastian/dev_ws/install/uf_ros_lib:/home/sebastian/ros2_ws/src/my_package/install/my_package:/home/sebastian/ros2_ws/src/install/tf_examples:/home/sebastian/ros2_ws/src/install/puzzlebot_sim:/home/sebastian/ros2_ws/src/install/puzzlebot_gazebo:/home/sebastian/ros2_ws/src/install/puzzlebot_description:/home/sebastian/ros2_ws/src/install/my_package:/home/sebastian/ros2_ws/src/install/motor_control:/home/sebastian/ros2_ws/src/install/mobile_robotics:/home/sebastian/ros2_ws/src/install/minic3:/home/sebastian/ros2_ws/src/install/joints_act:/home/sebastian/ros2_ws/src/install/basic_comms:/opt/ros/humble /usr/bin/cmake --install /home/sebastian/Juanma/SLAM_Puzzlebot_Orbitrons/puzzlebot_ws/src/puzzlebot_ros2/build/puzzlebot_description
[0.720s] -- Install configuration: ""
[0.720s] -- Up-to-date: /home/sebastian/Juanma/SLAM_Puzzlebot_Orbitrons/puzzlebot_ws/src/puzzlebot_ros2/install/puzzlebot_description/share/puzzlebot_description/urdf
[0.721s] -- Installing: /home/sebastian/Juanma/SLAM_Puzzlebot_Orbitrons/puzzlebot_ws/src/puzzlebot_ros2/install/puzzlebot_description/share/puzzlebot_description/urdf/puzzlebot.urdf
[0.721s] -- Up-to-date: /home/sebastian/Juanma/SLAM_Puzzlebot_Orbitrons/puzzlebot_ws/src/puzzlebot_ros2/install/puzzlebot_description/share/puzzlebot_description/urdf/puzzlebot.xacro
[0.722s] -- Up-to-date: /home/sebastian/Juanma/SLAM_Puzzlebot_Orbitrons/puzzlebot_ws/src/puzzlebot_ros2/install/puzzlebot_description/share/puzzlebot_description/rviz
[0.722s] -- Installing: /home/sebastian/Juanma/SLAM_Puzzlebot_Orbitrons/puzzlebot_ws/src/puzzlebot_ros2/install/puzzlebot_description/share/puzzlebot_description/rviz/puzzlebot_description.rviz
[0.722s] -- Up-to-date: /home/sebastian/Juanma/SLAM_Puzzlebot_Orbitrons/puzzlebot_ws/src/puzzlebot_ros2/install/puzzlebot_description/share/puzzlebot_description/meshes
[0.722s] -- Up-to-date: /home/sebastian/Juanma/SLAM_Puzzlebot_Orbitrons/puzzlebot_ws/src/puzzlebot_ros2/install/puzzlebot_description/share/puzzlebot_description/meshes/Base
[0.722s] -- Up-to-date: /home/sebastian/Juanma/SLAM_Puzzlebot_Orbitrons/puzzlebot_ws/src/puzzlebot_ros2/install/puzzlebot_description/share/puzzlebot_description/meshes/Base/MCR2_puzzlebot_jetson_lidar_base.stl
[0.722s] -- Installing: /home/sebastian/Juanma/SLAM_Puzzlebot_Orbitrons/puzzlebot_ws/src/puzzlebot_ros2/install/puzzlebot_description/share/puzzlebot_description/meshes/Puzzlebot_Caster_Wheel.stl
[0.723s] -- Installing: /home/sebastian/Juanma/SLAM_Puzzlebot_Orbitrons/puzzlebot_ws/src/puzzlebot_ros2/install/puzzlebot_description/share/puzzlebot_description/meshes/Puzzlebot_Wheel.stl
[0.723s] -- Up-to-date: /home/sebastian/Juanma/SLAM_Puzzlebot_Orbitrons/puzzlebot_ws/src/puzzlebot_ros2/install/puzzlebot_description/share/puzzlebot_description/meshes/Wheel
[0.723s] -- Up-to-date: /home/sebastian/Juanma/SLAM_Puzzlebot_Orbitrons/puzzlebot_ws/src/puzzlebot_ros2/install/puzzlebot_description/share/puzzlebot_description/meshes/Wheel/Puzzlebot_Wheel.stl
[0.723s] -- Installing: /home/sebastian/Juanma/SLAM_Puzzlebot_Orbitrons/puzzlebot_ws/src/puzzlebot_ros2/install/puzzlebot_description/share/puzzlebot_description/meshes/Puzzlebot_Jetson_Lidar_Edition_Base(1).stl
[0.724s] -- Up-to-date: /home/sebastian/Juanma/SLAM_Puzzlebot_Orbitrons/puzzlebot_ws/src/puzzlebot_ros2/install/puzzlebot_description/share/puzzlebot_description/meshes/Caster_wheel
[0.725s] -- Up-to-date: /home/sebastian/Juanma/SLAM_Puzzlebot_Orbitrons/puzzlebot_ws/src/puzzlebot_ros2/install/puzzlebot_description/share/puzzlebot_description/meshes/Caster_wheel/Puzzlebot_Caster_Wheel.stl
[0.725s] -- Installing: /home/sebastian/Juanma/SLAM_Puzzlebot_Orbitrons/puzzlebot_ws/src/puzzlebot_ros2/install/puzzlebot_description/share/puzzlebot_description/meshes/MCR2_puzzlebot_jetson_lidar_base.stl
[0.727s] -- Up-to-date: /home/sebastian/Juanma/SLAM_Puzzlebot_Orbitrons/puzzlebot_ws/src/puzzlebot_ros2/install/puzzlebot_description/share/puzzlebot_description/launch
[0.728s] -- Installing: /home/sebastian/Juanma/SLAM_Puzzlebot_Orbitrons/puzzlebot_ws/src/puzzlebot_ros2/install/puzzlebot_description/share/puzzlebot_description/launch/puzzlebot_description.launch.xml
[0.728s] -- Up-to-date: /home/sebastian/Juanma/SLAM_Puzzlebot_Orbitrons/puzzlebot_ws/src/puzzlebot_ros2/install/puzzlebot_description/share/ament_index/resource_index/package_run_dependencies/puzzlebot_description
[0.728s] -- Installing: /home/sebastian/Juanma/SLAM_Puzzlebot_Orbitrons/puzzlebot_ws/src/puzzlebot_ros2/install/puzzlebot_description/share/ament_index/resource_index/parent_prefix_path/puzzlebot_description
[0.729s] -- Up-to-date: /home/sebastian/Juanma/SLAM_Puzzlebot_Orbitrons/puzzlebot_ws/src/puzzlebot_ros2/install/puzzlebot_description/share/puzzlebot_description/environment/ament_prefix_path.sh
[0.729s] -- Installing: /home/sebastian/Juanma/SLAM_Puzzlebot_Orbitrons/puzzlebot_ws/src/puzzlebot_ros2/install/puzzlebot_description/share/puzzlebot_description/environment/ament_prefix_path.dsv
[0.730s] -- Up-to-date: /home/sebastian/Juanma/SLAM_Puzzlebot_Orbitrons/puzzlebot_ws/src/puzzlebot_ros2/install/puzzlebot_description/share/puzzlebot_description/environment/path.sh
[0.730s] -- Installing: /home/sebastian/Juanma/SLAM_Puzzlebot_Orbitrons/puzzlebot_ws/src/puzzlebot_ros2/install/puzzlebot_description/share/puzzlebot_description/environment/path.dsv
[0.731s] -- Up-to-date: /home/sebastian/Juanma/SLAM_Puzzlebot_Orbitrons/puzzlebot_ws/src/puzzlebot_ros2/install/puzzlebot_description/share/puzzlebot_description/local_setup.bash
[0.731s] -- Up-to-date: /home/sebastian/Juanma/SLAM_Puzzlebot_Orbitrons/puzzlebot_ws/src/puzzlebot_ros2/install/puzzlebot_description/share/puzzlebot_description/local_setup.sh
[0.731s] -- Up-to-date: /home/sebastian/Juanma/SLAM_Puzzlebot_Orbitrons/puzzlebot_ws/src/puzzlebot_ros2/install/puzzlebot_description/share/puzzlebot_description/local_setup.zsh
[0.732s] -- Installing: /home/sebastian/Juanma/SLAM_Puzzlebot_Orbitrons/puzzlebot_ws/src/puzzlebot_ros2/install/puzzlebot_description/share/puzzlebot_description/local_setup.dsv
[0.732s] -- Installing: /home/sebastian/Juanma/SLAM_Puzzlebot_Orbitrons/puzzlebot_ws/src/puzzlebot_ros2/install/puzzlebot_description/share/puzzlebot_description/package.dsv
[0.732s] -- Up-to-date: /home/sebastian/Juanma/SLAM_Puzzlebot_Orbitrons/puzzlebot_ws/src/puzzlebot_ros2/install/puzzlebot_description/share/ament_index/resource_index/packages/puzzlebot_description
[0.733s] -- Up-to-date: /home/sebastian/Juanma/SLAM_Puzzlebot_Orbitrons/puzzlebot_ws/src/puzzlebot_ros2/install/puzzlebot_description/share/puzzlebot_description/cmake/puzzlebot_descriptionConfig.cmake
[0.733s] -- Up-to-date: /home/sebastian/Juanma/SLAM_Puzzlebot_Orbitrons/puzzlebot_ws/src/puzzlebot_ros2/install/puzzlebot_description/share/puzzlebot_description/cmake/puzzlebot_descriptionConfig-version.cmake
[0.733s] -- Installing: /home/sebastian/Juanma/SLAM_Puzzlebot_Orbitrons/puzzlebot_ws/src/puzzlebot_ros2/install/puzzlebot_description/share/puzzlebot_description/package.xml
[0.740s] Invoked command in '/home/sebastian/Juanma/SLAM_Puzzlebot_Orbitrons/puzzlebot_ws/src/puzzlebot_ros2/build/puzzlebot_description' returned '0': CMAKE_PREFIX_PATH=${CMAKE_PREFIX_PATH}:/home/sebastian/ros2_ws/install/tf_examples:/home/sebastian/ros2_ws/install/puzzlebot_sim:/home/sebastian/ros2_ws/install/puzzlebot_gazebo:/home/sebastian/ros2_ws/install/puzzlebot_description:/home/sebastian/ros2_ws/install/my_package:/home/sebastian/ros2_ws/install/motor_control:/home/sebastian/ros2_ws/install/mobile_robotics:/home/sebastian/ros2_ws/install/joints_act:/home/sebastian/ros2_ws/install/basic_comms:/home/sebastian/dev_ws/install/visual_cobot:/home/sebastian/dev_ws/install/xarm_msgs:/home/sebastian/dev_ws/install/ulite6_move:/home/sebastian/dev_ws/install/uf_ros_lib:/home/sebastian/ros2_ws/src/my_package/install/my_package:/home/sebastian/ros2_ws/src/install/tf_examples:/home/sebastian/ros2_ws/src/install/puzzlebot_sim:/home/sebastian/ros2_ws/src/install/puzzlebot_gazebo:/home/sebastian/ros2_ws/src/install/puzzlebot_description:/home/sebastian/ros2_ws/src/install/my_package:/home/sebastian/ros2_ws/src/install/motor_control:/home/sebastian/ros2_ws/src/install/mobile_robotics:/home/sebastian/ros2_ws/src/install/minic3:/home/sebastian/ros2_ws/src/install/joints_act:/home/sebastian/ros2_ws/src/install/basic_comms:/opt/ros/humble /usr/bin/cmake --install /home/sebastian/Juanma/SLAM_Puzzlebot_Orbitrons/puzzlebot_ws/src/puzzlebot_ros2/build/puzzlebot_description
