-- Install configuration: ""
-- Installing: /home/sebastian/Juanma/SLAM_Puzzlebot_Orbitrons/install/puzzlebot_description/share/puzzlebot_description/urdf
-- Installing: /home/sebastian/Juanma/SLAM_Puzzlebot_Orbitrons/install/puzzlebot_description/share/puzzlebot_description/urdf/puzzlebot.xacro
-- Installing: /home/sebastian/Juanma/SLAM_Puzzlebot_Orbitrons/install/puzzlebot_description/share/puzzlebot_description/rviz
-- Installing: /home/sebastian/Juanma/SLAM_Puzzlebot_Orbitrons/install/puzzlebot_description/share/puzzlebot_description/rviz/puzzlebot_description.rviz
-- Installing: /home/sebastian/Juanma/SLAM_Puzzlebot_Orbitrons/install/puzzlebot_description/share/puzzlebot_description/meshes
-- Installing: /home/sebastian/Juanma/SLAM_Puzzlebot_Orbitrons/install/puzzlebot_description/share/puzzlebot_description/meshes/Base
-- Installing: /home/sebastian/Juanma/SLAM_Puzzlebot_Orbitrons/install/puzzlebot_description/share/puzzlebot_description/meshes/Base/MCR2_puzzlebot_jetson_lidar_base.stl
-- Installing: /home/sebastian/Juanma/SLAM_Puzzlebot_Orbitrons/install/puzzlebot_description/share/puzzlebot_description/meshes/Wheel
-- Installing: /home/sebastian/Juanma/SLAM_Puzzlebot_Orbitrons/install/puzzlebot_description/share/puzzlebot_description/meshes/Wheel/Puzzlebot_Wheel.stl
-- Installing: /home/sebastian/Juanma/SLAM_Puzzlebot_Orbitrons/install/puzzlebot_description/share/puzzlebot_description/meshes/Caster_wheel
-- Installing: /home/sebastian/Juanma/SLAM_Puzzlebot_Orbitrons/install/puzzlebot_description/share/puzzlebot_description/meshes/Caster_wheel/Puzzlebot_Caster_Wheel.stl
-- Installing: /home/sebastian/Juanma/SLAM_Puzzlebot_Orbitrons/install/puzzlebot_description/share/puzzlebot_description/launch
-- Installing: /home/sebastian/Juanma/SLAM_Puzzlebot_Orbitrons/install/puzzlebot_description/share/puzzlebot_description/launch/puzzlebot_description.launch.xml
-- Installing: /home/sebastian/Juanma/SLAM_Puzzlebot_Orbitrons/install/puzzlebot_description/share/ament_index/resource_index/package_run_dependencies/puzzlebot_description
-- Installing: /home/sebastian/Juanma/SLAM_Puzzlebot_Orbitrons/install/puzzlebot_description/share/ament_index/resource_index/parent_prefix_path/puzzlebot_description
-- Installing: /home/sebastian/Juanma/SLAM_Puzzlebot_Orbitrons/install/puzzlebot_description/share/puzzlebot_description/environment/ament_prefix_path.sh
-- Installing: /home/sebastian/Juanma/SLAM_Puzzlebot_Orbitrons/install/puzzlebot_description/share/puzzlebot_description/environment/ament_prefix_path.dsv
-- Installing: /home/sebastian/Juanma/SLAM_Puzzlebot_Orbitrons/install/puzzlebot_description/share/puzzlebot_description/environment/path.sh
-- Installing: /home/sebastian/Juanma/SLAM_Puzzlebot_Orbitrons/install/puzzlebot_description/share/puzzlebot_description/environment/path.dsv
-- Installing: /home/sebastian/Juanma/SLAM_Puzzlebot_Orbitrons/install/puzzlebot_description/share/puzzlebot_description/local_setup.bash
-- Installing: /home/sebastian/Juanma/SLAM_Puzzlebot_Orbitrons/install/puzzlebot_description/share/puzzlebot_description/local_setup.sh
-- Installing: /home/sebastian/Juanma/SLAM_Puzzlebot_Orbitrons/install/puzzlebot_description/share/puzzlebot_description/local_setup.zsh
-- Installing: /home/sebastian/Juanma/SLAM_Puzzlebot_Orbitrons/install/puzzlebot_description/share/puzzlebot_description/local_setup.dsv
-- Installing: /home/sebastian/Juanma/SLAM_Puzzlebot_Orbitrons/install/puzzlebot_description/share/puzzlebot_description/package.dsv
-- Installing: /home/sebastian/Juanma/SLAM_Puzzlebot_Orbitrons/install/puzzlebot_description/share/ament_index/resource_index/packages/puzzlebot_description
-- Installing: /home/sebastian/Juanma/SLAM_Puzzlebot_Orbitrons/install/puzzlebot_description/share/puzzlebot_description/cmake/puzzlebot_descriptionConfig.cmake
-- Installing: /home/sebastian/Juanma/SLAM_Puzzlebot_Orbitrons/install/puzzlebot_description/share/puzzlebot_description/cmake/puzzlebot_descriptionConfig-version.cmake
-- Installing: /home/sebastian/Juanma/SLAM_Puzzlebot_Orbitrons/install/puzzlebot_description/share/puzzlebot_description/package.xml
