[0.222s] DEBUG:colcon:Command line arguments: ['/usr/bin/colcon', 'build']
[0.222s] DEBUG:colcon:Parsed command line arguments: Namespace(log_base=None, log_level=None, verb_name='build', build_base='build', install_base='install', merge_install=False, symlink_install=False, test_result_base=None, continue_on_error=False, executor='parallel', parallel_workers=6, event_handlers=None, ignore_user_meta=False, metas=['./colcon.meta'], base_paths=['.'], packages_ignore=None, packages_ignore_regex=None, paths=None, packages_up_to=None, packages_up_to_regex=None, packages_above=None, packages_above_and_dependencies=None, packages_above_depth=None, packages_select_by_dep=None, packages_skip_by_dep=None, packages_skip_up_to=None, packages_select_build_failed=False, packages_skip_build_finished=False, packages_select_test_failures=False, packages_skip_test_passed=False, packages_select=None, packages_skip=None, packages_select_regex=None, packages_skip_regex=None, packages_start=None, packages_end=None, allow_overriding=[], cmake_args=None, cmake_target=None, cmake_target_skip_unavailable=False, cmake_clean_cache=False, cmake_clean_first=False, cmake_force_configure=False, ament_cmake_args=None, catkin_cmake_args=None, catkin_skip_building_tests=False, mixin_files=None, mixin=None, verb_parser=<colcon_mixin.mixin.mixin_argument.MixinArgumentDecorator object at 0x73b9f2677df0>, verb_extension=<colcon_core.verb.build.BuildVerb object at 0x73b9f2677430>, main=<bound method BuildVerb.main of <colcon_core.verb.build.BuildVerb object at 0x73b9f2677430>>, mixin_verb=('build',))
[0.543s] Level 1:colcon.colcon_core.package_discovery:discover_packages(colcon_meta) check parameters
[0.543s] Level 1:colcon.colcon_core.package_discovery:discover_packages(recursive) check parameters
[0.543s] Level 1:colcon.colcon_core.package_discovery:discover_packages(ignore) check parameters
[0.543s] Level 1:colcon.colcon_core.package_discovery:discover_packages(path) check parameters
[0.543s] Level 1:colcon.colcon_core.package_discovery:discover_packages(colcon_meta) discover
[0.544s] Level 1:colcon.colcon_core.package_discovery:discover_packages(recursive) discover
[0.544s] INFO:colcon.colcon_core.package_discovery:Crawling recursively for packages in '/home/sebastian/Juanma/SLAM_Puzzlebot_Orbitrons/puzzlebot_ws'
[0.544s] Level 1:colcon.colcon_core.package_identification:_identify(.) by extensions ['ignore', 'ignore_ament_install']
[0.544s] Level 1:colcon.colcon_core.package_identification:_identify(.) by extension 'ignore'
[0.544s] Level 1:colcon.colcon_core.package_identification:_identify(.) by extension 'ignore_ament_install'
[0.545s] Level 1:colcon.colcon_core.package_identification:_identify(.) by extensions ['colcon_pkg']
[0.545s] Level 1:colcon.colcon_core.package_identification:_identify(.) by extension 'colcon_pkg'
[0.545s] Level 1:colcon.colcon_core.package_identification:_identify(.) by extensions ['colcon_meta']
[0.545s] Level 1:colcon.colcon_core.package_identification:_identify(.) by extension 'colcon_meta'
[0.545s] Level 1:colcon.colcon_core.package_identification:_identify(.) by extensions ['ros']
[0.545s] Level 1:colcon.colcon_core.package_identification:_identify(.) by extension 'ros'
[0.576s] Level 1:colcon.colcon_core.package_identification:_identify(.) by extensions ['cmake', 'python']
[0.576s] Level 1:colcon.colcon_core.package_identification:_identify(.) by extension 'cmake'
[0.576s] Level 1:colcon.colcon_core.package_identification:_identify(.) by extension 'python'
[0.576s] Level 1:colcon.colcon_core.package_identification:_identify(.) by extensions ['python_setup_py']
[0.576s] Level 1:colcon.colcon_core.package_identification:_identify(.) by extension 'python_setup_py'
[0.577s] Level 1:colcon.colcon_core.package_identification:_identify(build) by extensions ['ignore', 'ignore_ament_install']
[0.577s] Level 1:colcon.colcon_core.package_identification:_identify(build) by extension 'ignore'
[0.577s] Level 1:colcon.colcon_core.package_identification:_identify(build) ignored
[0.577s] Level 1:colcon.colcon_core.package_identification:_identify(install) by extensions ['ignore', 'ignore_ament_install']
[0.577s] Level 1:colcon.colcon_core.package_identification:_identify(install) by extension 'ignore'
[0.578s] Level 1:colcon.colcon_core.package_identification:_identify(install) ignored
[0.578s] Level 1:colcon.colcon_core.package_identification:_identify(log) by extensions ['ignore', 'ignore_ament_install']
[0.578s] Level 1:colcon.colcon_core.package_identification:_identify(log) by extension 'ignore'
[0.578s] Level 1:colcon.colcon_core.package_identification:_identify(log) ignored
[0.579s] Level 1:colcon.colcon_core.package_identification:_identify(src) by extensions ['ignore', 'ignore_ament_install']
[0.579s] Level 1:colcon.colcon_core.package_identification:_identify(src) by extension 'ignore'
[0.579s] Level 1:colcon.colcon_core.package_identification:_identify(src) by extension 'ignore_ament_install'
[0.579s] Level 1:colcon.colcon_core.package_identification:_identify(src) by extensions ['colcon_pkg']
[0.579s] Level 1:colcon.colcon_core.package_identification:_identify(src) by extension 'colcon_pkg'
[0.579s] Level 1:colcon.colcon_core.package_identification:_identify(src) by extensions ['colcon_meta']
[0.579s] Level 1:colcon.colcon_core.package_identification:_identify(src) by extension 'colcon_meta'
[0.579s] Level 1:colcon.colcon_core.package_identification:_identify(src) by extensions ['ros']
[0.579s] Level 1:colcon.colcon_core.package_identification:_identify(src) by extension 'ros'
[0.579s] Level 1:colcon.colcon_core.package_identification:_identify(src) by extensions ['cmake', 'python']
[0.580s] Level 1:colcon.colcon_core.package_identification:_identify(src) by extension 'cmake'
[0.580s] Level 1:colcon.colcon_core.package_identification:_identify(src) by extension 'python'
[0.580s] Level 1:colcon.colcon_core.package_identification:_identify(src) by extensions ['python_setup_py']
[0.580s] Level 1:colcon.colcon_core.package_identification:_identify(src) by extension 'python_setup_py'
[0.580s] Level 1:colcon.colcon_core.package_identification:_identify(src/puzzlebot_ros2) by extensions ['ignore', 'ignore_ament_install']
[0.580s] Level 1:colcon.colcon_core.package_identification:_identify(src/puzzlebot_ros2) by extension 'ignore'
[0.580s] Level 1:colcon.colcon_core.package_identification:_identify(src/puzzlebot_ros2) by extension 'ignore_ament_install'
[0.580s] Level 1:colcon.colcon_core.package_identification:_identify(src/puzzlebot_ros2) by extensions ['colcon_pkg']
[0.581s] Level 1:colcon.colcon_core.package_identification:_identify(src/puzzlebot_ros2) by extension 'colcon_pkg'
[0.581s] Level 1:colcon.colcon_core.package_identification:_identify(src/puzzlebot_ros2) by extensions ['colcon_meta']
[0.581s] Level 1:colcon.colcon_core.package_identification:_identify(src/puzzlebot_ros2) by extension 'colcon_meta'
[0.581s] Level 1:colcon.colcon_core.package_identification:_identify(src/puzzlebot_ros2) by extensions ['ros']
[0.581s] Level 1:colcon.colcon_core.package_identification:_identify(src/puzzlebot_ros2) by extension 'ros'
[0.581s] Level 1:colcon.colcon_core.package_identification:_identify(src/puzzlebot_ros2) by extensions ['cmake', 'python']
[0.581s] Level 1:colcon.colcon_core.package_identification:_identify(src/puzzlebot_ros2) by extension 'cmake'
[0.582s] Level 1:colcon.colcon_core.package_identification:_identify(src/puzzlebot_ros2) by extension 'python'
[0.582s] Level 1:colcon.colcon_core.package_identification:_identify(src/puzzlebot_ros2) by extensions ['python_setup_py']
[0.582s] Level 1:colcon.colcon_core.package_identification:_identify(src/puzzlebot_ros2) by extension 'python_setup_py'
[0.582s] Level 1:colcon.colcon_core.package_identification:_identify(src/puzzlebot_ros2/build) by extensions ['ignore', 'ignore_ament_install']
[0.582s] Level 1:colcon.colcon_core.package_identification:_identify(src/puzzlebot_ros2/build) by extension 'ignore'
[0.583s] Level 1:colcon.colcon_core.package_identification:_identify(src/puzzlebot_ros2/build) ignored
[0.583s] Level 1:colcon.colcon_core.package_identification:_identify(src/puzzlebot_ros2/install) by extensions ['ignore', 'ignore_ament_install']
[0.583s] Level 1:colcon.colcon_core.package_identification:_identify(src/puzzlebot_ros2/install) by extension 'ignore'
[0.583s] Level 1:colcon.colcon_core.package_identification:_identify(src/puzzlebot_ros2/install) ignored
[0.583s] Level 1:colcon.colcon_core.package_identification:_identify(src/puzzlebot_ros2/log) by extensions ['ignore', 'ignore_ament_install']
[0.584s] Level 1:colcon.colcon_core.package_identification:_identify(src/puzzlebot_ros2/log) by extension 'ignore'
[0.584s] Level 1:colcon.colcon_core.package_identification:_identify(src/puzzlebot_ros2/log) ignored
[0.584s] Level 1:colcon.colcon_core.package_identification:_identify(src/puzzlebot_ros2/puzzlebot_description) by extensions ['ignore', 'ignore_ament_install']
[0.584s] Level 1:colcon.colcon_core.package_identification:_identify(src/puzzlebot_ros2/puzzlebot_description) by extension 'ignore'
[0.584s] Level 1:colcon.colcon_core.package_identification:_identify(src/puzzlebot_ros2/puzzlebot_description) by extension 'ignore_ament_install'
[0.584s] Level 1:colcon.colcon_core.package_identification:_identify(src/puzzlebot_ros2/puzzlebot_description) by extensions ['colcon_pkg']
[0.584s] Level 1:colcon.colcon_core.package_identification:_identify(src/puzzlebot_ros2/puzzlebot_description) by extension 'colcon_pkg'
[0.584s] Level 1:colcon.colcon_core.package_identification:_identify(src/puzzlebot_ros2/puzzlebot_description) by extensions ['colcon_meta']
[0.584s] Level 1:colcon.colcon_core.package_identification:_identify(src/puzzlebot_ros2/puzzlebot_description) by extension 'colcon_meta'
[0.584s] Level 1:colcon.colcon_core.package_identification:_identify(src/puzzlebot_ros2/puzzlebot_description) by extensions ['ros']
[0.584s] Level 1:colcon.colcon_core.package_identification:_identify(src/puzzlebot_ros2/puzzlebot_description) by extension 'ros'
[0.588s] DEBUG:colcon.colcon_core.package_identification:Package 'src/puzzlebot_ros2/puzzlebot_description' with type 'ros.ament_cmake' and name 'puzzlebot_description'
[0.588s] Level 1:colcon.colcon_core.package_identification:_identify(src/puzzlebot_ros2/puzzlebot_gazebo) by extensions ['ignore', 'ignore_ament_install']
[0.588s] Level 1:colcon.colcon_core.package_identification:_identify(src/puzzlebot_ros2/puzzlebot_gazebo) by extension 'ignore'
[0.589s] Level 1:colcon.colcon_core.package_identification:_identify(src/puzzlebot_ros2/puzzlebot_gazebo) by extension 'ignore_ament_install'
[0.589s] Level 1:colcon.colcon_core.package_identification:_identify(src/puzzlebot_ros2/puzzlebot_gazebo) by extensions ['colcon_pkg']
[0.589s] Level 1:colcon.colcon_core.package_identification:_identify(src/puzzlebot_ros2/puzzlebot_gazebo) by extension 'colcon_pkg'
[0.589s] Level 1:colcon.colcon_core.package_identification:_identify(src/puzzlebot_ros2/puzzlebot_gazebo) by extensions ['colcon_meta']
[0.589s] Level 1:colcon.colcon_core.package_identification:_identify(src/puzzlebot_ros2/puzzlebot_gazebo) by extension 'colcon_meta'
[0.589s] Level 1:colcon.colcon_core.package_identification:_identify(src/puzzlebot_ros2/puzzlebot_gazebo) by extensions ['ros']
[0.589s] Level 1:colcon.colcon_core.package_identification:_identify(src/puzzlebot_ros2/puzzlebot_gazebo) by extension 'ros'
[0.590s] DEBUG:colcon.colcon_core.package_identification:Package 'src/puzzlebot_ros2/puzzlebot_gazebo' with type 'ros.ament_cmake' and name 'puzzlebot_gazebo'
[0.591s] Level 1:colcon.colcon_core.package_identification:_identify(src/puzzlebot_ros2/puzzlebot_navigation) by extensions ['ignore', 'ignore_ament_install']
[0.591s] Level 1:colcon.colcon_core.package_identification:_identify(src/puzzlebot_ros2/puzzlebot_navigation) by extension 'ignore'
[0.591s] Level 1:colcon.colcon_core.package_identification:_identify(src/puzzlebot_ros2/puzzlebot_navigation) by extension 'ignore_ament_install'
[0.591s] Level 1:colcon.colcon_core.package_identification:_identify(src/puzzlebot_ros2/puzzlebot_navigation) by extensions ['colcon_pkg']
[0.591s] Level 1:colcon.colcon_core.package_identification:_identify(src/puzzlebot_ros2/puzzlebot_navigation) by extension 'colcon_pkg'
[0.592s] Level 1:colcon.colcon_core.package_identification:_identify(src/puzzlebot_ros2/puzzlebot_navigation) by extensions ['colcon_meta']
[0.592s] Level 1:colcon.colcon_core.package_identification:_identify(src/puzzlebot_ros2/puzzlebot_navigation) by extension 'colcon_meta'
[0.592s] Level 1:colcon.colcon_core.package_identification:_identify(src/puzzlebot_ros2/puzzlebot_navigation) by extensions ['ros']
[0.592s] Level 1:colcon.colcon_core.package_identification:_identify(src/puzzlebot_ros2/puzzlebot_navigation) by extension 'ros'
[0.593s] DEBUG:colcon.colcon_core.package_identification:Package 'src/puzzlebot_ros2/puzzlebot_navigation' with type 'ros.ament_cmake' and name 'puzzlebot_navigation'
[0.593s] Level 1:colcon.colcon_core.package_identification:_identify(src/puzzlebot_ros2/puzzlebot_navigation2) by extensions ['ignore', 'ignore_ament_install']
[0.593s] Level 1:colcon.colcon_core.package_identification:_identify(src/puzzlebot_ros2/puzzlebot_navigation2) by extension 'ignore'
[0.594s] Level 1:colcon.colcon_core.package_identification:_identify(src/puzzlebot_ros2/puzzlebot_navigation2) by extension 'ignore_ament_install'
[0.594s] Level 1:colcon.colcon_core.package_identification:_identify(src/puzzlebot_ros2/puzzlebot_navigation2) by extensions ['colcon_pkg']
[0.594s] Level 1:colcon.colcon_core.package_identification:_identify(src/puzzlebot_ros2/puzzlebot_navigation2) by extension 'colcon_pkg'
[0.594s] Level 1:colcon.colcon_core.package_identification:_identify(src/puzzlebot_ros2/puzzlebot_navigation2) by extensions ['colcon_meta']
[0.594s] Level 1:colcon.colcon_core.package_identification:_identify(src/puzzlebot_ros2/puzzlebot_navigation2) by extension 'colcon_meta'
[0.594s] Level 1:colcon.colcon_core.package_identification:_identify(src/puzzlebot_ros2/puzzlebot_navigation2) by extensions ['ros']
[0.594s] Level 1:colcon.colcon_core.package_identification:_identify(src/puzzlebot_ros2/puzzlebot_navigation2) by extension 'ros'
[0.595s] DEBUG:colcon.colcon_core.package_identification:Package 'src/puzzlebot_ros2/puzzlebot_navigation2' with type 'ros.ament_cmake' and name 'puzzlebot_navigation2'
[0.595s] Level 1:colcon.colcon_core.package_discovery:discover_packages(recursive) using defaults
[0.595s] Level 1:colcon.colcon_core.package_discovery:discover_packages(ignore) discover
[0.596s] Level 1:colcon.colcon_core.package_discovery:discover_packages(ignore) using defaults
[0.596s] Level 1:colcon.colcon_core.package_discovery:discover_packages(path) discover
[0.596s] Level 1:colcon.colcon_core.package_discovery:discover_packages(path) using defaults
[0.629s] Level 1:colcon.colcon_core.package_discovery:discover_packages(prefix_path) check parameters
[0.629s] Level 1:colcon.colcon_core.package_discovery:discover_packages(prefix_path) discover
[0.634s] DEBUG:colcon.colcon_installed_package_information.package_discovery:Found 4 installed packages in /home/sebastian/Juanma/SLAM_Puzzlebot_Orbitrons/install
[0.635s] DEBUG:colcon.colcon_installed_package_information.package_discovery:Found 9 installed packages in /home/sebastian/ros2_ws/install
[0.637s] DEBUG:colcon.colcon_installed_package_information.package_discovery:Found 15 installed packages in /home/sebastian/dev_ws/install
[0.637s] DEBUG:colcon.colcon_installed_package_information.package_discovery:Found 1 installed packages in /home/sebastian/ros2_ws/src/my_package/install
[0.639s] DEBUG:colcon.colcon_installed_package_information.package_discovery:Found 10 installed packages in /home/sebastian/ros2_ws/src/install
[0.643s] DEBUG:colcon.colcon_installed_package_information.package_discovery:Found 458 installed packages in /opt/ros/humble
[0.648s] Level 1:colcon.colcon_core.package_discovery:discover_packages(prefix_path) using defaults
[0.750s] Level 5:colcon.colcon_core.verb:set package 'puzzlebot_description' build argument 'cmake_args' from command line to 'None'
[0.750s] Level 5:colcon.colcon_core.verb:set package 'puzzlebot_description' build argument 'cmake_target' from command line to 'None'
[0.750s] Level 5:colcon.colcon_core.verb:set package 'puzzlebot_description' build argument 'cmake_target_skip_unavailable' from command line to 'False'
[0.750s] Level 5:colcon.colcon_core.verb:set package 'puzzlebot_description' build argument 'cmake_clean_cache' from command line to 'False'
[0.750s] Level 5:colcon.colcon_core.verb:set package 'puzzlebot_description' build argument 'cmake_clean_first' from command line to 'False'
[0.750s] Level 5:colcon.colcon_core.verb:set package 'puzzlebot_description' build argument 'cmake_force_configure' from command line to 'False'
[0.750s] Level 5:colcon.colcon_core.verb:set package 'puzzlebot_description' build argument 'ament_cmake_args' from command line to 'None'
[0.750s] Level 5:colcon.colcon_core.verb:set package 'puzzlebot_description' build argument 'catkin_cmake_args' from command line to 'None'
[0.750s] Level 5:colcon.colcon_core.verb:set package 'puzzlebot_description' build argument 'catkin_skip_building_tests' from command line to 'False'
[0.751s] DEBUG:colcon.colcon_core.verb:Building package 'puzzlebot_description' with the following arguments: {'ament_cmake_args': None, 'build_base': '/home/sebastian/Juanma/SLAM_Puzzlebot_Orbitrons/puzzlebot_ws/build/puzzlebot_description', 'catkin_cmake_args': None, 'catkin_skip_building_tests': False, 'cmake_args': None, 'cmake_clean_cache': False, 'cmake_clean_first': False, 'cmake_force_configure': False, 'cmake_target': None, 'cmake_target_skip_unavailable': False, 'install_base': '/home/sebastian/Juanma/SLAM_Puzzlebot_Orbitrons/puzzlebot_ws/install/puzzlebot_description', 'merge_install': False, 'path': '/home/sebastian/Juanma/SLAM_Puzzlebot_Orbitrons/puzzlebot_ws/src/puzzlebot_ros2/puzzlebot_description', 'symlink_install': False, 'test_result_base': None}
[0.751s] Level 5:colcon.colcon_core.verb:set package 'puzzlebot_navigation2' build argument 'cmake_args' from command line to 'None'
[0.751s] Level 5:colcon.colcon_core.verb:set package 'puzzlebot_navigation2' build argument 'cmake_target' from command line to 'None'
[0.751s] Level 5:colcon.colcon_core.verb:set package 'puzzlebot_navigation2' build argument 'cmake_target_skip_unavailable' from command line to 'False'
[0.751s] Level 5:colcon.colcon_core.verb:set package 'puzzlebot_navigation2' build argument 'cmake_clean_cache' from command line to 'False'
[0.751s] Level 5:colcon.colcon_core.verb:set package 'puzzlebot_navigation2' build argument 'cmake_clean_first' from command line to 'False'
[0.751s] Level 5:colcon.colcon_core.verb:set package 'puzzlebot_navigation2' build argument 'cmake_force_configure' from command line to 'False'
[0.752s] Level 5:colcon.colcon_core.verb:set package 'puzzlebot_navigation2' build argument 'ament_cmake_args' from command line to 'None'
[0.752s] Level 5:colcon.colcon_core.verb:set package 'puzzlebot_navigation2' build argument 'catkin_cmake_args' from command line to 'None'
[0.752s] Level 5:colcon.colcon_core.verb:set package 'puzzlebot_navigation2' build argument 'catkin_skip_building_tests' from command line to 'False'
[0.752s] DEBUG:colcon.colcon_core.verb:Building package 'puzzlebot_navigation2' with the following arguments: {'ament_cmake_args': None, 'build_base': '/home/sebastian/Juanma/SLAM_Puzzlebot_Orbitrons/puzzlebot_ws/build/puzzlebot_navigation2', 'catkin_cmake_args': None, 'catkin_skip_building_tests': False, 'cmake_args': None, 'cmake_clean_cache': False, 'cmake_clean_first': False, 'cmake_force_configure': False, 'cmake_target': None, 'cmake_target_skip_unavailable': False, 'install_base': '/home/sebastian/Juanma/SLAM_Puzzlebot_Orbitrons/puzzlebot_ws/install/puzzlebot_navigation2', 'merge_install': False, 'path': '/home/sebastian/Juanma/SLAM_Puzzlebot_Orbitrons/puzzlebot_ws/src/puzzlebot_ros2/puzzlebot_navigation2', 'symlink_install': False, 'test_result_base': None}
[0.753s] Level 5:colcon.colcon_core.verb:set package 'puzzlebot_gazebo' build argument 'cmake_args' from command line to 'None'
[0.753s] Level 5:colcon.colcon_core.verb:set package 'puzzlebot_gazebo' build argument 'cmake_target' from command line to 'None'
[0.753s] Level 5:colcon.colcon_core.verb:set package 'puzzlebot_gazebo' build argument 'cmake_target_skip_unavailable' from command line to 'False'
[0.753s] Level 5:colcon.colcon_core.verb:set package 'puzzlebot_gazebo' build argument 'cmake_clean_cache' from command line to 'False'
[0.753s] Level 5:colcon.colcon_core.verb:set package 'puzzlebot_gazebo' build argument 'cmake_clean_first' from command line to 'False'
[0.753s] Level 5:colcon.colcon_core.verb:set package 'puzzlebot_gazebo' build argument 'cmake_force_configure' from command line to 'False'
[0.753s] Level 5:colcon.colcon_core.verb:set package 'puzzlebot_gazebo' build argument 'ament_cmake_args' from command line to 'None'
[0.753s] Level 5:colcon.colcon_core.verb:set package 'puzzlebot_gazebo' build argument 'catkin_cmake_args' from command line to 'None'
[0.753s] Level 5:colcon.colcon_core.verb:set package 'puzzlebot_gazebo' build argument 'catkin_skip_building_tests' from command line to 'False'
[0.754s] DEBUG:colcon.colcon_core.verb:Building package 'puzzlebot_gazebo' with the following arguments: {'ament_cmake_args': None, 'build_base': '/home/sebastian/Juanma/SLAM_Puzzlebot_Orbitrons/puzzlebot_ws/build/puzzlebot_gazebo', 'catkin_cmake_args': None, 'catkin_skip_building_tests': False, 'cmake_args': None, 'cmake_clean_cache': False, 'cmake_clean_first': False, 'cmake_force_configure': False, 'cmake_target': None, 'cmake_target_skip_unavailable': False, 'install_base': '/home/sebastian/Juanma/SLAM_Puzzlebot_Orbitrons/puzzlebot_ws/install/puzzlebot_gazebo', 'merge_install': False, 'path': '/home/sebastian/Juanma/SLAM_Puzzlebot_Orbitrons/puzzlebot_ws/src/puzzlebot_ros2/puzzlebot_gazebo', 'symlink_install': False, 'test_result_base': None}
[0.754s] Level 5:colcon.colcon_core.verb:set package 'puzzlebot_navigation' build argument 'cmake_args' from command line to 'None'
[0.754s] Level 5:colcon.colcon_core.verb:set package 'puzzlebot_navigation' build argument 'cmake_target' from command line to 'None'
[0.754s] Level 5:colcon.colcon_core.verb:set package 'puzzlebot_navigation' build argument 'cmake_target_skip_unavailable' from command line to 'False'
[0.754s] Level 5:colcon.colcon_core.verb:set package 'puzzlebot_navigation' build argument 'cmake_clean_cache' from command line to 'False'
[0.754s] Level 5:colcon.colcon_core.verb:set package 'puzzlebot_navigation' build argument 'cmake_clean_first' from command line to 'False'
[0.754s] Level 5:colcon.colcon_core.verb:set package 'puzzlebot_navigation' build argument 'cmake_force_configure' from command line to 'False'
[0.754s] Level 5:colcon.colcon_core.verb:set package 'puzzlebot_navigation' build argument 'ament_cmake_args' from command line to 'None'
[0.754s] Level 5:colcon.colcon_core.verb:set package 'puzzlebot_navigation' build argument 'catkin_cmake_args' from command line to 'None'
[0.754s] Level 5:colcon.colcon_core.verb:set package 'puzzlebot_navigation' build argument 'catkin_skip_building_tests' from command line to 'False'
[0.754s] DEBUG:colcon.colcon_core.verb:Building package 'puzzlebot_navigation' with the following arguments: {'ament_cmake_args': None, 'build_base': '/home/sebastian/Juanma/SLAM_Puzzlebot_Orbitrons/puzzlebot_ws/build/puzzlebot_navigation', 'catkin_cmake_args': None, 'catkin_skip_building_tests': False, 'cmake_args': None, 'cmake_clean_cache': False, 'cmake_clean_first': False, 'cmake_force_configure': False, 'cmake_target': None, 'cmake_target_skip_unavailable': False, 'install_base': '/home/sebastian/Juanma/SLAM_Puzzlebot_Orbitrons/puzzlebot_ws/install/puzzlebot_navigation', 'merge_install': False, 'path': '/home/sebastian/Juanma/SLAM_Puzzlebot_Orbitrons/puzzlebot_ws/src/puzzlebot_ros2/puzzlebot_navigation', 'symlink_install': False, 'test_result_base': None}
[0.755s] INFO:colcon.colcon_core.executor:Executing jobs using 'parallel' executor
[0.757s] DEBUG:colcon.colcon_parallel_executor.executor.parallel:run_until_complete
[0.758s] INFO:colcon.colcon_ros.task.ament_cmake.build:Building ROS package in '/home/sebastian/Juanma/SLAM_Puzzlebot_Orbitrons/puzzlebot_ws/src/puzzlebot_ros2/puzzlebot_description' with build type 'ament_cmake'
[0.758s] INFO:colcon.colcon_cmake.task.cmake.build:Building CMake package in '/home/sebastian/Juanma/SLAM_Puzzlebot_Orbitrons/puzzlebot_ws/src/puzzlebot_ros2/puzzlebot_description'
[0.764s] INFO:colcon.colcon_core.plugin_system:Skipping extension 'colcon_core.shell.bat': Not used on non-Windows systems
[0.764s] INFO:colcon.colcon_core.shell:Skip shell extension 'powershell' for command environment: Not usable outside of PowerShell
[0.764s] DEBUG:colcon.colcon_core.shell:Skip shell extension 'dsv' for command environment
[0.781s] INFO:colcon.colcon_ros.task.ament_cmake.build:Building ROS package in '/home/sebastian/Juanma/SLAM_Puzzlebot_Orbitrons/puzzlebot_ws/src/puzzlebot_ros2/puzzlebot_navigation2' with build type 'ament_cmake'
[0.781s] INFO:colcon.colcon_cmake.task.cmake.build:Building CMake package in '/home/sebastian/Juanma/SLAM_Puzzlebot_Orbitrons/puzzlebot_ws/src/puzzlebot_ros2/puzzlebot_navigation2'
[0.782s] INFO:colcon.colcon_core.shell:Skip shell extension 'powershell' for command environment: Not usable outside of PowerShell
[0.782s] DEBUG:colcon.colcon_core.shell:Skip shell extension 'dsv' for command environment
[0.822s] DEBUG:colcon.colcon_core.event_handler.log_command:Invoking command in '/home/sebastian/Juanma/SLAM_Puzzlebot_Orbitrons/puzzlebot_ws/build/puzzlebot_description': CMAKE_PREFIX_PATH=${CMAKE_PREFIX_PATH}:/home/sebastian/ros2_ws/install/tf_examples:/home/sebastian/ros2_ws/install/puzzlebot_sim:/home/sebastian/ros2_ws/install/puzzlebot_gazebo:/home/sebastian/ros2_ws/install/puzzlebot_description:/home/sebastian/ros2_ws/install/my_package:/home/sebastian/ros2_ws/install/motor_control:/home/sebastian/ros2_ws/install/mobile_robotics:/home/sebastian/ros2_ws/install/joints_act:/home/sebastian/ros2_ws/install/basic_comms:/home/sebastian/dev_ws/install/visual_cobot:/home/sebastian/dev_ws/install/xarm_msgs:/home/sebastian/dev_ws/install/ulite6_move:/home/sebastian/dev_ws/install/uf_ros_lib:/home/sebastian/ros2_ws/src/my_package/install/my_package:/home/sebastian/ros2_ws/src/install/tf_examples:/home/sebastian/ros2_ws/src/install/puzzlebot_sim:/home/sebastian/ros2_ws/src/install/puzzlebot_gazebo:/home/sebastian/ros2_ws/src/install/puzzlebot_description:/home/sebastian/ros2_ws/src/install/my_package:/home/sebastian/ros2_ws/src/install/motor_control:/home/sebastian/ros2_ws/src/install/mobile_robotics:/home/sebastian/ros2_ws/src/install/minic3:/home/sebastian/ros2_ws/src/install/joints_act:/home/sebastian/ros2_ws/src/install/basic_comms:/opt/ros/humble /usr/bin/cmake --build /home/sebastian/Juanma/SLAM_Puzzlebot_Orbitrons/puzzlebot_ws/build/puzzlebot_description -- -j6 -l6
[0.839s] DEBUG:colcon.colcon_core.event_handler.log_command:Invoking command in '/home/sebastian/Juanma/SLAM_Puzzlebot_Orbitrons/puzzlebot_ws/build/puzzlebot_navigation2': CMAKE_PREFIX_PATH=${CMAKE_PREFIX_PATH}:/home/sebastian/ros2_ws/install/tf_examples:/home/sebastian/ros2_ws/install/puzzlebot_sim:/home/sebastian/ros2_ws/install/puzzlebot_gazebo:/home/sebastian/ros2_ws/install/puzzlebot_description:/home/sebastian/ros2_ws/install/my_package:/home/sebastian/ros2_ws/install/motor_control:/home/sebastian/ros2_ws/install/mobile_robotics:/home/sebastian/ros2_ws/install/joints_act:/home/sebastian/ros2_ws/install/basic_comms:/home/sebastian/dev_ws/install/visual_cobot:/home/sebastian/dev_ws/install/xarm_msgs:/home/sebastian/dev_ws/install/ulite6_move:/home/sebastian/dev_ws/install/uf_ros_lib:/home/sebastian/ros2_ws/src/my_package/install/my_package:/home/sebastian/ros2_ws/src/install/tf_examples:/home/sebastian/ros2_ws/src/install/puzzlebot_sim:/home/sebastian/ros2_ws/src/install/puzzlebot_gazebo:/home/sebastian/ros2_ws/src/install/puzzlebot_description:/home/sebastian/ros2_ws/src/install/my_package:/home/sebastian/ros2_ws/src/install/motor_control:/home/sebastian/ros2_ws/src/install/mobile_robotics:/home/sebastian/ros2_ws/src/install/minic3:/home/sebastian/ros2_ws/src/install/joints_act:/home/sebastian/ros2_ws/src/install/basic_comms:/opt/ros/humble /usr/bin/cmake --build /home/sebastian/Juanma/SLAM_Puzzlebot_Orbitrons/puzzlebot_ws/build/puzzlebot_navigation2 -- -j6 -l6
[1.410s] DEBUG:colcon.colcon_core.event_handler.log_command:Invoked command in '/home/sebastian/Juanma/SLAM_Puzzlebot_Orbitrons/puzzlebot_ws/build/puzzlebot_description' returned '0': CMAKE_PREFIX_PATH=${CMAKE_PREFIX_PATH}:/home/sebastian/ros2_ws/install/tf_examples:/home/sebastian/ros2_ws/install/puzzlebot_sim:/home/sebastian/ros2_ws/install/puzzlebot_gazebo:/home/sebastian/ros2_ws/install/puzzlebot_description:/home/sebastian/ros2_ws/install/my_package:/home/sebastian/ros2_ws/install/motor_control:/home/sebastian/ros2_ws/install/mobile_robotics:/home/sebastian/ros2_ws/install/joints_act:/home/sebastian/ros2_ws/install/basic_comms:/home/sebastian/dev_ws/install/visual_cobot:/home/sebastian/dev_ws/install/xarm_msgs:/home/sebastian/dev_ws/install/ulite6_move:/home/sebastian/dev_ws/install/uf_ros_lib:/home/sebastian/ros2_ws/src/my_package/install/my_package:/home/sebastian/ros2_ws/src/install/tf_examples:/home/sebastian/ros2_ws/src/install/puzzlebot_sim:/home/sebastian/ros2_ws/src/install/puzzlebot_gazebo:/home/sebastian/ros2_ws/src/install/puzzlebot_description:/home/sebastian/ros2_ws/src/install/my_package:/home/sebastian/ros2_ws/src/install/motor_control:/home/sebastian/ros2_ws/src/install/mobile_robotics:/home/sebastian/ros2_ws/src/install/minic3:/home/sebastian/ros2_ws/src/install/joints_act:/home/sebastian/ros2_ws/src/install/basic_comms:/opt/ros/humble /usr/bin/cmake --build /home/sebastian/Juanma/SLAM_Puzzlebot_Orbitrons/puzzlebot_ws/build/puzzlebot_description -- -j6 -l6
[1.437s] DEBUG:colcon.colcon_core.event_handler.log_command:Invoking command in '/home/sebastian/Juanma/SLAM_Puzzlebot_Orbitrons/puzzlebot_ws/build/puzzlebot_description': CMAKE_PREFIX_PATH=${CMAKE_PREFIX_PATH}:/home/sebastian/ros2_ws/install/tf_examples:/home/sebastian/ros2_ws/install/puzzlebot_sim:/home/sebastian/ros2_ws/install/puzzlebot_gazebo:/home/sebastian/ros2_ws/install/puzzlebot_description:/home/sebastian/ros2_ws/install/my_package:/home/sebastian/ros2_ws/install/motor_control:/home/sebastian/ros2_ws/install/mobile_robotics:/home/sebastian/ros2_ws/install/joints_act:/home/sebastian/ros2_ws/install/basic_comms:/home/sebastian/dev_ws/install/visual_cobot:/home/sebastian/dev_ws/install/xarm_msgs:/home/sebastian/dev_ws/install/ulite6_move:/home/sebastian/dev_ws/install/uf_ros_lib:/home/sebastian/ros2_ws/src/my_package/install/my_package:/home/sebastian/ros2_ws/src/install/tf_examples:/home/sebastian/ros2_ws/src/install/puzzlebot_sim:/home/sebastian/ros2_ws/src/install/puzzlebot_gazebo:/home/sebastian/ros2_ws/src/install/puzzlebot_description:/home/sebastian/ros2_ws/src/install/my_package:/home/sebastian/ros2_ws/src/install/motor_control:/home/sebastian/ros2_ws/src/install/mobile_robotics:/home/sebastian/ros2_ws/src/install/minic3:/home/sebastian/ros2_ws/src/install/joints_act:/home/sebastian/ros2_ws/src/install/basic_comms:/opt/ros/humble /usr/bin/cmake --install /home/sebastian/Juanma/SLAM_Puzzlebot_Orbitrons/puzzlebot_ws/build/puzzlebot_description
[1.440s] DEBUG:colcon.colcon_core.event_handler.log_command:Invoked command in '/home/sebastian/Juanma/SLAM_Puzzlebot_Orbitrons/puzzlebot_ws/build/puzzlebot_navigation2' returned '0': CMAKE_PREFIX_PATH=${CMAKE_PREFIX_PATH}:/home/sebastian/ros2_ws/install/tf_examples:/home/sebastian/ros2_ws/install/puzzlebot_sim:/home/sebastian/ros2_ws/install/puzzlebot_gazebo:/home/sebastian/ros2_ws/install/puzzlebot_description:/home/sebastian/ros2_ws/install/my_package:/home/sebastian/ros2_ws/install/motor_control:/home/sebastian/ros2_ws/install/mobile_robotics:/home/sebastian/ros2_ws/install/joints_act:/home/sebastian/ros2_ws/install/basic_comms:/home/sebastian/dev_ws/install/visual_cobot:/home/sebastian/dev_ws/install/xarm_msgs:/home/sebastian/dev_ws/install/ulite6_move:/home/sebastian/dev_ws/install/uf_ros_lib:/home/sebastian/ros2_ws/src/my_package/install/my_package:/home/sebastian/ros2_ws/src/install/tf_examples:/home/sebastian/ros2_ws/src/install/puzzlebot_sim:/home/sebastian/ros2_ws/src/install/puzzlebot_gazebo:/home/sebastian/ros2_ws/src/install/puzzlebot_description:/home/sebastian/ros2_ws/src/install/my_package:/home/sebastian/ros2_ws/src/install/motor_control:/home/sebastian/ros2_ws/src/install/mobile_robotics:/home/sebastian/ros2_ws/src/install/minic3:/home/sebastian/ros2_ws/src/install/joints_act:/home/sebastian/ros2_ws/src/install/basic_comms:/opt/ros/humble /usr/bin/cmake --build /home/sebastian/Juanma/SLAM_Puzzlebot_Orbitrons/puzzlebot_ws/build/puzzlebot_navigation2 -- -j6 -l6
[1.444s] DEBUG:colcon.colcon_core.event_handler.log_command:Invoking command in '/home/sebastian/Juanma/SLAM_Puzzlebot_Orbitrons/puzzlebot_ws/build/puzzlebot_navigation2': CMAKE_PREFIX_PATH=${CMAKE_PREFIX_PATH}:/home/sebastian/ros2_ws/install/tf_examples:/home/sebastian/ros2_ws/install/puzzlebot_sim:/home/sebastian/ros2_ws/install/puzzlebot_gazebo:/home/sebastian/ros2_ws/install/puzzlebot_description:/home/sebastian/ros2_ws/install/my_package:/home/sebastian/ros2_ws/install/motor_control:/home/sebastian/ros2_ws/install/mobile_robotics:/home/sebastian/ros2_ws/install/joints_act:/home/sebastian/ros2_ws/install/basic_comms:/home/sebastian/dev_ws/install/visual_cobot:/home/sebastian/dev_ws/install/xarm_msgs:/home/sebastian/dev_ws/install/ulite6_move:/home/sebastian/dev_ws/install/uf_ros_lib:/home/sebastian/ros2_ws/src/my_package/install/my_package:/home/sebastian/ros2_ws/src/install/tf_examples:/home/sebastian/ros2_ws/src/install/puzzlebot_sim:/home/sebastian/ros2_ws/src/install/puzzlebot_gazebo:/home/sebastian/ros2_ws/src/install/puzzlebot_description:/home/sebastian/ros2_ws/src/install/my_package:/home/sebastian/ros2_ws/src/install/motor_control:/home/sebastian/ros2_ws/src/install/mobile_robotics:/home/sebastian/ros2_ws/src/install/minic3:/home/sebastian/ros2_ws/src/install/joints_act:/home/sebastian/ros2_ws/src/install/basic_comms:/opt/ros/humble /usr/bin/cmake --install /home/sebastian/Juanma/SLAM_Puzzlebot_Orbitrons/puzzlebot_ws/build/puzzlebot_navigation2
[1.481s] Level 1:colcon.colcon_core.environment:create_environment_scripts_only(puzzlebot_navigation2)
[1.488s] DEBUG:colcon.colcon_core.event_handler.log_command:Invoked command in '/home/sebastian/Juanma/SLAM_Puzzlebot_Orbitrons/puzzlebot_ws/build/puzzlebot_navigation2' returned '0': CMAKE_PREFIX_PATH=${CMAKE_PREFIX_PATH}:/home/sebastian/ros2_ws/install/tf_examples:/home/sebastian/ros2_ws/install/puzzlebot_sim:/home/sebastian/ros2_ws/install/puzzlebot_gazebo:/home/sebastian/ros2_ws/install/puzzlebot_description:/home/sebastian/ros2_ws/install/my_package:/home/sebastian/ros2_ws/install/motor_control:/home/sebastian/ros2_ws/install/mobile_robotics:/home/sebastian/ros2_ws/install/joints_act:/home/sebastian/ros2_ws/install/basic_comms:/home/sebastian/dev_ws/install/visual_cobot:/home/sebastian/dev_ws/install/xarm_msgs:/home/sebastian/dev_ws/install/ulite6_move:/home/sebastian/dev_ws/install/uf_ros_lib:/home/sebastian/ros2_ws/src/my_package/install/my_package:/home/sebastian/ros2_ws/src/install/tf_examples:/home/sebastian/ros2_ws/src/install/puzzlebot_sim:/home/sebastian/ros2_ws/src/install/puzzlebot_gazebo:/home/sebastian/ros2_ws/src/install/puzzlebot_description:/home/sebastian/ros2_ws/src/install/my_package:/home/sebastian/ros2_ws/src/install/motor_control:/home/sebastian/ros2_ws/src/install/mobile_robotics:/home/sebastian/ros2_ws/src/install/minic3:/home/sebastian/ros2_ws/src/install/joints_act:/home/sebastian/ros2_ws/src/install/basic_comms:/opt/ros/humble /usr/bin/cmake --install /home/sebastian/Juanma/SLAM_Puzzlebot_Orbitrons/puzzlebot_ws/build/puzzlebot_navigation2
[1.492s] Level 1:colcon.colcon_core.environment:checking '/home/sebastian/Juanma/SLAM_Puzzlebot_Orbitrons/puzzlebot_ws/install/puzzlebot_navigation2' for CMake module files
[1.493s] Level 1:colcon.colcon_core.environment:checking '/home/sebastian/Juanma/SLAM_Puzzlebot_Orbitrons/puzzlebot_ws/install/puzzlebot_navigation2' for CMake config files
[1.494s] Level 1:colcon.colcon_core.shell:create_environment_hook('puzzlebot_navigation2', 'cmake_prefix_path')
[1.494s] INFO:colcon.colcon_core.shell:Creating environment hook '/home/sebastian/Juanma/SLAM_Puzzlebot_Orbitrons/puzzlebot_ws/install/puzzlebot_navigation2/share/puzzlebot_navigation2/hook/cmake_prefix_path.ps1'
[1.497s] INFO:colcon.colcon_core.shell:Creating environment descriptor '/home/sebastian/Juanma/SLAM_Puzzlebot_Orbitrons/puzzlebot_ws/install/puzzlebot_navigation2/share/puzzlebot_navigation2/hook/cmake_prefix_path.dsv'
[1.498s] INFO:colcon.colcon_core.shell:Creating environment hook '/home/sebastian/Juanma/SLAM_Puzzlebot_Orbitrons/puzzlebot_ws/install/puzzlebot_navigation2/share/puzzlebot_navigation2/hook/cmake_prefix_path.sh'
[1.500s] Level 1:colcon.colcon_core.environment:checking '/home/sebastian/Juanma/SLAM_Puzzlebot_Orbitrons/puzzlebot_ws/install/puzzlebot_navigation2/bin'
[1.500s] Level 1:colcon.colcon_core.environment:checking '/home/sebastian/Juanma/SLAM_Puzzlebot_Orbitrons/puzzlebot_ws/install/puzzlebot_navigation2/lib/pkgconfig/puzzlebot_navigation2.pc'
[1.500s] Level 1:colcon.colcon_core.environment:checking '/home/sebastian/Juanma/SLAM_Puzzlebot_Orbitrons/puzzlebot_ws/install/puzzlebot_navigation2/lib/python3.10/site-packages'
[1.501s] Level 1:colcon.colcon_core.environment:checking '/home/sebastian/Juanma/SLAM_Puzzlebot_Orbitrons/puzzlebot_ws/install/puzzlebot_navigation2/bin'
[1.501s] INFO:colcon.colcon_core.shell:Creating package script '/home/sebastian/Juanma/SLAM_Puzzlebot_Orbitrons/puzzlebot_ws/install/puzzlebot_navigation2/share/puzzlebot_navigation2/package.ps1'
[1.503s] INFO:colcon.colcon_core.shell:Creating package descriptor '/home/sebastian/Juanma/SLAM_Puzzlebot_Orbitrons/puzzlebot_ws/install/puzzlebot_navigation2/share/puzzlebot_navigation2/package.dsv'
[1.504s] INFO:colcon.colcon_core.shell:Creating package script '/home/sebastian/Juanma/SLAM_Puzzlebot_Orbitrons/puzzlebot_ws/install/puzzlebot_navigation2/share/puzzlebot_navigation2/package.sh'
[1.506s] INFO:colcon.colcon_core.shell:Creating package script '/home/sebastian/Juanma/SLAM_Puzzlebot_Orbitrons/puzzlebot_ws/install/puzzlebot_navigation2/share/puzzlebot_navigation2/package.bash'
[1.507s] INFO:colcon.colcon_core.shell:Creating package script '/home/sebastian/Juanma/SLAM_Puzzlebot_Orbitrons/puzzlebot_ws/install/puzzlebot_navigation2/share/puzzlebot_navigation2/package.zsh'
[1.509s] Level 1:colcon.colcon_core.environment:create_file_with_runtime_dependencies(/home/sebastian/Juanma/SLAM_Puzzlebot_Orbitrons/puzzlebot_ws/install/puzzlebot_navigation2/share/colcon-core/packages/puzzlebot_navigation2)
[1.510s] Level 1:colcon.colcon_core.environment:create_environment_scripts_only(puzzlebot_navigation2)
[1.510s] Level 1:colcon.colcon_core.environment:checking '/home/sebastian/Juanma/SLAM_Puzzlebot_Orbitrons/puzzlebot_ws/install/puzzlebot_navigation2' for CMake module files
[1.511s] Level 1:colcon.colcon_core.environment:checking '/home/sebastian/Juanma/SLAM_Puzzlebot_Orbitrons/puzzlebot_ws/install/puzzlebot_navigation2' for CMake config files
[1.511s] Level 1:colcon.colcon_core.shell:create_environment_hook('puzzlebot_navigation2', 'cmake_prefix_path')
[1.512s] INFO:colcon.colcon_core.shell:Creating environment hook '/home/sebastian/Juanma/SLAM_Puzzlebot_Orbitrons/puzzlebot_ws/install/puzzlebot_navigation2/share/puzzlebot_navigation2/hook/cmake_prefix_path.ps1'
[1.513s] INFO:colcon.colcon_core.shell:Creating environment descriptor '/home/sebastian/Juanma/SLAM_Puzzlebot_Orbitrons/puzzlebot_ws/install/puzzlebot_navigation2/share/puzzlebot_navigation2/hook/cmake_prefix_path.dsv'
[1.514s] INFO:colcon.colcon_core.shell:Creating environment hook '/home/sebastian/Juanma/SLAM_Puzzlebot_Orbitrons/puzzlebot_ws/install/puzzlebot_navigation2/share/puzzlebot_navigation2/hook/cmake_prefix_path.sh'
[1.515s] Level 1:colcon.colcon_core.environment:checking '/home/sebastian/Juanma/SLAM_Puzzlebot_Orbitrons/puzzlebot_ws/install/puzzlebot_navigation2/bin'
[1.516s] Level 1:colcon.colcon_core.environment:checking '/home/sebastian/Juanma/SLAM_Puzzlebot_Orbitrons/puzzlebot_ws/install/puzzlebot_navigation2/lib/pkgconfig/puzzlebot_navigation2.pc'
[1.516s] Level 1:colcon.colcon_core.environment:checking '/home/sebastian/Juanma/SLAM_Puzzlebot_Orbitrons/puzzlebot_ws/install/puzzlebot_navigation2/lib/python3.10/site-packages'
[1.516s] Level 1:colcon.colcon_core.environment:checking '/home/sebastian/Juanma/SLAM_Puzzlebot_Orbitrons/puzzlebot_ws/install/puzzlebot_navigation2/bin'
[1.517s] INFO:colcon.colcon_core.shell:Creating package script '/home/sebastian/Juanma/SLAM_Puzzlebot_Orbitrons/puzzlebot_ws/install/puzzlebot_navigation2/share/puzzlebot_navigation2/package.ps1'
[1.518s] INFO:colcon.colcon_core.shell:Creating package descriptor '/home/sebastian/Juanma/SLAM_Puzzlebot_Orbitrons/puzzlebot_ws/install/puzzlebot_navigation2/share/puzzlebot_navigation2/package.dsv'
[1.519s] INFO:colcon.colcon_core.shell:Creating package script '/home/sebastian/Juanma/SLAM_Puzzlebot_Orbitrons/puzzlebot_ws/install/puzzlebot_navigation2/share/puzzlebot_navigation2/package.sh'
[1.520s] INFO:colcon.colcon_core.shell:Creating package script '/home/sebastian/Juanma/SLAM_Puzzlebot_Orbitrons/puzzlebot_ws/install/puzzlebot_navigation2/share/puzzlebot_navigation2/package.bash'
[1.521s] INFO:colcon.colcon_core.shell:Creating package script '/home/sebastian/Juanma/SLAM_Puzzlebot_Orbitrons/puzzlebot_ws/install/puzzlebot_navigation2/share/puzzlebot_navigation2/package.zsh'
[1.522s] Level 1:colcon.colcon_core.environment:create_file_with_runtime_dependencies(/home/sebastian/Juanma/SLAM_Puzzlebot_Orbitrons/puzzlebot_ws/install/puzzlebot_navigation2/share/colcon-core/packages/puzzlebot_navigation2)
[1.524s] Level 1:colcon.colcon_core.environment:create_environment_scripts_only(puzzlebot_description)
[1.525s] Level 1:colcon.colcon_core.environment:checking '/home/sebastian/Juanma/SLAM_Puzzlebot_Orbitrons/puzzlebot_ws/install/puzzlebot_description' for CMake module files
[1.526s] DEBUG:colcon.colcon_core.event_handler.log_command:Invoked command in '/home/sebastian/Juanma/SLAM_Puzzlebot_Orbitrons/puzzlebot_ws/build/puzzlebot_description' returned '0': CMAKE_PREFIX_PATH=${CMAKE_PREFIX_PATH}:/home/sebastian/ros2_ws/install/tf_examples:/home/sebastian/ros2_ws/install/puzzlebot_sim:/home/sebastian/ros2_ws/install/puzzlebot_gazebo:/home/sebastian/ros2_ws/install/puzzlebot_description:/home/sebastian/ros2_ws/install/my_package:/home/sebastian/ros2_ws/install/motor_control:/home/sebastian/ros2_ws/install/mobile_robotics:/home/sebastian/ros2_ws/install/joints_act:/home/sebastian/ros2_ws/install/basic_comms:/home/sebastian/dev_ws/install/visual_cobot:/home/sebastian/dev_ws/install/xarm_msgs:/home/sebastian/dev_ws/install/ulite6_move:/home/sebastian/dev_ws/install/uf_ros_lib:/home/sebastian/ros2_ws/src/my_package/install/my_package:/home/sebastian/ros2_ws/src/install/tf_examples:/home/sebastian/ros2_ws/src/install/puzzlebot_sim:/home/sebastian/ros2_ws/src/install/puzzlebot_gazebo:/home/sebastian/ros2_ws/src/install/puzzlebot_description:/home/sebastian/ros2_ws/src/install/my_package:/home/sebastian/ros2_ws/src/install/motor_control:/home/sebastian/ros2_ws/src/install/mobile_robotics:/home/sebastian/ros2_ws/src/install/minic3:/home/sebastian/ros2_ws/src/install/joints_act:/home/sebastian/ros2_ws/src/install/basic_comms:/opt/ros/humble /usr/bin/cmake --install /home/sebastian/Juanma/SLAM_Puzzlebot_Orbitrons/puzzlebot_ws/build/puzzlebot_description
[1.527s] Level 1:colcon.colcon_core.environment:checking '/home/sebastian/Juanma/SLAM_Puzzlebot_Orbitrons/puzzlebot_ws/install/puzzlebot_description' for CMake config files
[1.528s] Level 1:colcon.colcon_core.shell:create_environment_hook('puzzlebot_description', 'cmake_prefix_path')
[1.528s] INFO:colcon.colcon_core.shell:Creating environment hook '/home/sebastian/Juanma/SLAM_Puzzlebot_Orbitrons/puzzlebot_ws/install/puzzlebot_description/share/puzzlebot_description/hook/cmake_prefix_path.ps1'
[1.529s] INFO:colcon.colcon_core.shell:Creating environment descriptor '/home/sebastian/Juanma/SLAM_Puzzlebot_Orbitrons/puzzlebot_ws/install/puzzlebot_description/share/puzzlebot_description/hook/cmake_prefix_path.dsv'
[1.530s] INFO:colcon.colcon_core.shell:Creating environment hook '/home/sebastian/Juanma/SLAM_Puzzlebot_Orbitrons/puzzlebot_ws/install/puzzlebot_description/share/puzzlebot_description/hook/cmake_prefix_path.sh'
[1.531s] Level 1:colcon.colcon_core.environment:checking '/home/sebastian/Juanma/SLAM_Puzzlebot_Orbitrons/puzzlebot_ws/install/puzzlebot_description/bin'
[1.531s] Level 1:colcon.colcon_core.environment:checking '/home/sebastian/Juanma/SLAM_Puzzlebot_Orbitrons/puzzlebot_ws/install/puzzlebot_description/lib/pkgconfig/puzzlebot_description.pc'
[1.532s] Level 1:colcon.colcon_core.environment:checking '/home/sebastian/Juanma/SLAM_Puzzlebot_Orbitrons/puzzlebot_ws/install/puzzlebot_description/lib/python3.10/site-packages'
[1.532s] Level 1:colcon.colcon_core.environment:checking '/home/sebastian/Juanma/SLAM_Puzzlebot_Orbitrons/puzzlebot_ws/install/puzzlebot_description/bin'
[1.532s] INFO:colcon.colcon_core.shell:Creating package script '/home/sebastian/Juanma/SLAM_Puzzlebot_Orbitrons/puzzlebot_ws/install/puzzlebot_description/share/puzzlebot_description/package.ps1'
[1.533s] INFO:colcon.colcon_core.shell:Creating package descriptor '/home/sebastian/Juanma/SLAM_Puzzlebot_Orbitrons/puzzlebot_ws/install/puzzlebot_description/share/puzzlebot_description/package.dsv'
[1.534s] INFO:colcon.colcon_core.shell:Creating package script '/home/sebastian/Juanma/SLAM_Puzzlebot_Orbitrons/puzzlebot_ws/install/puzzlebot_description/share/puzzlebot_description/package.sh'
[1.536s] INFO:colcon.colcon_core.shell:Creating package script '/home/sebastian/Juanma/SLAM_Puzzlebot_Orbitrons/puzzlebot_ws/install/puzzlebot_description/share/puzzlebot_description/package.bash'
[1.536s] INFO:colcon.colcon_core.shell:Creating package script '/home/sebastian/Juanma/SLAM_Puzzlebot_Orbitrons/puzzlebot_ws/install/puzzlebot_description/share/puzzlebot_description/package.zsh'
[1.538s] Level 1:colcon.colcon_core.environment:create_file_with_runtime_dependencies(/home/sebastian/Juanma/SLAM_Puzzlebot_Orbitrons/puzzlebot_ws/install/puzzlebot_description/share/colcon-core/packages/puzzlebot_description)
[1.539s] Level 1:colcon.colcon_core.environment:create_environment_scripts_only(puzzlebot_description)
[1.539s] Level 1:colcon.colcon_core.environment:checking '/home/sebastian/Juanma/SLAM_Puzzlebot_Orbitrons/puzzlebot_ws/install/puzzlebot_description' for CMake module files
[1.540s] Level 1:colcon.colcon_core.environment:checking '/home/sebastian/Juanma/SLAM_Puzzlebot_Orbitrons/puzzlebot_ws/install/puzzlebot_description' for CMake config files
[1.541s] Level 1:colcon.colcon_core.shell:create_environment_hook('puzzlebot_description', 'cmake_prefix_path')
[1.541s] INFO:colcon.colcon_core.shell:Creating environment hook '/home/sebastian/Juanma/SLAM_Puzzlebot_Orbitrons/puzzlebot_ws/install/puzzlebot_description/share/puzzlebot_description/hook/cmake_prefix_path.ps1'
[1.542s] INFO:colcon.colcon_core.shell:Creating environment descriptor '/home/sebastian/Juanma/SLAM_Puzzlebot_Orbitrons/puzzlebot_ws/install/puzzlebot_description/share/puzzlebot_description/hook/cmake_prefix_path.dsv'
[1.543s] INFO:colcon.colcon_core.shell:Creating environment hook '/home/sebastian/Juanma/SLAM_Puzzlebot_Orbitrons/puzzlebot_ws/install/puzzlebot_description/share/puzzlebot_description/hook/cmake_prefix_path.sh'
[1.544s] Level 1:colcon.colcon_core.environment:checking '/home/sebastian/Juanma/SLAM_Puzzlebot_Orbitrons/puzzlebot_ws/install/puzzlebot_description/bin'
[1.544s] Level 1:colcon.colcon_core.environment:checking '/home/sebastian/Juanma/SLAM_Puzzlebot_Orbitrons/puzzlebot_ws/install/puzzlebot_description/lib/pkgconfig/puzzlebot_description.pc'
[1.545s] Level 1:colcon.colcon_core.environment:checking '/home/sebastian/Juanma/SLAM_Puzzlebot_Orbitrons/puzzlebot_ws/install/puzzlebot_description/lib/python3.10/site-packages'
[1.545s] Level 1:colcon.colcon_core.environment:checking '/home/sebastian/Juanma/SLAM_Puzzlebot_Orbitrons/puzzlebot_ws/install/puzzlebot_description/bin'
[1.545s] INFO:colcon.colcon_core.shell:Creating package script '/home/sebastian/Juanma/SLAM_Puzzlebot_Orbitrons/puzzlebot_ws/install/puzzlebot_description/share/puzzlebot_description/package.ps1'
[1.546s] INFO:colcon.colcon_core.shell:Creating package descriptor '/home/sebastian/Juanma/SLAM_Puzzlebot_Orbitrons/puzzlebot_ws/install/puzzlebot_description/share/puzzlebot_description/package.dsv'
[1.547s] INFO:colcon.colcon_core.shell:Creating package script '/home/sebastian/Juanma/SLAM_Puzzlebot_Orbitrons/puzzlebot_ws/install/puzzlebot_description/share/puzzlebot_description/package.sh'
[1.548s] INFO:colcon.colcon_core.shell:Creating package script '/home/sebastian/Juanma/SLAM_Puzzlebot_Orbitrons/puzzlebot_ws/install/puzzlebot_description/share/puzzlebot_description/package.bash'
[1.549s] INFO:colcon.colcon_core.shell:Creating package script '/home/sebastian/Juanma/SLAM_Puzzlebot_Orbitrons/puzzlebot_ws/install/puzzlebot_description/share/puzzlebot_description/package.zsh'
[1.550s] Level 1:colcon.colcon_core.environment:create_file_with_runtime_dependencies(/home/sebastian/Juanma/SLAM_Puzzlebot_Orbitrons/puzzlebot_ws/install/puzzlebot_description/share/colcon-core/packages/puzzlebot_description)
[1.552s] INFO:colcon.colcon_ros.task.ament_cmake.build:Building ROS package in '/home/sebastian/Juanma/SLAM_Puzzlebot_Orbitrons/puzzlebot_ws/src/puzzlebot_ros2/puzzlebot_gazebo' with build type 'ament_cmake'
[1.552s] INFO:colcon.colcon_cmake.task.cmake.build:Building CMake package in '/home/sebastian/Juanma/SLAM_Puzzlebot_Orbitrons/puzzlebot_ws/src/puzzlebot_ros2/puzzlebot_gazebo'
[1.552s] INFO:colcon.colcon_core.shell:Skip shell extension 'powershell' for command environment: Not usable outside of PowerShell
[1.553s] DEBUG:colcon.colcon_core.shell:Skip shell extension 'dsv' for command environment
[1.595s] DEBUG:colcon.colcon_core.event_handler.log_command:Invoking command in '/home/sebastian/Juanma/SLAM_Puzzlebot_Orbitrons/puzzlebot_ws/build/puzzlebot_gazebo': AMENT_PREFIX_PATH=/home/sebastian/Juanma/SLAM_Puzzlebot_Orbitrons/puzzlebot_ws/install/puzzlebot_description:${AMENT_PREFIX_PATH} CMAKE_PREFIX_PATH=/home/sebastian/Juanma/SLAM_Puzzlebot_Orbitrons/puzzlebot_ws/install/puzzlebot_description:/home/sebastian/Juanma/SLAM_Puzzlebot_Orbitrons/install/puzzlebot_navigation2:/home/sebastian/Juanma/SLAM_Puzzlebot_Orbitrons/install/puzzlebot_navigation:/home/sebastian/Juanma/SLAM_Puzzlebot_Orbitrons/install/puzzlebot_gazebo:/home/sebastian/Juanma/SLAM_Puzzlebot_Orbitrons/install/puzzlebot_description:/home/sebastian/dev_ws/install/xarm_planner:/home/sebastian/dev_ws/install/xarm_moveit_servo:/home/sebastian/dev_ws/install/xarm_moveit_config:/home/sebastian/dev_ws/install/xarm_gazebo:/home/sebastian/dev_ws/install/xarm_controller:/home/sebastian/dev_ws/install/d435i_xarm_setup:/home/sebastian/dev_ws/install/xarm_api:/home/sebastian/dev_ws/install/xarm_sdk:/home/sebastian/dev_ws/install/xarm_description:/home/sebastian/dev_ws/install/realsense_gazebo_plugin:/home/sebastian/dev_ws/install/mbot_demo:/home/sebastian/ros2_ws/install/tf_examples:/home/sebastian/ros2_ws/install/puzzlebot_sim:/home/sebastian/ros2_ws/install/puzzlebot_gazebo:/home/sebastian/ros2_ws/install/puzzlebot_description:/home/sebastian/ros2_ws/install/my_package:/home/sebastian/ros2_ws/install/motor_control:/home/sebastian/ros2_ws/install/mobile_robotics:/home/sebastian/ros2_ws/install/joints_act:/home/sebastian/ros2_ws/install/basic_comms:/home/sebastian/dev_ws/install/visual_cobot:/home/sebastian/dev_ws/install/xarm_msgs:/home/sebastian/dev_ws/install/ulite6_move:/home/sebastian/dev_ws/install/uf_ros_lib:/home/sebastian/ros2_ws/src/my_package/install/my_package:/home/sebastian/ros2_ws/src/install/tf_examples:/home/sebastian/ros2_ws/src/install/puzzlebot_sim:/home/sebastian/ros2_ws/src/install/puzzlebot_gazebo:/home/sebastian/ros2_ws/src/install/puzzlebot_description:/home/sebastian/ros2_ws/src/install/my_package:/home/sebastian/ros2_ws/src/install/motor_control:/home/sebastian/ros2_ws/src/install/mobile_robotics:/home/sebastian/ros2_ws/src/install/minic3:/home/sebastian/ros2_ws/src/install/joints_act:/home/sebastian/ros2_ws/src/install/basic_comms:/opt/ros/humble /usr/bin/cmake --build /home/sebastian/Juanma/SLAM_Puzzlebot_Orbitrons/puzzlebot_ws/build/puzzlebot_gazebo -- -j6 -l6
[2.166s] DEBUG:colcon.colcon_core.event_handler.log_command:Invoked command in '/home/sebastian/Juanma/SLAM_Puzzlebot_Orbitrons/puzzlebot_ws/build/puzzlebot_gazebo' returned '0': AMENT_PREFIX_PATH=/home/sebastian/Juanma/SLAM_Puzzlebot_Orbitrons/puzzlebot_ws/install/puzzlebot_description:${AMENT_PREFIX_PATH} CMAKE_PREFIX_PATH=/home/sebastian/Juanma/SLAM_Puzzlebot_Orbitrons/puzzlebot_ws/install/puzzlebot_description:/home/sebastian/Juanma/SLAM_Puzzlebot_Orbitrons/install/puzzlebot_navigation2:/home/sebastian/Juanma/SLAM_Puzzlebot_Orbitrons/install/puzzlebot_navigation:/home/sebastian/Juanma/SLAM_Puzzlebot_Orbitrons/install/puzzlebot_gazebo:/home/sebastian/Juanma/SLAM_Puzzlebot_Orbitrons/install/puzzlebot_description:/home/sebastian/dev_ws/install/xarm_planner:/home/sebastian/dev_ws/install/xarm_moveit_servo:/home/sebastian/dev_ws/install/xarm_moveit_config:/home/sebastian/dev_ws/install/xarm_gazebo:/home/sebastian/dev_ws/install/xarm_controller:/home/sebastian/dev_ws/install/d435i_xarm_setup:/home/sebastian/dev_ws/install/xarm_api:/home/sebastian/dev_ws/install/xarm_sdk:/home/sebastian/dev_ws/install/xarm_description:/home/sebastian/dev_ws/install/realsense_gazebo_plugin:/home/sebastian/dev_ws/install/mbot_demo:/home/sebastian/ros2_ws/install/tf_examples:/home/sebastian/ros2_ws/install/puzzlebot_sim:/home/sebastian/ros2_ws/install/puzzlebot_gazebo:/home/sebastian/ros2_ws/install/puzzlebot_description:/home/sebastian/ros2_ws/install/my_package:/home/sebastian/ros2_ws/install/motor_control:/home/sebastian/ros2_ws/install/mobile_robotics:/home/sebastian/ros2_ws/install/joints_act:/home/sebastian/ros2_ws/install/basic_comms:/home/sebastian/dev_ws/install/visual_cobot:/home/sebastian/dev_ws/install/xarm_msgs:/home/sebastian/dev_ws/install/ulite6_move:/home/sebastian/dev_ws/install/uf_ros_lib:/home/sebastian/ros2_ws/src/my_package/install/my_package:/home/sebastian/ros2_ws/src/install/tf_examples:/home/sebastian/ros2_ws/src/install/puzzlebot_sim:/home/sebastian/ros2_ws/src/install/puzzlebot_gazebo:/home/sebastian/ros2_ws/src/install/puzzlebot_description:/home/sebastian/ros2_ws/src/install/my_package:/home/sebastian/ros2_ws/src/install/motor_control:/home/sebastian/ros2_ws/src/install/mobile_robotics:/home/sebastian/ros2_ws/src/install/minic3:/home/sebastian/ros2_ws/src/install/joints_act:/home/sebastian/ros2_ws/src/install/basic_comms:/opt/ros/humble /usr/bin/cmake --build /home/sebastian/Juanma/SLAM_Puzzlebot_Orbitrons/puzzlebot_ws/build/puzzlebot_gazebo -- -j6 -l6
[2.167s] DEBUG:colcon.colcon_core.event_handler.log_command:Invoking command in '/home/sebastian/Juanma/SLAM_Puzzlebot_Orbitrons/puzzlebot_ws/build/puzzlebot_gazebo': AMENT_PREFIX_PATH=/home/sebastian/Juanma/SLAM_Puzzlebot_Orbitrons/puzzlebot_ws/install/puzzlebot_description:${AMENT_PREFIX_PATH} CMAKE_PREFIX_PATH=/home/sebastian/Juanma/SLAM_Puzzlebot_Orbitrons/puzzlebot_ws/install/puzzlebot_description:/home/sebastian/Juanma/SLAM_Puzzlebot_Orbitrons/install/puzzlebot_navigation2:/home/sebastian/Juanma/SLAM_Puzzlebot_Orbitrons/install/puzzlebot_navigation:/home/sebastian/Juanma/SLAM_Puzzlebot_Orbitrons/install/puzzlebot_gazebo:/home/sebastian/Juanma/SLAM_Puzzlebot_Orbitrons/install/puzzlebot_description:/home/sebastian/dev_ws/install/xarm_planner:/home/sebastian/dev_ws/install/xarm_moveit_servo:/home/sebastian/dev_ws/install/xarm_moveit_config:/home/sebastian/dev_ws/install/xarm_gazebo:/home/sebastian/dev_ws/install/xarm_controller:/home/sebastian/dev_ws/install/d435i_xarm_setup:/home/sebastian/dev_ws/install/xarm_api:/home/sebastian/dev_ws/install/xarm_sdk:/home/sebastian/dev_ws/install/xarm_description:/home/sebastian/dev_ws/install/realsense_gazebo_plugin:/home/sebastian/dev_ws/install/mbot_demo:/home/sebastian/ros2_ws/install/tf_examples:/home/sebastian/ros2_ws/install/puzzlebot_sim:/home/sebastian/ros2_ws/install/puzzlebot_gazebo:/home/sebastian/ros2_ws/install/puzzlebot_description:/home/sebastian/ros2_ws/install/my_package:/home/sebastian/ros2_ws/install/motor_control:/home/sebastian/ros2_ws/install/mobile_robotics:/home/sebastian/ros2_ws/install/joints_act:/home/sebastian/ros2_ws/install/basic_comms:/home/sebastian/dev_ws/install/visual_cobot:/home/sebastian/dev_ws/install/xarm_msgs:/home/sebastian/dev_ws/install/ulite6_move:/home/sebastian/dev_ws/install/uf_ros_lib:/home/sebastian/ros2_ws/src/my_package/install/my_package:/home/sebastian/ros2_ws/src/install/tf_examples:/home/sebastian/ros2_ws/src/install/puzzlebot_sim:/home/sebastian/ros2_ws/src/install/puzzlebot_gazebo:/home/sebastian/ros2_ws/src/install/puzzlebot_description:/home/sebastian/ros2_ws/src/install/my_package:/home/sebastian/ros2_ws/src/install/motor_control:/home/sebastian/ros2_ws/src/install/mobile_robotics:/home/sebastian/ros2_ws/src/install/minic3:/home/sebastian/ros2_ws/src/install/joints_act:/home/sebastian/ros2_ws/src/install/basic_comms:/opt/ros/humble /usr/bin/cmake --install /home/sebastian/Juanma/SLAM_Puzzlebot_Orbitrons/puzzlebot_ws/build/puzzlebot_gazebo
[2.192s] Level 1:colcon.colcon_core.environment:create_environment_scripts_only(puzzlebot_gazebo)
[2.194s] Level 1:colcon.colcon_core.environment:checking '/home/sebastian/Juanma/SLAM_Puzzlebot_Orbitrons/puzzlebot_ws/install/puzzlebot_gazebo' for CMake module files
[2.194s] DEBUG:colcon.colcon_core.event_handler.log_command:Invoked command in '/home/sebastian/Juanma/SLAM_Puzzlebot_Orbitrons/puzzlebot_ws/build/puzzlebot_gazebo' returned '0': AMENT_PREFIX_PATH=/home/sebastian/Juanma/SLAM_Puzzlebot_Orbitrons/puzzlebot_ws/install/puzzlebot_description:${AMENT_PREFIX_PATH} CMAKE_PREFIX_PATH=/home/sebastian/Juanma/SLAM_Puzzlebot_Orbitrons/puzzlebot_ws/install/puzzlebot_description:/home/sebastian/Juanma/SLAM_Puzzlebot_Orbitrons/install/puzzlebot_navigation2:/home/sebastian/Juanma/SLAM_Puzzlebot_Orbitrons/install/puzzlebot_navigation:/home/sebastian/Juanma/SLAM_Puzzlebot_Orbitrons/install/puzzlebot_gazebo:/home/sebastian/Juanma/SLAM_Puzzlebot_Orbitrons/install/puzzlebot_description:/home/sebastian/dev_ws/install/xarm_planner:/home/sebastian/dev_ws/install/xarm_moveit_servo:/home/sebastian/dev_ws/install/xarm_moveit_config:/home/sebastian/dev_ws/install/xarm_gazebo:/home/sebastian/dev_ws/install/xarm_controller:/home/sebastian/dev_ws/install/d435i_xarm_setup:/home/sebastian/dev_ws/install/xarm_api:/home/sebastian/dev_ws/install/xarm_sdk:/home/sebastian/dev_ws/install/xarm_description:/home/sebastian/dev_ws/install/realsense_gazebo_plugin:/home/sebastian/dev_ws/install/mbot_demo:/home/sebastian/ros2_ws/install/tf_examples:/home/sebastian/ros2_ws/install/puzzlebot_sim:/home/sebastian/ros2_ws/install/puzzlebot_gazebo:/home/sebastian/ros2_ws/install/puzzlebot_description:/home/sebastian/ros2_ws/install/my_package:/home/sebastian/ros2_ws/install/motor_control:/home/sebastian/ros2_ws/install/mobile_robotics:/home/sebastian/ros2_ws/install/joints_act:/home/sebastian/ros2_ws/install/basic_comms:/home/sebastian/dev_ws/install/visual_cobot:/home/sebastian/dev_ws/install/xarm_msgs:/home/sebastian/dev_ws/install/ulite6_move:/home/sebastian/dev_ws/install/uf_ros_lib:/home/sebastian/ros2_ws/src/my_package/install/my_package:/home/sebastian/ros2_ws/src/install/tf_examples:/home/sebastian/ros2_ws/src/install/puzzlebot_sim:/home/sebastian/ros2_ws/src/install/puzzlebot_gazebo:/home/sebastian/ros2_ws/src/install/puzzlebot_description:/home/sebastian/ros2_ws/src/install/my_package:/home/sebastian/ros2_ws/src/install/motor_control:/home/sebastian/ros2_ws/src/install/mobile_robotics:/home/sebastian/ros2_ws/src/install/minic3:/home/sebastian/ros2_ws/src/install/joints_act:/home/sebastian/ros2_ws/src/install/basic_comms:/opt/ros/humble /usr/bin/cmake --install /home/sebastian/Juanma/SLAM_Puzzlebot_Orbitrons/puzzlebot_ws/build/puzzlebot_gazebo
[2.195s] Level 1:colcon.colcon_core.environment:checking '/home/sebastian/Juanma/SLAM_Puzzlebot_Orbitrons/puzzlebot_ws/install/puzzlebot_gazebo' for CMake config files
[2.196s] Level 1:colcon.colcon_core.shell:create_environment_hook('puzzlebot_gazebo', 'cmake_prefix_path')
[2.196s] INFO:colcon.colcon_core.shell:Creating environment hook '/home/sebastian/Juanma/SLAM_Puzzlebot_Orbitrons/puzzlebot_ws/install/puzzlebot_gazebo/share/puzzlebot_gazebo/hook/cmake_prefix_path.ps1'
[2.197s] INFO:colcon.colcon_core.shell:Creating environment descriptor '/home/sebastian/Juanma/SLAM_Puzzlebot_Orbitrons/puzzlebot_ws/install/puzzlebot_gazebo/share/puzzlebot_gazebo/hook/cmake_prefix_path.dsv'
[2.198s] INFO:colcon.colcon_core.shell:Creating environment hook '/home/sebastian/Juanma/SLAM_Puzzlebot_Orbitrons/puzzlebot_ws/install/puzzlebot_gazebo/share/puzzlebot_gazebo/hook/cmake_prefix_path.sh'
[2.200s] Level 1:colcon.colcon_core.environment:checking '/home/sebastian/Juanma/SLAM_Puzzlebot_Orbitrons/puzzlebot_ws/install/puzzlebot_gazebo/bin'
[2.200s] Level 1:colcon.colcon_core.environment:checking '/home/sebastian/Juanma/SLAM_Puzzlebot_Orbitrons/puzzlebot_ws/install/puzzlebot_gazebo/lib/pkgconfig/puzzlebot_gazebo.pc'
[2.201s] Level 1:colcon.colcon_core.environment:checking '/home/sebastian/Juanma/SLAM_Puzzlebot_Orbitrons/puzzlebot_ws/install/puzzlebot_gazebo/lib/python3.10/site-packages'
[2.201s] Level 1:colcon.colcon_core.environment:checking '/home/sebastian/Juanma/SLAM_Puzzlebot_Orbitrons/puzzlebot_ws/install/puzzlebot_gazebo/bin'
[2.202s] INFO:colcon.colcon_core.shell:Creating package script '/home/sebastian/Juanma/SLAM_Puzzlebot_Orbitrons/puzzlebot_ws/install/puzzlebot_gazebo/share/puzzlebot_gazebo/package.ps1'
[2.203s] INFO:colcon.colcon_core.shell:Creating package descriptor '/home/sebastian/Juanma/SLAM_Puzzlebot_Orbitrons/puzzlebot_ws/install/puzzlebot_gazebo/share/puzzlebot_gazebo/package.dsv'
[2.204s] INFO:colcon.colcon_core.shell:Creating package script '/home/sebastian/Juanma/SLAM_Puzzlebot_Orbitrons/puzzlebot_ws/install/puzzlebot_gazebo/share/puzzlebot_gazebo/package.sh'
[2.206s] INFO:colcon.colcon_core.shell:Creating package script '/home/sebastian/Juanma/SLAM_Puzzlebot_Orbitrons/puzzlebot_ws/install/puzzlebot_gazebo/share/puzzlebot_gazebo/package.bash'
[2.207s] INFO:colcon.colcon_core.shell:Creating package script '/home/sebastian/Juanma/SLAM_Puzzlebot_Orbitrons/puzzlebot_ws/install/puzzlebot_gazebo/share/puzzlebot_gazebo/package.zsh'
[2.208s] Level 1:colcon.colcon_core.environment:create_file_with_runtime_dependencies(/home/sebastian/Juanma/SLAM_Puzzlebot_Orbitrons/puzzlebot_ws/install/puzzlebot_gazebo/share/colcon-core/packages/puzzlebot_gazebo)
[2.209s] Level 1:colcon.colcon_core.environment:create_environment_scripts_only(puzzlebot_gazebo)
[2.210s] Level 1:colcon.colcon_core.environment:checking '/home/sebastian/Juanma/SLAM_Puzzlebot_Orbitrons/puzzlebot_ws/install/puzzlebot_gazebo' for CMake module files
[2.210s] Level 1:colcon.colcon_core.environment:checking '/home/sebastian/Juanma/SLAM_Puzzlebot_Orbitrons/puzzlebot_ws/install/puzzlebot_gazebo' for CMake config files
[2.211s] Level 1:colcon.colcon_core.shell:create_environment_hook('puzzlebot_gazebo', 'cmake_prefix_path')
[2.212s] INFO:colcon.colcon_core.shell:Creating environment hook '/home/sebastian/Juanma/SLAM_Puzzlebot_Orbitrons/puzzlebot_ws/install/puzzlebot_gazebo/share/puzzlebot_gazebo/hook/cmake_prefix_path.ps1'
[2.213s] INFO:colcon.colcon_core.shell:Creating environment descriptor '/home/sebastian/Juanma/SLAM_Puzzlebot_Orbitrons/puzzlebot_ws/install/puzzlebot_gazebo/share/puzzlebot_gazebo/hook/cmake_prefix_path.dsv'
[2.214s] INFO:colcon.colcon_core.shell:Creating environment hook '/home/sebastian/Juanma/SLAM_Puzzlebot_Orbitrons/puzzlebot_ws/install/puzzlebot_gazebo/share/puzzlebot_gazebo/hook/cmake_prefix_path.sh'
[2.216s] Level 1:colcon.colcon_core.environment:checking '/home/sebastian/Juanma/SLAM_Puzzlebot_Orbitrons/puzzlebot_ws/install/puzzlebot_gazebo/bin'
[2.216s] Level 1:colcon.colcon_core.environment:checking '/home/sebastian/Juanma/SLAM_Puzzlebot_Orbitrons/puzzlebot_ws/install/puzzlebot_gazebo/lib/pkgconfig/puzzlebot_gazebo.pc'
[2.216s] Level 1:colcon.colcon_core.environment:checking '/home/sebastian/Juanma/SLAM_Puzzlebot_Orbitrons/puzzlebot_ws/install/puzzlebot_gazebo/lib/python3.10/site-packages'
[2.216s] Level 1:colcon.colcon_core.environment:checking '/home/sebastian/Juanma/SLAM_Puzzlebot_Orbitrons/puzzlebot_ws/install/puzzlebot_gazebo/bin'
[2.217s] INFO:colcon.colcon_core.shell:Creating package script '/home/sebastian/Juanma/SLAM_Puzzlebot_Orbitrons/puzzlebot_ws/install/puzzlebot_gazebo/share/puzzlebot_gazebo/package.ps1'
[2.218s] INFO:colcon.colcon_core.shell:Creating package descriptor '/home/sebastian/Juanma/SLAM_Puzzlebot_Orbitrons/puzzlebot_ws/install/puzzlebot_gazebo/share/puzzlebot_gazebo/package.dsv'
[2.220s] INFO:colcon.colcon_core.shell:Creating package script '/home/sebastian/Juanma/SLAM_Puzzlebot_Orbitrons/puzzlebot_ws/install/puzzlebot_gazebo/share/puzzlebot_gazebo/package.sh'
[2.221s] INFO:colcon.colcon_core.shell:Creating package script '/home/sebastian/Juanma/SLAM_Puzzlebot_Orbitrons/puzzlebot_ws/install/puzzlebot_gazebo/share/puzzlebot_gazebo/package.bash'
[2.222s] INFO:colcon.colcon_core.shell:Creating package script '/home/sebastian/Juanma/SLAM_Puzzlebot_Orbitrons/puzzlebot_ws/install/puzzlebot_gazebo/share/puzzlebot_gazebo/package.zsh'
[2.223s] Level 1:colcon.colcon_core.environment:create_file_with_runtime_dependencies(/home/sebastian/Juanma/SLAM_Puzzlebot_Orbitrons/puzzlebot_ws/install/puzzlebot_gazebo/share/colcon-core/packages/puzzlebot_gazebo)
[2.224s] INFO:colcon.colcon_ros.task.ament_cmake.build:Building ROS package in '/home/sebastian/Juanma/SLAM_Puzzlebot_Orbitrons/puzzlebot_ws/src/puzzlebot_ros2/puzzlebot_navigation' with build type 'ament_cmake'
[2.224s] INFO:colcon.colcon_cmake.task.cmake.build:Building CMake package in '/home/sebastian/Juanma/SLAM_Puzzlebot_Orbitrons/puzzlebot_ws/src/puzzlebot_ros2/puzzlebot_navigation'
[2.224s] INFO:colcon.colcon_core.shell:Skip shell extension 'powershell' for command environment: Not usable outside of PowerShell
[2.225s] DEBUG:colcon.colcon_core.shell:Skip shell extension 'dsv' for command environment
[2.266s] DEBUG:colcon.colcon_core.event_handler.log_command:Invoking command in '/home/sebastian/Juanma/SLAM_Puzzlebot_Orbitrons/puzzlebot_ws/build/puzzlebot_navigation': AMENT_PREFIX_PATH=/home/sebastian/Juanma/SLAM_Puzzlebot_Orbitrons/puzzlebot_ws/install/puzzlebot_gazebo:/home/sebastian/Juanma/SLAM_Puzzlebot_Orbitrons/puzzlebot_ws/install/puzzlebot_description:${AMENT_PREFIX_PATH} CMAKE_PREFIX_PATH=/home/sebastian/Juanma/SLAM_Puzzlebot_Orbitrons/puzzlebot_ws/install/puzzlebot_gazebo:/home/sebastian/Juanma/SLAM_Puzzlebot_Orbitrons/puzzlebot_ws/install/puzzlebot_description:/home/sebastian/Juanma/SLAM_Puzzlebot_Orbitrons/install/puzzlebot_navigation2:/home/sebastian/Juanma/SLAM_Puzzlebot_Orbitrons/install/puzzlebot_navigation:/home/sebastian/Juanma/SLAM_Puzzlebot_Orbitrons/install/puzzlebot_gazebo:/home/sebastian/Juanma/SLAM_Puzzlebot_Orbitrons/install/puzzlebot_description:/home/sebastian/dev_ws/install/xarm_planner:/home/sebastian/dev_ws/install/xarm_moveit_servo:/home/sebastian/dev_ws/install/xarm_moveit_config:/home/sebastian/dev_ws/install/xarm_gazebo:/home/sebastian/dev_ws/install/xarm_controller:/home/sebastian/dev_ws/install/d435i_xarm_setup:/home/sebastian/dev_ws/install/xarm_api:/home/sebastian/dev_ws/install/xarm_sdk:/home/sebastian/dev_ws/install/xarm_description:/home/sebastian/dev_ws/install/realsense_gazebo_plugin:/home/sebastian/dev_ws/install/mbot_demo:/home/sebastian/ros2_ws/install/tf_examples:/home/sebastian/ros2_ws/install/puzzlebot_sim:/home/sebastian/ros2_ws/install/puzzlebot_gazebo:/home/sebastian/ros2_ws/install/puzzlebot_description:/home/sebastian/ros2_ws/install/my_package:/home/sebastian/ros2_ws/install/motor_control:/home/sebastian/ros2_ws/install/mobile_robotics:/home/sebastian/ros2_ws/install/joints_act:/home/sebastian/ros2_ws/install/basic_comms:/home/sebastian/dev_ws/install/visual_cobot:/home/sebastian/dev_ws/install/xarm_msgs:/home/sebastian/dev_ws/install/ulite6_move:/home/sebastian/dev_ws/install/uf_ros_lib:/home/sebastian/ros2_ws/src/my_package/install/my_package:/home/sebastian/ros2_ws/src/install/tf_examples:/home/sebastian/ros2_ws/src/install/puzzlebot_sim:/home/sebastian/ros2_ws/src/install/puzzlebot_gazebo:/home/sebastian/ros2_ws/src/install/puzzlebot_description:/home/sebastian/ros2_ws/src/install/my_package:/home/sebastian/ros2_ws/src/install/motor_control:/home/sebastian/ros2_ws/src/install/mobile_robotics:/home/sebastian/ros2_ws/src/install/minic3:/home/sebastian/ros2_ws/src/install/joints_act:/home/sebastian/ros2_ws/src/install/basic_comms:/opt/ros/humble /usr/bin/cmake /home/sebastian/Juanma/SLAM_Puzzlebot_Orbitrons/puzzlebot_ws/src/puzzlebot_ros2/puzzlebot_navigation -DCMAKE_INSTALL_PREFIX=/home/sebastian/Juanma/SLAM_Puzzlebot_Orbitrons/puzzlebot_ws/install/puzzlebot_navigation
[3.739s] DEBUG:colcon.colcon_core.event_handler.log_command:Invoked command in '/home/sebastian/Juanma/SLAM_Puzzlebot_Orbitrons/puzzlebot_ws/build/puzzlebot_navigation' returned '0': AMENT_PREFIX_PATH=/home/sebastian/Juanma/SLAM_Puzzlebot_Orbitrons/puzzlebot_ws/install/puzzlebot_gazebo:/home/sebastian/Juanma/SLAM_Puzzlebot_Orbitrons/puzzlebot_ws/install/puzzlebot_description:${AMENT_PREFIX_PATH} CMAKE_PREFIX_PATH=/home/sebastian/Juanma/SLAM_Puzzlebot_Orbitrons/puzzlebot_ws/install/puzzlebot_gazebo:/home/sebastian/Juanma/SLAM_Puzzlebot_Orbitrons/puzzlebot_ws/install/puzzlebot_description:/home/sebastian/Juanma/SLAM_Puzzlebot_Orbitrons/install/puzzlebot_navigation2:/home/sebastian/Juanma/SLAM_Puzzlebot_Orbitrons/install/puzzlebot_navigation:/home/sebastian/Juanma/SLAM_Puzzlebot_Orbitrons/install/puzzlebot_gazebo:/home/sebastian/Juanma/SLAM_Puzzlebot_Orbitrons/install/puzzlebot_description:/home/sebastian/dev_ws/install/xarm_planner:/home/sebastian/dev_ws/install/xarm_moveit_servo:/home/sebastian/dev_ws/install/xarm_moveit_config:/home/sebastian/dev_ws/install/xarm_gazebo:/home/sebastian/dev_ws/install/xarm_controller:/home/sebastian/dev_ws/install/d435i_xarm_setup:/home/sebastian/dev_ws/install/xarm_api:/home/sebastian/dev_ws/install/xarm_sdk:/home/sebastian/dev_ws/install/xarm_description:/home/sebastian/dev_ws/install/realsense_gazebo_plugin:/home/sebastian/dev_ws/install/mbot_demo:/home/sebastian/ros2_ws/install/tf_examples:/home/sebastian/ros2_ws/install/puzzlebot_sim:/home/sebastian/ros2_ws/install/puzzlebot_gazebo:/home/sebastian/ros2_ws/install/puzzlebot_description:/home/sebastian/ros2_ws/install/my_package:/home/sebastian/ros2_ws/install/motor_control:/home/sebastian/ros2_ws/install/mobile_robotics:/home/sebastian/ros2_ws/install/joints_act:/home/sebastian/ros2_ws/install/basic_comms:/home/sebastian/dev_ws/install/visual_cobot:/home/sebastian/dev_ws/install/xarm_msgs:/home/sebastian/dev_ws/install/ulite6_move:/home/sebastian/dev_ws/install/uf_ros_lib:/home/sebastian/ros2_ws/src/my_package/install/my_package:/home/sebastian/ros2_ws/src/install/tf_examples:/home/sebastian/ros2_ws/src/install/puzzlebot_sim:/home/sebastian/ros2_ws/src/install/puzzlebot_gazebo:/home/sebastian/ros2_ws/src/install/puzzlebot_description:/home/sebastian/ros2_ws/src/install/my_package:/home/sebastian/ros2_ws/src/install/motor_control:/home/sebastian/ros2_ws/src/install/mobile_robotics:/home/sebastian/ros2_ws/src/install/minic3:/home/sebastian/ros2_ws/src/install/joints_act:/home/sebastian/ros2_ws/src/install/basic_comms:/opt/ros/humble /usr/bin/cmake /home/sebastian/Juanma/SLAM_Puzzlebot_Orbitrons/puzzlebot_ws/src/puzzlebot_ros2/puzzlebot_navigation -DCMAKE_INSTALL_PREFIX=/home/sebastian/Juanma/SLAM_Puzzlebot_Orbitrons/puzzlebot_ws/install/puzzlebot_navigation
[3.742s] DEBUG:colcon.colcon_core.event_handler.log_command:Invoking command in '/home/sebastian/Juanma/SLAM_Puzzlebot_Orbitrons/puzzlebot_ws/build/puzzlebot_navigation': AMENT_PREFIX_PATH=/home/sebastian/Juanma/SLAM_Puzzlebot_Orbitrons/puzzlebot_ws/install/puzzlebot_gazebo:/home/sebastian/Juanma/SLAM_Puzzlebot_Orbitrons/puzzlebot_ws/install/puzzlebot_description:${AMENT_PREFIX_PATH} CMAKE_PREFIX_PATH=/home/sebastian/Juanma/SLAM_Puzzlebot_Orbitrons/puzzlebot_ws/install/puzzlebot_gazebo:/home/sebastian/Juanma/SLAM_Puzzlebot_Orbitrons/puzzlebot_ws/install/puzzlebot_description:/home/sebastian/Juanma/SLAM_Puzzlebot_Orbitrons/install/puzzlebot_navigation2:/home/sebastian/Juanma/SLAM_Puzzlebot_Orbitrons/install/puzzlebot_navigation:/home/sebastian/Juanma/SLAM_Puzzlebot_Orbitrons/install/puzzlebot_gazebo:/home/sebastian/Juanma/SLAM_Puzzlebot_Orbitrons/install/puzzlebot_description:/home/sebastian/dev_ws/install/xarm_planner:/home/sebastian/dev_ws/install/xarm_moveit_servo:/home/sebastian/dev_ws/install/xarm_moveit_config:/home/sebastian/dev_ws/install/xarm_gazebo:/home/sebastian/dev_ws/install/xarm_controller:/home/sebastian/dev_ws/install/d435i_xarm_setup:/home/sebastian/dev_ws/install/xarm_api:/home/sebastian/dev_ws/install/xarm_sdk:/home/sebastian/dev_ws/install/xarm_description:/home/sebastian/dev_ws/install/realsense_gazebo_plugin:/home/sebastian/dev_ws/install/mbot_demo:/home/sebastian/ros2_ws/install/tf_examples:/home/sebastian/ros2_ws/install/puzzlebot_sim:/home/sebastian/ros2_ws/install/puzzlebot_gazebo:/home/sebastian/ros2_ws/install/puzzlebot_description:/home/sebastian/ros2_ws/install/my_package:/home/sebastian/ros2_ws/install/motor_control:/home/sebastian/ros2_ws/install/mobile_robotics:/home/sebastian/ros2_ws/install/joints_act:/home/sebastian/ros2_ws/install/basic_comms:/home/sebastian/dev_ws/install/visual_cobot:/home/sebastian/dev_ws/install/xarm_msgs:/home/sebastian/dev_ws/install/ulite6_move:/home/sebastian/dev_ws/install/uf_ros_lib:/home/sebastian/ros2_ws/src/my_package/install/my_package:/home/sebastian/ros2_ws/src/install/tf_examples:/home/sebastian/ros2_ws/src/install/puzzlebot_sim:/home/sebastian/ros2_ws/src/install/puzzlebot_gazebo:/home/sebastian/ros2_ws/src/install/puzzlebot_description:/home/sebastian/ros2_ws/src/install/my_package:/home/sebastian/ros2_ws/src/install/motor_control:/home/sebastian/ros2_ws/src/install/mobile_robotics:/home/sebastian/ros2_ws/src/install/minic3:/home/sebastian/ros2_ws/src/install/joints_act:/home/sebastian/ros2_ws/src/install/basic_comms:/opt/ros/humble /usr/bin/cmake --build /home/sebastian/Juanma/SLAM_Puzzlebot_Orbitrons/puzzlebot_ws/build/puzzlebot_navigation -- -j6 -l6
[3.804s] DEBUG:colcon.colcon_core.event_handler.log_command:Invoked command in '/home/sebastian/Juanma/SLAM_Puzzlebot_Orbitrons/puzzlebot_ws/build/puzzlebot_navigation' returned '0': AMENT_PREFIX_PATH=/home/sebastian/Juanma/SLAM_Puzzlebot_Orbitrons/puzzlebot_ws/install/puzzlebot_gazebo:/home/sebastian/Juanma/SLAM_Puzzlebot_Orbitrons/puzzlebot_ws/install/puzzlebot_description:${AMENT_PREFIX_PATH} CMAKE_PREFIX_PATH=/home/sebastian/Juanma/SLAM_Puzzlebot_Orbitrons/puzzlebot_ws/install/puzzlebot_gazebo:/home/sebastian/Juanma/SLAM_Puzzlebot_Orbitrons/puzzlebot_ws/install/puzzlebot_description:/home/sebastian/Juanma/SLAM_Puzzlebot_Orbitrons/install/puzzlebot_navigation2:/home/sebastian/Juanma/SLAM_Puzzlebot_Orbitrons/install/puzzlebot_navigation:/home/sebastian/Juanma/SLAM_Puzzlebot_Orbitrons/install/puzzlebot_gazebo:/home/sebastian/Juanma/SLAM_Puzzlebot_Orbitrons/install/puzzlebot_description:/home/sebastian/dev_ws/install/xarm_planner:/home/sebastian/dev_ws/install/xarm_moveit_servo:/home/sebastian/dev_ws/install/xarm_moveit_config:/home/sebastian/dev_ws/install/xarm_gazebo:/home/sebastian/dev_ws/install/xarm_controller:/home/sebastian/dev_ws/install/d435i_xarm_setup:/home/sebastian/dev_ws/install/xarm_api:/home/sebastian/dev_ws/install/xarm_sdk:/home/sebastian/dev_ws/install/xarm_description:/home/sebastian/dev_ws/install/realsense_gazebo_plugin:/home/sebastian/dev_ws/install/mbot_demo:/home/sebastian/ros2_ws/install/tf_examples:/home/sebastian/ros2_ws/install/puzzlebot_sim:/home/sebastian/ros2_ws/install/puzzlebot_gazebo:/home/sebastian/ros2_ws/install/puzzlebot_description:/home/sebastian/ros2_ws/install/my_package:/home/sebastian/ros2_ws/install/motor_control:/home/sebastian/ros2_ws/install/mobile_robotics:/home/sebastian/ros2_ws/install/joints_act:/home/sebastian/ros2_ws/install/basic_comms:/home/sebastian/dev_ws/install/visual_cobot:/home/sebastian/dev_ws/install/xarm_msgs:/home/sebastian/dev_ws/install/ulite6_move:/home/sebastian/dev_ws/install/uf_ros_lib:/home/sebastian/ros2_ws/src/my_package/install/my_package:/home/sebastian/ros2_ws/src/install/tf_examples:/home/sebastian/ros2_ws/src/install/puzzlebot_sim:/home/sebastian/ros2_ws/src/install/puzzlebot_gazebo:/home/sebastian/ros2_ws/src/install/puzzlebot_description:/home/sebastian/ros2_ws/src/install/my_package:/home/sebastian/ros2_ws/src/install/motor_control:/home/sebastian/ros2_ws/src/install/mobile_robotics:/home/sebastian/ros2_ws/src/install/minic3:/home/sebastian/ros2_ws/src/install/joints_act:/home/sebastian/ros2_ws/src/install/basic_comms:/opt/ros/humble /usr/bin/cmake --build /home/sebastian/Juanma/SLAM_Puzzlebot_Orbitrons/puzzlebot_ws/build/puzzlebot_navigation -- -j6 -l6
[3.808s] DEBUG:colcon.colcon_core.event_handler.log_command:Invoking command in '/home/sebastian/Juanma/SLAM_Puzzlebot_Orbitrons/puzzlebot_ws/build/puzzlebot_navigation': AMENT_PREFIX_PATH=/home/sebastian/Juanma/SLAM_Puzzlebot_Orbitrons/puzzlebot_ws/install/puzzlebot_gazebo:/home/sebastian/Juanma/SLAM_Puzzlebot_Orbitrons/puzzlebot_ws/install/puzzlebot_description:${AMENT_PREFIX_PATH} CMAKE_PREFIX_PATH=/home/sebastian/Juanma/SLAM_Puzzlebot_Orbitrons/puzzlebot_ws/install/puzzlebot_gazebo:/home/sebastian/Juanma/SLAM_Puzzlebot_Orbitrons/puzzlebot_ws/install/puzzlebot_description:/home/sebastian/Juanma/SLAM_Puzzlebot_Orbitrons/install/puzzlebot_navigation2:/home/sebastian/Juanma/SLAM_Puzzlebot_Orbitrons/install/puzzlebot_navigation:/home/sebastian/Juanma/SLAM_Puzzlebot_Orbitrons/install/puzzlebot_gazebo:/home/sebastian/Juanma/SLAM_Puzzlebot_Orbitrons/install/puzzlebot_description:/home/sebastian/dev_ws/install/xarm_planner:/home/sebastian/dev_ws/install/xarm_moveit_servo:/home/sebastian/dev_ws/install/xarm_moveit_config:/home/sebastian/dev_ws/install/xarm_gazebo:/home/sebastian/dev_ws/install/xarm_controller:/home/sebastian/dev_ws/install/d435i_xarm_setup:/home/sebastian/dev_ws/install/xarm_api:/home/sebastian/dev_ws/install/xarm_sdk:/home/sebastian/dev_ws/install/xarm_description:/home/sebastian/dev_ws/install/realsense_gazebo_plugin:/home/sebastian/dev_ws/install/mbot_demo:/home/sebastian/ros2_ws/install/tf_examples:/home/sebastian/ros2_ws/install/puzzlebot_sim:/home/sebastian/ros2_ws/install/puzzlebot_gazebo:/home/sebastian/ros2_ws/install/puzzlebot_description:/home/sebastian/ros2_ws/install/my_package:/home/sebastian/ros2_ws/install/motor_control:/home/sebastian/ros2_ws/install/mobile_robotics:/home/sebastian/ros2_ws/install/joints_act:/home/sebastian/ros2_ws/install/basic_comms:/home/sebastian/dev_ws/install/visual_cobot:/home/sebastian/dev_ws/install/xarm_msgs:/home/sebastian/dev_ws/install/ulite6_move:/home/sebastian/dev_ws/install/uf_ros_lib:/home/sebastian/ros2_ws/src/my_package/install/my_package:/home/sebastian/ros2_ws/src/install/tf_examples:/home/sebastian/ros2_ws/src/install/puzzlebot_sim:/home/sebastian/ros2_ws/src/install/puzzlebot_gazebo:/home/sebastian/ros2_ws/src/install/puzzlebot_description:/home/sebastian/ros2_ws/src/install/my_package:/home/sebastian/ros2_ws/src/install/motor_control:/home/sebastian/ros2_ws/src/install/mobile_robotics:/home/sebastian/ros2_ws/src/install/minic3:/home/sebastian/ros2_ws/src/install/joints_act:/home/sebastian/ros2_ws/src/install/basic_comms:/opt/ros/humble /usr/bin/cmake --install /home/sebastian/Juanma/SLAM_Puzzlebot_Orbitrons/puzzlebot_ws/build/puzzlebot_navigation
[3.839s] Level 1:colcon.colcon_core.environment:create_environment_scripts_only(puzzlebot_navigation)
[3.840s] Level 1:colcon.colcon_core.environment:checking '/home/sebastian/Juanma/SLAM_Puzzlebot_Orbitrons/puzzlebot_ws/install/puzzlebot_navigation' for CMake module files
[3.840s] DEBUG:colcon.colcon_core.event_handler.log_command:Invoked command in '/home/sebastian/Juanma/SLAM_Puzzlebot_Orbitrons/puzzlebot_ws/build/puzzlebot_navigation' returned '0': AMENT_PREFIX_PATH=/home/sebastian/Juanma/SLAM_Puzzlebot_Orbitrons/puzzlebot_ws/install/puzzlebot_gazebo:/home/sebastian/Juanma/SLAM_Puzzlebot_Orbitrons/puzzlebot_ws/install/puzzlebot_description:${AMENT_PREFIX_PATH} CMAKE_PREFIX_PATH=/home/sebastian/Juanma/SLAM_Puzzlebot_Orbitrons/puzzlebot_ws/install/puzzlebot_gazebo:/home/sebastian/Juanma/SLAM_Puzzlebot_Orbitrons/puzzlebot_ws/install/puzzlebot_description:/home/sebastian/Juanma/SLAM_Puzzlebot_Orbitrons/install/puzzlebot_navigation2:/home/sebastian/Juanma/SLAM_Puzzlebot_Orbitrons/install/puzzlebot_navigation:/home/sebastian/Juanma/SLAM_Puzzlebot_Orbitrons/install/puzzlebot_gazebo:/home/sebastian/Juanma/SLAM_Puzzlebot_Orbitrons/install/puzzlebot_description:/home/sebastian/dev_ws/install/xarm_planner:/home/sebastian/dev_ws/install/xarm_moveit_servo:/home/sebastian/dev_ws/install/xarm_moveit_config:/home/sebastian/dev_ws/install/xarm_gazebo:/home/sebastian/dev_ws/install/xarm_controller:/home/sebastian/dev_ws/install/d435i_xarm_setup:/home/sebastian/dev_ws/install/xarm_api:/home/sebastian/dev_ws/install/xarm_sdk:/home/sebastian/dev_ws/install/xarm_description:/home/sebastian/dev_ws/install/realsense_gazebo_plugin:/home/sebastian/dev_ws/install/mbot_demo:/home/sebastian/ros2_ws/install/tf_examples:/home/sebastian/ros2_ws/install/puzzlebot_sim:/home/sebastian/ros2_ws/install/puzzlebot_gazebo:/home/sebastian/ros2_ws/install/puzzlebot_description:/home/sebastian/ros2_ws/install/my_package:/home/sebastian/ros2_ws/install/motor_control:/home/sebastian/ros2_ws/install/mobile_robotics:/home/sebastian/ros2_ws/install/joints_act:/home/sebastian/ros2_ws/install/basic_comms:/home/sebastian/dev_ws/install/visual_cobot:/home/sebastian/dev_ws/install/xarm_msgs:/home/sebastian/dev_ws/install/ulite6_move:/home/sebastian/dev_ws/install/uf_ros_lib:/home/sebastian/ros2_ws/src/my_package/install/my_package:/home/sebastian/ros2_ws/src/install/tf_examples:/home/sebastian/ros2_ws/src/install/puzzlebot_sim:/home/sebastian/ros2_ws/src/install/puzzlebot_gazebo:/home/sebastian/ros2_ws/src/install/puzzlebot_description:/home/sebastian/ros2_ws/src/install/my_package:/home/sebastian/ros2_ws/src/install/motor_control:/home/sebastian/ros2_ws/src/install/mobile_robotics:/home/sebastian/ros2_ws/src/install/minic3:/home/sebastian/ros2_ws/src/install/joints_act:/home/sebastian/ros2_ws/src/install/basic_comms:/opt/ros/humble /usr/bin/cmake --install /home/sebastian/Juanma/SLAM_Puzzlebot_Orbitrons/puzzlebot_ws/build/puzzlebot_navigation
[3.841s] Level 1:colcon.colcon_core.environment:checking '/home/sebastian/Juanma/SLAM_Puzzlebot_Orbitrons/puzzlebot_ws/install/puzzlebot_navigation' for CMake config files
[3.841s] Level 1:colcon.colcon_core.environment:checking '/home/sebastian/Juanma/SLAM_Puzzlebot_Orbitrons/puzzlebot_ws/install/puzzlebot_navigation/bin'
[3.841s] Level 1:colcon.colcon_core.environment:checking '/home/sebastian/Juanma/SLAM_Puzzlebot_Orbitrons/puzzlebot_ws/install/puzzlebot_navigation/lib/pkgconfig/puzzlebot_navigation.pc'
[3.842s] Level 1:colcon.colcon_core.environment:checking '/home/sebastian/Juanma/SLAM_Puzzlebot_Orbitrons/puzzlebot_ws/install/puzzlebot_navigation/lib/python3.10/site-packages'
[3.842s] Level 1:colcon.colcon_core.environment:checking '/home/sebastian/Juanma/SLAM_Puzzlebot_Orbitrons/puzzlebot_ws/install/puzzlebot_navigation/bin'
[3.842s] INFO:colcon.colcon_core.shell:Creating package script '/home/sebastian/Juanma/SLAM_Puzzlebot_Orbitrons/puzzlebot_ws/install/puzzlebot_navigation/share/puzzlebot_navigation/package.ps1'
[3.843s] INFO:colcon.colcon_core.shell:Creating package descriptor '/home/sebastian/Juanma/SLAM_Puzzlebot_Orbitrons/puzzlebot_ws/install/puzzlebot_navigation/share/puzzlebot_navigation/package.dsv'
[3.843s] INFO:colcon.colcon_core.shell:Creating package script '/home/sebastian/Juanma/SLAM_Puzzlebot_Orbitrons/puzzlebot_ws/install/puzzlebot_navigation/share/puzzlebot_navigation/package.sh'
[3.843s] INFO:colcon.colcon_core.shell:Creating package script '/home/sebastian/Juanma/SLAM_Puzzlebot_Orbitrons/puzzlebot_ws/install/puzzlebot_navigation/share/puzzlebot_navigation/package.bash'
[3.844s] INFO:colcon.colcon_core.shell:Creating package script '/home/sebastian/Juanma/SLAM_Puzzlebot_Orbitrons/puzzlebot_ws/install/puzzlebot_navigation/share/puzzlebot_navigation/package.zsh'
[3.845s] Level 1:colcon.colcon_core.environment:create_file_with_runtime_dependencies(/home/sebastian/Juanma/SLAM_Puzzlebot_Orbitrons/puzzlebot_ws/install/puzzlebot_navigation/share/colcon-core/packages/puzzlebot_navigation)
[3.845s] Level 1:colcon.colcon_core.environment:create_environment_scripts_only(puzzlebot_navigation)
[3.846s] Level 1:colcon.colcon_core.environment:checking '/home/sebastian/Juanma/SLAM_Puzzlebot_Orbitrons/puzzlebot_ws/install/puzzlebot_navigation' for CMake module files
[3.846s] Level 1:colcon.colcon_core.environment:checking '/home/sebastian/Juanma/SLAM_Puzzlebot_Orbitrons/puzzlebot_ws/install/puzzlebot_navigation' for CMake config files
[3.846s] Level 1:colcon.colcon_core.environment:checking '/home/sebastian/Juanma/SLAM_Puzzlebot_Orbitrons/puzzlebot_ws/install/puzzlebot_navigation/bin'
[3.847s] Level 1:colcon.colcon_core.environment:checking '/home/sebastian/Juanma/SLAM_Puzzlebot_Orbitrons/puzzlebot_ws/install/puzzlebot_navigation/lib/pkgconfig/puzzlebot_navigation.pc'
[3.847s] Level 1:colcon.colcon_core.environment:checking '/home/sebastian/Juanma/SLAM_Puzzlebot_Orbitrons/puzzlebot_ws/install/puzzlebot_navigation/lib/python3.10/site-packages'
[3.847s] Level 1:colcon.colcon_core.environment:checking '/home/sebastian/Juanma/SLAM_Puzzlebot_Orbitrons/puzzlebot_ws/install/puzzlebot_navigation/bin'
[3.847s] INFO:colcon.colcon_core.shell:Creating package script '/home/sebastian/Juanma/SLAM_Puzzlebot_Orbitrons/puzzlebot_ws/install/puzzlebot_navigation/share/puzzlebot_navigation/package.ps1'
[3.848s] INFO:colcon.colcon_core.shell:Creating package descriptor '/home/sebastian/Juanma/SLAM_Puzzlebot_Orbitrons/puzzlebot_ws/install/puzzlebot_navigation/share/puzzlebot_navigation/package.dsv'
[3.849s] INFO:colcon.colcon_core.shell:Creating package script '/home/sebastian/Juanma/SLAM_Puzzlebot_Orbitrons/puzzlebot_ws/install/puzzlebot_navigation/share/puzzlebot_navigation/package.sh'
[3.850s] INFO:colcon.colcon_core.shell:Creating package script '/home/sebastian/Juanma/SLAM_Puzzlebot_Orbitrons/puzzlebot_ws/install/puzzlebot_navigation/share/puzzlebot_navigation/package.bash'
[3.851s] INFO:colcon.colcon_core.shell:Creating package script '/home/sebastian/Juanma/SLAM_Puzzlebot_Orbitrons/puzzlebot_ws/install/puzzlebot_navigation/share/puzzlebot_navigation/package.zsh'
[3.851s] Level 1:colcon.colcon_core.environment:create_file_with_runtime_dependencies(/home/sebastian/Juanma/SLAM_Puzzlebot_Orbitrons/puzzlebot_ws/install/puzzlebot_navigation/share/colcon-core/packages/puzzlebot_navigation)
[3.852s] DEBUG:colcon.colcon_parallel_executor.executor.parallel:closing loop
[3.852s] DEBUG:colcon.colcon_parallel_executor.executor.parallel:loop closed
[3.852s] DEBUG:colcon.colcon_parallel_executor.executor.parallel:run_until_complete finished with '0'
[3.852s] DEBUG:colcon.colcon_core.event_reactor:joining thread
[3.860s] INFO:colcon.colcon_core.plugin_system:Skipping extension 'colcon_notification.desktop_notification.terminal_notifier': Not used on non-Darwin systems
[3.860s] INFO:colcon.colcon_core.plugin_system:Skipping extension 'colcon_notification.desktop_notification.win32': Not used on non-Windows systems
[3.860s] INFO:colcon.colcon_notification.desktop_notification:Sending desktop notification using 'notify2'
[3.883s] DEBUG:colcon.colcon_core.event_reactor:joined thread
[3.884s] INFO:colcon.colcon_core.shell:Creating prefix script '/home/sebastian/Juanma/SLAM_Puzzlebot_Orbitrons/puzzlebot_ws/install/local_setup.ps1'
[3.885s] INFO:colcon.colcon_core.shell:Creating prefix util module '/home/sebastian/Juanma/SLAM_Puzzlebot_Orbitrons/puzzlebot_ws/install/_local_setup_util_ps1.py'
[3.887s] INFO:colcon.colcon_core.shell:Creating prefix chain script '/home/sebastian/Juanma/SLAM_Puzzlebot_Orbitrons/puzzlebot_ws/install/setup.ps1'
[3.890s] INFO:colcon.colcon_core.shell:Creating prefix script '/home/sebastian/Juanma/SLAM_Puzzlebot_Orbitrons/puzzlebot_ws/install/local_setup.sh'
[3.891s] INFO:colcon.colcon_core.shell:Creating prefix util module '/home/sebastian/Juanma/SLAM_Puzzlebot_Orbitrons/puzzlebot_ws/install/_local_setup_util_sh.py'
[3.892s] INFO:colcon.colcon_core.shell:Creating prefix chain script '/home/sebastian/Juanma/SLAM_Puzzlebot_Orbitrons/puzzlebot_ws/install/setup.sh'
[3.895s] INFO:colcon.colcon_core.shell:Creating prefix script '/home/sebastian/Juanma/SLAM_Puzzlebot_Orbitrons/puzzlebot_ws/install/local_setup.bash'
[3.897s] INFO:colcon.colcon_core.shell:Creating prefix chain script '/home/sebastian/Juanma/SLAM_Puzzlebot_Orbitrons/puzzlebot_ws/install/setup.bash'
[3.900s] INFO:colcon.colcon_core.shell:Creating prefix script '/home/sebastian/Juanma/SLAM_Puzzlebot_Orbitrons/puzzlebot_ws/install/local_setup.zsh'
[3.901s] INFO:colcon.colcon_core.shell:Creating prefix chain script '/home/sebastian/Juanma/SLAM_Puzzlebot_Orbitrons/puzzlebot_ws/install/setup.zsh'
